******************************************************************************
            TI ARM Clang Linker PC v4.0.3                      
******************************************************************************
>> Linked Sun Dec 14 20:48:14 2025

OUTPUT FILE NAME:   <huidu_yjian.out>
ENTRY POINT SYMBOL: "_c_int00_noargs"  address: 00001365


MEMORY CONFIGURATION

         name            origin    length      used     unused   attr    fill
----------------------  --------  ---------  --------  --------  ----  --------
  FLASH                 00000000   00020000  00001700  0001e900  R  X
  SRAM                  20200000   00008000  00000bac  00007454  RW X
  BCR_CONFIG            41c00000   000000ff  00000000  000000ff  R   
  BSL_CONFIG            41c00100   00000080  00000000  00000080  R   


SEGMENT ALLOCATION MAP

run origin  load origin   length   init length attrs members
----------  ----------- ---------- ----------- ----- -------
00000000    00000000    00001700   00001700    r-x
  00000000    00000000    000000c0   000000c0    r-- .intvecs
  000000c0    000000c0    00001470   00001470    r-x .text
  00001530    00001530    00000180   00000180    r-- .rodata
  000016b0    000016b0    00000050   00000050    r-- .cinit
20200000    20200000    000009ac   00000000    rw-
  20200000    20200000    000008ac   00000000    rw- .bss
  202008ac    202008ac    00000100   00000000    rw- .data
20207e00    20207e00    00000200   00000000    rw-
  20207e00    20207e00    00000200   00000000    rw- .stack


SECTION ALLOCATION MAP

 output                                  attributes/
section   page    origin      length       input sections
--------  ----  ----------  ----------   ----------------
.intvecs   0    00000000    000000c0     
                  00000000    000000c0     startup_mspm0g350x_ticlang.o (.intvecs)

.text      0    000000c0    00001470     
                  000000c0    00000868     libc.a : _printfi.c.obj (.text:__TI_printfi_nofloat)
                  00000928    00000198     data_process.o (.text.process_avg_and_restart_timer)
                  00000ac0    000000e8     driverlib.a : dl_timer.o (.text.DL_Timer_initTimerMode)
                  00000ba8    000000c0     ti_msp_dl_config.o (.text.SYSCFG_DL_ADC12_0_init)
                  00000c68    000000a2     libclang_rt.builtins.a : udivmoddi4.S.obj (.text)
                  00000d0a    0000009a     libc.a : memcpy16.S.obj (.text:memcpy)
                  00000da4    00000094     empty.o (.text.main)
                  00000e38    0000007c     libc.a : copy_decompress_lzss.c.obj (.text:decompress:lzss)
                  00000eb4    0000006c     ti_msp_dl_config.o (.text.SYSCFG_DL_UART_0_init)
                  00000f20    00000062     libc.a : memset16.S.obj (.text:memset)
                  00000f82    00000002     startup_mspm0g350x_ticlang.o (.text.Default_Handler)
                  00000f84    0000005c     ti_msp_dl_config.o (.text.SYSCFG_DL_GPIO_init)
                  00000fe0    0000005c     libc.a : printf.c.obj (.text.printf)
                  0000103c    0000004c     driverlib.a : dl_dma.o (.text.DL_DMA_initChannel)
                  00001088    00000048                 : dl_uart.o (.text.DL_UART_init)
                  000010d0    00000048     ti_msp_dl_config.o (.text.SYSCFG_DL_initPower)
                  00001118    00000040     driverlib.a : dl_adc12.o (.text.DL_ADC12_setClockConfig)
                  00001158    00000040     ti_msp_dl_config.o (.text.SYSCFG_DL_SYSCTL_init)
                  00001198    00000040     ti_msp_dl_config.o (.text.SYSCFG_DL_TIMER_0_init)
                  000011d8    00000040     libclang_rt.builtins.a : aeabi_uidivmod.S.obj (.text.__aeabi_uidivmod)
                  00001218    00000040     libc.a : atoi.c.obj (.text.atoi)
                  00001258    00000040     UART.o (.text.fputs)
                  00001298    0000003c     libc.a : autoinit.c.obj (.text:__TI_auto_init_nobinit_nopinit)
                  000012d4    0000003a     libclang_rt.builtins.a : muldsi3.S.obj (.text.__muldsi3)
                  0000130e    00000002                            : aeabi_div0.c.obj (.text.__aeabi_idiv0)
                  00001310    0000002c     ti_msp_dl_config.o (.text.SYSCFG_DL_init)
                  0000133c    00000028     empty.o (.text.ADC0_IRQHandler)
                  00001364    00000028     libc.a : boot_cortex_m.c.obj (.text:_c_int00_noargs)
                  0000138c    00000024     ti_msp_dl_config.o (.text.SYSCFG_DL_DMA_CH0_init)
                  000013b0    00000024     libclang_rt.builtins.a : muldi3.S.obj (.text.__muldi3)
                  000013d4    00000022     libc.a : memccpy.c.obj (.text.memccpy)
                  000013f6    00000002     libclang_rt.builtins.a : aeabi_div0.c.obj (.text.__aeabi_ldiv0)
                  000013f8    00000020     driverlib.a : dl_uart.o (.text.DL_UART_transmitDataBlocking)
                  00001418    0000001e     libclang_rt.builtins.a : ashldi3.S.obj (.text.__ashldi3)
                  00001436    00000002     libc.a : _lock.c.obj (.text._nop)
                  00001438    0000001c     driverlib.a : dl_timer.o (.text.DL_Timer_setClockConfig)
                  00001454    00000014     libclang_rt.builtins.a : aeabi_uldivmod.S.obj (.text.__aeabi_uldivmod)
                  00001468    00000014     UART.o (.text.fputc)
                  0000147c    00000012     driverlib.a : dl_uart.o (.text.DL_UART_setClockConfig)
                  0000148e    00000012     libc.a : copy_decompress_none.c.obj (.text:decompress:none)
                  000014a0    00000010            : wcslen.c.obj (.text.wcslen)
                  000014b0    00000010            : copy_zero_init.c.obj (.text:decompress:ZI)
                  000014c0    0000000e     libclang_rt.builtins.a : aeabi_memset.S.obj (.text.__aeabi_memset)
                  000014ce    0000000e     libc.a : _printfi.c.obj (.text.strlen)
                  000014dc    0000000c     libclang_rt.builtins.a : aeabi_memset.S.obj (.text.__aeabi_memclr)
                  000014e8    0000000a     driverlib.a : dl_common.o (.text.DL_Common_delayCycles)
                  000014f2    00000008     ti_msp_dl_config.o (.text.SYSCFG_DL_DMA_init)
                  000014fa    00000002     --HOLE-- [fill = 0]
                  000014fc    00000008     libc.a : aeabi_portable.c.obj (.text.__aeabi_errno_addr)
                  00001504    00000008     libclang_rt.builtins.a : aeabi_memcpy.S.obj (.text.__aeabi_memcpy)
                  0000150c    00000008     libc.a : printf.c.obj (.text._outc)
                  00001514    00000008            : printf.c.obj (.text._outs)
                  0000151c    00000006            : exit.c.obj (.text:abort)
                  00001522    00000004     libsysbm.a : hostexit.c.obj (.text.HOSTexit)
                  00001526    00000004     startup_mspm0g350x_ticlang.o (.text.Reset_Handler)
                  0000152a    00000004     libc.a : pre_init.c.obj (.text._system_pre_init)
                  0000152e    00000002     --HOLE-- [fill = 0]

.cinit     0    000016b0    00000050     
                  000016b0    0000002c     (.cinit..data.load) [load image, compression = lzss]
                  000016dc    0000000c     (__TI_handler_table)
                  000016e8    00000008     (.cinit..bss.load) [load image, compression = zero_init]
                  000016f0    00000010     (__TI_cinit_table)

.rodata    0    00001530    00000180     
                  00001530    00000101     libc.a : aeabi_ctype.S.obj (.rodata:__aeabi_ctype_table_)
                  00001631    00000003     ti_msp_dl_config.o (.rodata.gTIMER_0ClockConfig)
                  00001634    00000018     ti_msp_dl_config.o (.rodata.gDMA_CH0Config)
                  0000164c    00000014     ti_msp_dl_config.o (.rodata.gTIMER_0TimerConfig)
                  00001660    00000011     libc.a : _printfi.c.obj (.rodata.str1.10348868589481759720.1)
                  00001671    00000011            : _printfi.c.obj (.rodata.str1.15363888844622738466.1)
                  00001682    00000010     data_process.o (.rodata.str1.6400394022080225838.1)
                  00001692    0000000a     ti_msp_dl_config.o (.rodata.gUART_0Config)
                  0000169c    00000008     ti_msp_dl_config.o (.rodata.gADC12_0ClockConfig)
                  000016a4    00000002     ti_msp_dl_config.o (.rodata.gUART_0ClockConfig)
                  000016a6    0000000a     --HOLE-- [fill = 0]

.init_array 
*          0    00000000    00000000     UNINITIALIZED

.binit     0    00000000    00000000     

.bss       0    20200000    000008ac     UNINITIALIZED
                  20200000    000007d0     (.common:gADCSamples)
                  202007d0    000000bc     (.common:gTIMER_0Backup)
                  2020088c    00000020     (.common:avg)

.data      0    202008ac    00000100     UNINITIALIZED
                  202008ac    000000f0     libc.a : defs.c.obj (.data._ftable)
                  2020099c    00000004            : aeabi_portable.c.obj (.data.__aeabi_errno)
                  202009a0    00000004            : _lock.c.obj (.data._lock)
                  202009a4    00000004            : _lock.c.obj (.data._unlock)
                  202009a8    00000004     empty.o (.data.flag)

.stack     0    20207e00    00000200     UNINITIALIZED
                  20207e00    00000004     libc.a : boot_cortex_m.c.obj (.stack)
                  20207e04    000001fc     --HOLE--

__llvm_prf_cnts 
*          0    20200000    00000000     UNINITIALIZED

__llvm_prf_bits 
*          0    20200000    00000000     UNINITIALIZED

MODULE SUMMARY

       Module                         code   ro data   rw data
       ------                         ----   -------   -------
    .\
       empty.o                        188    0         2036   
       ti_msp_dl_config.o             680    67        188    
       data_process.o                 408    16        0      
       startup_mspm0g350x_ticlang.o   6      192       0      
       UART.o                         84     0         0      
    +--+------------------------------+------+---------+---------+
       Total:                         1366   275       2224   
                                                              
    D:/MCU/CCS/mspm0_sdk_2_05_01_00/source/ti/driverlib/lib/ticlang/m0p/mspm0g1x0x_g3x0x/driverlib.a
       dl_timer.o                     260    0         0      
       dl_uart.o                      122    0         0      
       dl_dma.o                       76     0         0      
       dl_adc12.o                     64     0         0      
       dl_common.o                    10     0         0      
    +--+------------------------------+------+---------+---------+
       Total:                         532    0         0      
                                                              
    D:\MCU\CCS\ccs\tools\compiler\ti-cgt-armllvm_4.0.3.LTS\lib\armv6m-ti-none-eabi/c/libc.a
       _printfi.c.obj                 2166   34        0      
       aeabi_ctype.S.obj              0      257       0      
       defs.c.obj                     0      0         240    
       memcpy16.S.obj                 154    0         0      
       copy_decompress_lzss.c.obj     124    0         0      
       printf.c.obj                   108    0         0      
       memset16.S.obj                 98     0         0      
       atoi.c.obj                     64     0         0      
       autoinit.c.obj                 60     0         0      
       boot_cortex_m.c.obj            40     0         0      
       memccpy.c.obj                  34     0         0      
       copy_decompress_none.c.obj     18     0         0      
       copy_zero_init.c.obj           16     0         0      
       wcslen.c.obj                   16     0         0      
       aeabi_portable.c.obj           8      0         4      
       _lock.c.obj                    2      0         8      
       exit.c.obj                     6      0         0      
       pre_init.c.obj                 4      0         0      
    +--+------------------------------+------+---------+---------+
       Total:                         2918   291       252    
                                                              
    D:\MCU\CCS\ccs\tools\compiler\ti-cgt-armllvm_4.0.3.LTS\lib\armv6m-ti-none-eabi/c/libsysbm.a
       hostexit.c.obj                 4      0         0      
    +--+------------------------------+------+---------+---------+
       Total:                         4      0         0      
                                                              
    D:\MCU\CCS\ccs\tools\compiler\ti-cgt-armllvm_4.0.3.LTS\lib\armv6m-ti-none-eabi/libclang_rt.builtins.a
       udivmoddi4.S.obj               162    0         0      
       aeabi_uidivmod.S.obj           64     0         0      
       muldsi3.S.obj                  58     0         0      
       muldi3.S.obj                   36     0         0      
       ashldi3.S.obj                  30     0         0      
       aeabi_memset.S.obj             26     0         0      
       aeabi_uldivmod.S.obj           20     0         0      
       aeabi_memcpy.S.obj             8      0         0      
       aeabi_div0.c.obj               4      0         0      
    +--+------------------------------+------+---------+---------+
       Total:                         408    0         0      
                                                              
       Stack:                         0      0         512    
       Linker Generated:              0      80        0      
    +--+------------------------------+------+---------+---------+
       Grand Total:                   5228   646       2988   


LINKER GENERATED COPY TABLES

__TI_cinit_table @ 000016f0 records: 2, size/record: 8, table size: 16
	.data: load addr=000016b0, load size=0000002c bytes, run addr=202008ac, run size=00000100 bytes, compression=lzss
	.bss: load addr=000016e8, load size=00000008 bytes, run addr=20200000, run size=000008ac bytes, compression=zero_init


LINKER GENERATED HANDLER TABLE

__TI_handler_table @ 000016dc records: 3, size/record: 4, table size: 12
	index: 0, handler: __TI_decompress_lzss
	index: 1, handler: __TI_decompress_none
	index: 2, handler: __TI_zero_init


GLOBAL SYMBOLS: SORTED ALPHABETICALLY BY Name 

address   name                          
-------   ----                          
0000133d  ADC0_IRQHandler               
00000f83  ADC1_IRQHandler               
00000f83  AES_IRQHandler                
00001522  C$$EXIT                       
00000f83  CANFD0_IRQHandler             
00000f83  DAC0_IRQHandler               
00001119  DL_ADC12_setClockConfig       
000014e9  DL_Common_delayCycles         
0000103d  DL_DMA_initChannel            
00000ac1  DL_Timer_initTimerMode        
00001439  DL_Timer_setClockConfig       
00001089  DL_UART_init                  
0000147d  DL_UART_setClockConfig        
000013f9  DL_UART_transmitDataBlocking  
00000f83  DMA_IRQHandler                
00000f83  Default_Handler               
00000f83  GROUP0_IRQHandler             
00000f83  GROUP1_IRQHandler             
00001523  HOSTexit                      
00000f83  HardFault_Handler             
00000f83  I2C0_IRQHandler               
00000f83  I2C1_IRQHandler               
00000f83  NMI_Handler                   
00000f83  PendSV_Handler                
00000f83  RTC_IRQHandler                
00001527  Reset_Handler                 
00000f83  SPI0_IRQHandler               
00000f83  SPI1_IRQHandler               
00000f83  SVC_Handler                   
00000ba9  SYSCFG_DL_ADC12_0_init        
0000138d  SYSCFG_DL_DMA_CH0_init        
000014f3  SYSCFG_DL_DMA_init            
00000f85  SYSCFG_DL_GPIO_init           
00001159  SYSCFG_DL_SYSCTL_init         
00001199  SYSCFG_DL_TIMER_0_init        
00000eb5  SYSCFG_DL_UART_0_init         
00001311  SYSCFG_DL_init                
000010d1  SYSCFG_DL_initPower           
00000f83  SysTick_Handler               
00000f83  TIMA0_IRQHandler              
00000f83  TIMA1_IRQHandler              
00000f83  TIMG0_IRQHandler              
00000f83  TIMG12_IRQHandler             
00000f83  TIMG6_IRQHandler              
00000f83  TIMG7_IRQHandler              
00000f83  TIMG8_IRQHandler              
00000f83  UART0_IRQHandler              
00000f83  UART1_IRQHandler              
00000f83  UART2_IRQHandler              
00000f83  UART3_IRQHandler              
20208000  __STACK_END                   
00000200  __STACK_SIZE                  
00000000  __TI_ATRegion0_region_sz      
00000000  __TI_ATRegion0_src_addr       
00000000  __TI_ATRegion0_trg_addr       
00000000  __TI_ATRegion1_region_sz      
00000000  __TI_ATRegion1_src_addr       
00000000  __TI_ATRegion1_trg_addr       
00000000  __TI_ATRegion2_region_sz      
00000000  __TI_ATRegion2_src_addr       
00000000  __TI_ATRegion2_trg_addr       
000016f0  __TI_CINIT_Base               
00001700  __TI_CINIT_Limit              
00001700  __TI_CINIT_Warm               
000016dc  __TI_Handler_Table_Base       
000016e8  __TI_Handler_Table_Limit      
00001299  __TI_auto_init_nobinit_nopinit
00000e39  __TI_decompress_lzss          
0000148f  __TI_decompress_none          
ffffffff  __TI_pprof_out_hndl           
000000c1  __TI_printfi_nofloat          
ffffffff  __TI_prof_data_size           
ffffffff  __TI_prof_data_start          
00000000  __TI_static_base__            
000014b1  __TI_zero_init                
00001530  __aeabi_ctype_table_          
00001530  __aeabi_ctype_table_C         
2020099c  __aeabi_errno                 
000014fd  __aeabi_errno_addr            
0000130f  __aeabi_idiv0                 
000013f7  __aeabi_ldiv0                 
00001419  __aeabi_llsl                  
000013b1  __aeabi_lmul                  
000014dd  __aeabi_memclr                
000014dd  __aeabi_memclr4               
000014dd  __aeabi_memclr8               
00001505  __aeabi_memcpy                
00001505  __aeabi_memcpy4               
00001505  __aeabi_memcpy8               
000014c1  __aeabi_memset                
000014c1  __aeabi_memset4               
000014c1  __aeabi_memset8               
000011d9  __aeabi_uidiv                 
000011d9  __aeabi_uidivmod              
00001455  __aeabi_uldivmod              
00001419  __ashldi3                     
ffffffff  __binit__                     
UNDEFED   __mpu_init                    
000013b1  __muldi3                      
000012d5  __muldsi3                     
20207e00  __stack                       
20200000  __start___llvm_prf_bits       
20200000  __start___llvm_prf_cnts       
20200000  __stop___llvm_prf_bits        
20200000  __stop___llvm_prf_cnts        
00000c69  __udivmoddi4                  
00001365  _c_int00_noargs               
202008ac  _ftable                       
202009a0  _lock                         
00001437  _nop                          
UNDEFED   _system_post_cinit            
0000152b  _system_pre_init              
202009a4  _unlock                       
0000151d  abort                         
00001219  atoi                          
2020088c  avg                           
ffffffff  binit                         
202009a8  flag                          
00001469  fputc                         
00001259  fputs                         
20200000  gADCSamples                   
202007d0  gTIMER_0Backup                
00000000  interruptVectors              
00000da5  main                          
000013d5  memccpy                       
00000d0b  memcpy                        
00000f21  memset                        
00000fe1  printf                        
00000929  process_avg_and_restart_timer 
000014a1  wcslen                        


GLOBAL SYMBOLS: SORTED BY Symbol Address 

address   name                          
-------   ----                          
00000000  __TI_ATRegion0_region_sz      
00000000  __TI_ATRegion0_src_addr       
00000000  __TI_ATRegion0_trg_addr       
00000000  __TI_ATRegion1_region_sz      
00000000  __TI_ATRegion1_src_addr       
00000000  __TI_ATRegion1_trg_addr       
00000000  __TI_ATRegion2_region_sz      
00000000  __TI_ATRegion2_src_addr       
00000000  __TI_ATRegion2_trg_addr       
00000000  __TI_static_base__            
00000000  interruptVectors              
000000c1  __TI_printfi_nofloat          
00000200  __STACK_SIZE                  
00000929  process_avg_and_restart_timer 
00000ac1  DL_Timer_initTimerMode        
00000ba9  SYSCFG_DL_ADC12_0_init        
00000c69  __udivmoddi4                  
00000d0b  memcpy                        
00000da5  main                          
00000e39  __TI_decompress_lzss          
00000eb5  SYSCFG_DL_UART_0_init         
00000f21  memset                        
00000f83  ADC1_IRQHandler               
00000f83  AES_IRQHandler                
00000f83  CANFD0_IRQHandler             
00000f83  DAC0_IRQHandler               
00000f83  DMA_IRQHandler                
00000f83  Default_Handler               
00000f83  GROUP0_IRQHandler             
00000f83  GROUP1_IRQHandler             
00000f83  HardFault_Handler             
00000f83  I2C0_IRQHandler               
00000f83  I2C1_IRQHandler               
00000f83  NMI_Handler                   
00000f83  PendSV_Handler                
00000f83  RTC_IRQHandler                
00000f83  SPI0_IRQHandler               
00000f83  SPI1_IRQHandler               
00000f83  SVC_Handler                   
00000f83  SysTick_Handler               
00000f83  TIMA0_IRQHandler              
00000f83  TIMA1_IRQHandler              
00000f83  TIMG0_IRQHandler              
00000f83  TIMG12_IRQHandler             
00000f83  TIMG6_IRQHandler              
00000f83  TIMG7_IRQHandler              
00000f83  TIMG8_IRQHandler              
00000f83  UART0_IRQHandler              
00000f83  UART1_IRQHandler              
00000f83  UART2_IRQHandler              
00000f83  UART3_IRQHandler              
00000f85  SYSCFG_DL_GPIO_init           
00000fe1  printf                        
0000103d  DL_DMA_initChannel            
00001089  DL_UART_init                  
000010d1  SYSCFG_DL_initPower           
00001119  DL_ADC12_setClockConfig       
00001159  SYSCFG_DL_SYSCTL_init         
00001199  SYSCFG_DL_TIMER_0_init        
000011d9  __aeabi_uidiv                 
000011d9  __aeabi_uidivmod              
00001219  atoi                          
00001259  fputs                         
00001299  __TI_auto_init_nobinit_nopinit
000012d5  __muldsi3                     
0000130f  __aeabi_idiv0                 
00001311  SYSCFG_DL_init                
0000133d  ADC0_IRQHandler               
00001365  _c_int00_noargs               
0000138d  SYSCFG_DL_DMA_CH0_init        
000013b1  __aeabi_lmul                  
000013b1  __muldi3                      
000013d5  memccpy                       
000013f7  __aeabi_ldiv0                 
000013f9  DL_UART_transmitDataBlocking  
00001419  __aeabi_llsl                  
00001419  __ashldi3                     
00001437  _nop                          
00001439  DL_Timer_setClockConfig       
00001455  __aeabi_uldivmod              
00001469  fputc                         
0000147d  DL_UART_setClockConfig        
0000148f  __TI_decompress_none          
000014a1  wcslen                        
000014b1  __TI_zero_init                
000014c1  __aeabi_memset                
000014c1  __aeabi_memset4               
000014c1  __aeabi_memset8               
000014dd  __aeabi_memclr                
000014dd  __aeabi_memclr4               
000014dd  __aeabi_memclr8               
000014e9  DL_Common_delayCycles         
000014f3  SYSCFG_DL_DMA_init            
000014fd  __aeabi_errno_addr            
00001505  __aeabi_memcpy                
00001505  __aeabi_memcpy4               
00001505  __aeabi_memcpy8               
0000151d  abort                         
00001522  C$$EXIT                       
00001523  HOSTexit                      
00001527  Reset_Handler                 
0000152b  _system_pre_init              
00001530  __aeabi_ctype_table_          
00001530  __aeabi_ctype_table_C         
000016dc  __TI_Handler_Table_Base       
000016e8  __TI_Handler_Table_Limit      
000016f0  __TI_CINIT_Base               
00001700  __TI_CINIT_Limit              
00001700  __TI_CINIT_Warm               
20200000  __start___llvm_prf_bits       
20200000  __start___llvm_prf_cnts       
20200000  __stop___llvm_prf_bits        
20200000  __stop___llvm_prf_cnts        
20200000  gADCSamples                   
202007d0  gTIMER_0Backup                
2020088c  avg                           
202008ac  _ftable                       
2020099c  __aeabi_errno                 
202009a0  _lock                         
202009a4  _unlock                       
202009a8  flag                          
20207e00  __stack                       
20208000  __STACK_END                   
ffffffff  __TI_pprof_out_hndl           
ffffffff  __TI_prof_data_size           
ffffffff  __TI_prof_data_start          
ffffffff  __binit__                     
ffffffff  binit                         
UNDEFED   __mpu_init                    
UNDEFED   _system_post_cinit            

[130 symbols]
