******************************************************************************
            TI ARM Clang Linker PC v4.0.3                      
******************************************************************************
>> Linked Fri Dec 19 20:22:12 2025

OUTPUT FILE NAME:   <huidu_yjian.out>
ENTRY POINT SYMBOL: "_c_int00_noargs"  address: 0000257d


MEMORY CONFIGURATION

         name            origin    length      used     unused   attr    fill
----------------------  --------  ---------  --------  --------  ----  --------
  FLASH                 00000000   00020000  00002ba0  0001d460  R  X
  SRAM                  20200000   00008000  00000ddc  00007224  RW X
  BCR_CONFIG            41c00000   000000ff  00000000  000000ff  R   
  BSL_CONFIG            41c00100   00000080  00000000  00000080  R   


SEGMENT ALLOCATION MAP

run origin  load origin   length   init length attrs members
----------  ----------- ---------- ----------- ----- -------
00000000    00000000    00002ab0   00002ab0    r-x
  00000000    00000000    000000c0   000000c0    r-- .intvecs
  000000c0    000000c0    00002710   00002710    r-x .text
  000027d0    000027d0    000002e0   000002e0    r-- .rodata
00002b10    00002b10    00000090   00000090    r--
  00002b10    00002b10    00000080   00000080    r-- .cinit
  00002b90    00002b90    00000010   00000010    r-- .binit
20200000    20200000    00000b7c   00000000    rw-
  20200000    20200000    00000a08   00000000    rw- .bss
  20200a08    20200a08    00000174   00000000    rw- .data
20200b80    00002ab0    00000060   00000060    r-x
  20200b80    00002ab0    00000060   00000060    r-x .TI.ramfunc
20207e00    20207e00    00000200   00000000    rw-
  20207e00    20207e00    00000200   00000000    rw- .stack


SECTION ALLOCATION MAP

 output                                  attributes/
section   page    origin      length       input sections
--------  ----  ----------  ----------   ----------------
.intvecs   0    00000000    000000c0     
                  00000000    000000c0     startup_mspm0g350x_ticlang.o (.intvecs)

.text      0    000000c0    00002710     
                  000000c0    00000868     libc.a : _printfi.c.obj (.text:__TI_printfi_nofloat)
                  00000928    00000330     empty.o (.text.on_key_b1_event)
                  00000c58    00000300     empty.o (.text.main)
                  00000f58    000002ac     eeprom_emulation_type_b.o (.text.EEPROM_TypeB_transferDataItem)
                  00001204    00000284     LED.o (.text.LED_update)
                  00001488    00000148     data_process.o (.text.process_avg_and_restart_timer)
                  000015d0    00000114     key.o (.text.TIMA1_IRQHandler)
                  000016e4    00000110     eeprom_emulation_type_b.o (.text.EEPROM_TypeB_writeDataItem)
                  000017f4    00000100     eeprom_emulation_type_b.o (.text.EEPROM_TypeB_init)
                  000018f4    000000e8     driverlib.a : dl_timer.o (.text.DL_Timer_initTimerMode)
                  000019dc    000000d8                 : dl_flashctl.o (.text.DL_FlashCTL_unprotectSector)
                  00001ab4    000000c0     ti_msp_dl_config.o (.text.SYSCFG_DL_ADC12_0_init)
                  00001b74    000000a8     eeprom_emulation_type_b.o (.text.EEPROM_TypeB_eraseNonActiveGroups)
                  00001c1c    000000a2     libclang_rt.builtins.a : udivmoddi4.S.obj (.text)
                  00001cbe    00000002     startup_mspm0g350x_ticlang.o (.text.Default_Handler)
                  00001cc0    000000a0     eeprom_emulation_type_b.o (.text.EEPROM_TypeB_eraseGroup)
                  00001d60    0000009a     libc.a : memcpy16.S.obj (.text:memcpy)
                  00001dfa    00000002     libclang_rt.builtins.a : aeabi_div0.c.obj (.text.__aeabi_idiv0)
                  00001dfc    00000094     eeprom_emulation_type_b.o (.text.EEPROM_TypeB_eraseAllGroups)
                  00001e90    0000007c     libc.a : copy_decompress_lzss.c.obj (.text:decompress:lzss)
                  00001f0c    00000070     eeprom_emulation_type_b.o (.text.EEPROM_TypeB_readDataItem)
                  00001f7c    0000006c     ti_msp_dl_config.o (.text.SYSCFG_DL_UART_0_init)
                  00001fe8    00000062     libc.a : memset16.S.obj (.text:memset)
                  0000204a    00000002     libclang_rt.builtins.a : aeabi_div0.c.obj (.text.__aeabi_ldiv0)
                  0000204c    0000005c     libc.a : printf.c.obj (.text.printf)
                  000020a8    00000054     ti_msp_dl_config.o (.text.SYSCFG_DL_initPower)
                  000020fc    00000050     ti_msp_dl_config.o (.text.SYSCFG_DL_GPIO_init)
                  0000214c    0000004c     driverlib.a : dl_dma.o (.text.DL_DMA_initChannel)
                  00002198    0000004c     libc.a : cpy_tbl.c.obj (.text.copy_in)
                  000021e4    0000004c            : autoinit.c.obj (.text:__TI_auto_init_nopinit)
                  00002230    00000048     driverlib.a : dl_uart.o (.text.DL_UART_init)
                  00002278    00000048     UART.o (.text.puts)
                  000022c0    00000040     driverlib.a : dl_adc12.o (.text.DL_ADC12_setClockConfig)
                  00002300    00000040     eeprom_emulation_type_b.o (.text.EEPROM_TypeB_write)
                  00002340    00000040     ti_msp_dl_config.o (.text.SYSCFG_DL_SYSCTL_init)
                  00002380    00000040     ti_msp_dl_config.o (.text.SYSCFG_DL_TIMER_0_init)
                  000023c0    00000040     libclang_rt.builtins.a : aeabi_uidivmod.S.obj (.text.__aeabi_uidivmod)
                  00002400    00000040     libc.a : atoi.c.obj (.text.atoi)
                  00002440    00000040     UART.o (.text.fputs)
                  00002480    0000003a     libclang_rt.builtins.a : muldsi3.S.obj (.text.__muldsi3)
                  000024ba    00000002     libc.a : _lock.c.obj (.text._nop)
                  000024bc    00000038     ti_msp_dl_config.o (.text.SYSCFG_DL_KEY_TIMER_1_init)
                  000024f4    00000038     ti_msp_dl_config.o (.text.SYSCFG_DL_init)
                  0000252c    00000028     empty.o (.text.ADC0_IRQHandler)
                  00002554    00000028     driverlib.a : dl_flashctl.o (.text.DL_FlashCTL_programMemoryFromRAM64WithECCGenerated)
                  0000257c    00000028     libc.a : boot_cortex_m.c.obj (.text:_c_int00_noargs)
                  000025a4    00000024     ti_msp_dl_config.o (.text.SYSCFG_DL_DMA_CH0_init)
                  000025c8    00000024     libclang_rt.builtins.a : muldi3.S.obj (.text.__muldi3)
                  000025ec    00000022     libc.a : memccpy.c.obj (.text.memccpy)
                  0000260e    00000002     --HOLE-- [fill = 0]
                  00002610    00000020     driverlib.a : dl_uart.o (.text.DL_UART_transmitDataBlocking)
                  00002630    00000020     empty.o (.text.on_key_b2_event)
                  00002650    0000001e     libclang_rt.builtins.a : ashldi3.S.obj (.text.__ashldi3)
                  0000266e    00000002     --HOLE-- [fill = 0]
                  00002670    0000001c     driverlib.a : dl_timer.o (.text.DL_Timer_setClockConfig)
                  0000268c    0000001c     key.o (.text.key_init)
                  000026a8    00000018     driverlib.a : dl_flashctl.o (.text.DL_FlashCTL_eraseMemoryFromRAM)
                  000026c0    00000014     libclang_rt.builtins.a : aeabi_uldivmod.S.obj (.text.__aeabi_uldivmod)
                  000026d4    00000014     UART.o (.text.fputc)
                  000026e8    00000014     key.o (.text.key_register_callback)
                  000026fc    00000012     driverlib.a : dl_uart.o (.text.DL_UART_setClockConfig)
                  0000270e    00000012     libc.a : copy_decompress_none.c.obj (.text:decompress:none)
                  00002720    00000010            : wcslen.c.obj (.text.wcslen)
                  00002730    00000010            : copy_zero_init.c.obj (.text:decompress:ZI)
                  00002740    0000000e     libclang_rt.builtins.a : aeabi_memset.S.obj (.text.__aeabi_memset)
                  0000274e    0000000e     libc.a : _printfi.c.obj (.text.strlen)
                  0000275c    0000000c     libclang_rt.builtins.a : aeabi_memset.S.obj (.text.__aeabi_memclr)
                  00002768    0000000c     key.o (.text.key_get_tick)
                  00002774    0000000a     driverlib.a : dl_common.o (.text.DL_Common_delayCycles)
                  0000277e    00000008     ti_msp_dl_config.o (.text.SYSCFG_DL_DMA_init)
                  00002786    00000002     --HOLE-- [fill = 0]
                  00002788    00000008     libc.a : aeabi_portable.c.obj (.text.__aeabi_errno_addr)
                  00002790    00000008     libclang_rt.builtins.a : aeabi_memcpy.S.obj (.text.__aeabi_memcpy)
                  00002798    00000008     libc.a : printf.c.obj (.text._outc)
                  000027a0    00000008            : printf.c.obj (.text._outs)
                  000027a8    00000006            : exit.c.obj (.text:abort)
                  000027ae    00000004     libsysbm.a : hostexit.c.obj (.text.HOSTexit)
                  000027b2    00000004     startup_mspm0g350x_ticlang.o (.text.Reset_Handler)
                  000027b6    00000004     libc.a : pre_init.c.obj (.text._system_pre_init)
                  000027ba    00000002     --HOLE-- [fill = 0]
                  000027bc    00000010     driverlib.a : dl_flashctl.o (.tramp.DL_FlashCTL_executeCommandFromRAM.1)
                  000027cc    00000004     --HOLE-- [fill = 0]

.TI.ramfunc 
*          0    00002ab0    00000060     RUN ADDR = 20200b80
                  00002ab0    00000060     driverlib.a : dl_flashctl.o (.TI.ramfunc)

.cinit     0    00002b10    00000080     
                  00002b10    0000005a     (.cinit..data.load) [load image, compression = lzss]
                  00002b6a    00000002     --HOLE-- [fill = 0]
                  00002b6c    0000000c     (__TI_handler_table)
                  00002b78    00000008     (.cinit..bss.load) [load image, compression = zero_init]
                  00002b80    00000010     (__TI_cinit_table)

.rodata    0    000027d0    000002e0     
                  000027d0    00000101     libc.a : aeabi_ctype.S.obj (.rodata:__aeabi_ctype_table_)
                  000028d1    0000002c     empty.o (.rodata.str1.150872071346279890.1)
                  000028fd    00000021     empty.o (.rodata.str1.14896071655140146950.1)
                  0000291e    0000001f     empty.o (.rodata.str1.9316900256510702599.1)
                  0000293d    0000001e     empty.o (.rodata.str1.11006549161798443858.1)
                  0000295b    0000001e     empty.o (.rodata.str1.15190448488113460700.1)
                  00002979    0000001e     empty.o (.rodata.str1.9517790425240694019.1)
                  00002997    0000001d     empty.o (.rodata.str1.1598176746206830479.1)
                  000029b4    0000001c     empty.o (.rodata.str1.8138751173933995641.1)
                  000029d0    00000019     empty.o (.rodata.str1.12440687345393219333.1)
                  000029e9    00000003     ti_msp_dl_config.o (.rodata.gKEY_TIMER_1ClockConfig)
                  000029ec    00000018     ti_msp_dl_config.o (.rodata.gDMA_CH0Config)
                  00002a04    00000014     ti_msp_dl_config.o (.rodata.gKEY_TIMER_1TimerConfig)
                  00002a18    00000014     ti_msp_dl_config.o (.rodata.gTIMER_0TimerConfig)
                  00002a2c    00000013     empty.o (.rodata.str1.1237462941681586705.1)
                  00002a3f    00000013     empty.o (.rodata.str1.7386103758396746866.1)
                  00002a52    00000012     empty.o (.rodata.str1.8793145603796911878.1)
                  00002a64    00000011     libc.a : _printfi.c.obj (.rodata.str1.10348868589481759720.1)
                  00002a75    00000011            : _printfi.c.obj (.rodata.str1.15363888844622738466.1)
                  00002a86    0000000e     empty.o (.rodata.str1.11898133897667081452.1)
                  00002a94    0000000a     ti_msp_dl_config.o (.rodata.gUART_0Config)
                  00002a9e    00000002     ti_msp_dl_config.o (.rodata.gUART_0ClockConfig)
                  00002aa0    00000008     ti_msp_dl_config.o (.rodata.gADC12_0ClockConfig)
                  00002aa8    00000003     ti_msp_dl_config.o (.rodata.gTIMER_0ClockConfig)
                  00002aab    00000005     --HOLE-- [fill = 0]

.init_array 
*          0    00000000    00000000     UNINITIALIZED

.binit     0    00002b90    00000010     
                  00002b90    00000010     (.binit)

.bss       0    20200000    00000a08     UNINITIALIZED
                  20200000    000007d0     (.common:gADCSamples)
                  202007d0    000000bc     (.common:gKEY_TIMER_1Backup)
                  2020088c    000000bc     (.common:gTIMER_0Backup)
                  20200948    00000020     (.common:avg)
                  20200968    00000020     (.common:black_threshold)
                  20200988    00000020     (.common:black_val)
                  202009a8    00000020     (.common:last_avg)
                  202009c8    00000020     (.common:white_threshold)
                  202009e8    00000020     (.common:white_val)

.data      0    20200a08    00000174     UNINITIALIZED
                  20200a08    000000f0     libc.a : defs.c.obj (.data._ftable)
                  20200af8    00000040     LED.o (.data.leds)
                  20200b38    00000028     key.o (.data.gKeyControls)
                  20200b60    00000004     libc.a : aeabi_portable.c.obj (.data.__aeabi_errno)
                  20200b64    00000004            : _lock.c.obj (.data._lock)
                  20200b68    00000004            : _lock.c.obj (.data._unlock)
                  20200b6c    00000004     empty.o (.data.flag)
                  20200b70    00000004     key.o (.data.g_system_tick)
                  20200b74    00000002     eeprom_emulation_type_b.o (.data.gActiveDataItemNum)
                  20200b76    00000002     eeprom_emulation_type_b.o (.data.gActiveGroupNum)
                  20200b78    00000001     eeprom_emulation_type_b.o (.data.gEEPROMTypeBEraseFlag)
                  20200b79    00000001     eeprom_emulation_type_b.o (.data.gEEPROMTypeBSearchFlag)
                  20200b7a    00000001     eeprom_emulation_type_b.o (.data.gEEPROMTypeBTransferInProgressFlag)
                  20200b7b    00000001     empty.o (.data.system_state)

.stack     0    20207e00    00000200     UNINITIALIZED
                  20207e00    00000004     libc.a : boot_cortex_m.c.obj (.stack)
                  20207e04    000001fc     --HOLE--

__llvm_prf_cnts 
*          0    20200000    00000000     UNINITIALIZED

__llvm_prf_bits 
*          0    20200000    00000000     UNINITIALIZED

MODULE SUMMARY

       Module                         code    ro data   rw data
       ------                         ----    -------   -------
    .\
       empty.o                        1656    350       2197   
       ti_msp_dl_config.o             748     90        376    
       LED.o                          644     0         64     
       key.o                          336     0         44     
       data_process.o                 328     0         0      
       startup_mspm0g350x_ticlang.o   6       192       0      
       UART.o                         156     0         0      
    +--+------------------------------+-------+---------+---------+
       Total:                         3874    632       2681   
                                                               
    .\ti\eeprom\emulation_type_b\
       eeprom_emulation_type_b.o      1864    0         7      
    +--+------------------------------+-------+---------+---------+
       Total:                         1864    0         7      
                                                               
    D:/MCU/CCS/mspm0_sdk_2_05_01_00/source/ti/driverlib/lib/ticlang/m0p/mspm0g1x0x_g3x0x/driverlib.a
       dl_flashctl.o                  488     0         0      
       dl_timer.o                     260     0         0      
       dl_uart.o                      122     0         0      
       dl_dma.o                       76      0         0      
       dl_adc12.o                     64      0         0      
       dl_common.o                    10      0         0      
    +--+------------------------------+-------+---------+---------+
       Total:                         1020    0         0      
                                                               
    D:\MCU\CCS\ccs\tools\compiler\ti-cgt-armllvm_4.0.3.LTS\lib\armv6m-ti-none-eabi/c/libc.a
       _printfi.c.obj                 2166    34        0      
       aeabi_ctype.S.obj              0       257       0      
       defs.c.obj                     0       0         240    
       memcpy16.S.obj                 154     0         0      
       copy_decompress_lzss.c.obj     124     0         0      
       printf.c.obj                   108     0         0      
       memset16.S.obj                 98      0         0      
       autoinit.c.obj                 76      0         0      
       cpy_tbl.c.obj                  76      0         0      
       atoi.c.obj                     64      0         0      
       boot_cortex_m.c.obj            40      0         0      
       memccpy.c.obj                  34      0         0      
       copy_decompress_none.c.obj     18      0         0      
       copy_zero_init.c.obj           16      0         0      
       wcslen.c.obj                   16      0         0      
       aeabi_portable.c.obj           8       0         4      
       _lock.c.obj                    2       0         8      
       exit.c.obj                     6       0         0      
       pre_init.c.obj                 4       0         0      
    +--+------------------------------+-------+---------+---------+
       Total:                         3010    291       252    
                                                               
    D:\MCU\CCS\ccs\tools\compiler\ti-cgt-armllvm_4.0.3.LTS\lib\armv6m-ti-none-eabi/c/libsysbm.a
       hostexit.c.obj                 4       0         0      
    +--+------------------------------+-------+---------+---------+
       Total:                         4       0         0      
                                                               
    D:\MCU\CCS\ccs\tools\compiler\ti-cgt-armllvm_4.0.3.LTS\lib\armv6m-ti-none-eabi/libclang_rt.builtins.a
       udivmoddi4.S.obj               162     0         0      
       aeabi_uidivmod.S.obj           64      0         0      
       muldsi3.S.obj                  58      0         0      
       muldi3.S.obj                   36      0         0      
       ashldi3.S.obj                  30      0         0      
       aeabi_memset.S.obj             26      0         0      
       aeabi_uldivmod.S.obj           20      0         0      
       aeabi_memcpy.S.obj             8       0         0      
       aeabi_div0.c.obj               4       0         0      
    +--+------------------------------+-------+---------+---------+
       Total:                         408     0         0      
                                                               
       Stack:                         0       0         512    
       Linker Generated:              0       142       0      
    +--+------------------------------+-------+---------+---------+
       Grand Total:                   10180   1065      3452   


LINKER GENERATED COPY TABLES

__TI_cinit_table @ 00002b80 records: 2, size/record: 8, table size: 16
	.data: load addr=00002b10, load size=0000005a bytes, run addr=20200a08, run size=00000174 bytes, compression=lzss
	.bss: load addr=00002b78, load size=00000008 bytes, run addr=20200000, run size=00000a08 bytes, compression=zero_init
binit @ 00002b90 records: 1, size/record: 12, table size: 16
	.TI.ramfunc: load addr=00002ab0, load size=00000060, run addr=20200b80, run size=00000060, compression=none


LINKER GENERATED HANDLER TABLE

__TI_handler_table @ 00002b6c records: 3, size/record: 4, table size: 12
	index: 0, handler: __TI_decompress_lzss
	index: 1, handler: __TI_decompress_none
	index: 2, handler: __TI_zero_init


FAR CALL TRAMPOLINES

callee name               trampoline name
   callee addr  tramp addr   call addr  call info
--------------  -----------  ---------  ----------------
DL_FlashCTL_executeCommandFromRAM  $Tramp$TT$L$PI$$DL_FlashCTL_executeCommandFromRAM
   20200b81     000027bc     0000256c   driverlib.a : dl_flashctl.o (.text.DL_FlashCTL_programMemoryFromRAM64WithECCGenerated)
                             000026b6               : dl_flashctl.o (.text.DL_FlashCTL_eraseMemoryFromRAM)

[1 trampolines]
[2 trampoline calls]


GLOBAL SYMBOLS: SORTED ALPHABETICALLY BY Name 

address   name                                              
-------   ----                                              
0000252d  ADC0_IRQHandler                                   
00001cbf  ADC1_IRQHandler                                   
00001cbf  AES_IRQHandler                                    
000027ae  C$$EXIT                                           
00001cbf  CANFD0_IRQHandler                                 
00001cbf  DAC0_IRQHandler                                   
000022c1  DL_ADC12_setClockConfig                           
00002775  DL_Common_delayCycles                             
0000214d  DL_DMA_initChannel                                
000026a9  DL_FlashCTL_eraseMemoryFromRAM                    
00002555  DL_FlashCTL_programMemoryFromRAM64WithECCGenerated
000019dd  DL_FlashCTL_unprotectSector                       
000018f5  DL_Timer_initTimerMode                            
00002671  DL_Timer_setClockConfig                           
00002231  DL_UART_init                                      
000026fd  DL_UART_setClockConfig                            
00002611  DL_UART_transmitDataBlocking                      
00001cbf  DMA_IRQHandler                                    
00001cbf  Default_Handler                                   
00001dfd  EEPROM_TypeB_eraseAllGroups                       
00001cc1  EEPROM_TypeB_eraseGroup                           
00001b75  EEPROM_TypeB_eraseNonActiveGroups                 
000017f5  EEPROM_TypeB_init                                 
00001f0d  EEPROM_TypeB_readDataItem                         
00000f59  EEPROM_TypeB_transferDataItem                     
00002301  EEPROM_TypeB_write                                
000016e5  EEPROM_TypeB_writeDataItem                        
00001cbf  GROUP0_IRQHandler                                 
00001cbf  GROUP1_IRQHandler                                 
000027af  HOSTexit                                          
00001cbf  HardFault_Handler                                 
00001cbf  I2C0_IRQHandler                                   
00001cbf  I2C1_IRQHandler                                   
00001205  LED_update                                        
00001cbf  NMI_Handler                                       
00001cbf  PendSV_Handler                                    
00001cbf  RTC_IRQHandler                                    
000027b3  Reset_Handler                                     
00001cbf  SPI0_IRQHandler                                   
00001cbf  SPI1_IRQHandler                                   
00001cbf  SVC_Handler                                       
00001ab5  SYSCFG_DL_ADC12_0_init                            
000025a5  SYSCFG_DL_DMA_CH0_init                            
0000277f  SYSCFG_DL_DMA_init                                
000020fd  SYSCFG_DL_GPIO_init                               
000024bd  SYSCFG_DL_KEY_TIMER_1_init                        
00002341  SYSCFG_DL_SYSCTL_init                             
00002381  SYSCFG_DL_TIMER_0_init                            
00001f7d  SYSCFG_DL_UART_0_init                             
000024f5  SYSCFG_DL_init                                    
000020a9  SYSCFG_DL_initPower                               
00001cbf  SysTick_Handler                                   
00001cbf  TIMA0_IRQHandler                                  
000015d1  TIMA1_IRQHandler                                  
00001cbf  TIMG0_IRQHandler                                  
00001cbf  TIMG12_IRQHandler                                 
00001cbf  TIMG6_IRQHandler                                  
00001cbf  TIMG7_IRQHandler                                  
00001cbf  TIMG8_IRQHandler                                  
00001cbf  UART0_IRQHandler                                  
00001cbf  UART1_IRQHandler                                  
00001cbf  UART2_IRQHandler                                  
00001cbf  UART3_IRQHandler                                  
20208000  __STACK_END                                       
00000200  __STACK_SIZE                                      
00000000  __TI_ATRegion0_region_sz                          
00000000  __TI_ATRegion0_src_addr                           
00000000  __TI_ATRegion0_trg_addr                           
00000000  __TI_ATRegion1_region_sz                          
00000000  __TI_ATRegion1_src_addr                           
00000000  __TI_ATRegion1_trg_addr                           
00000000  __TI_ATRegion2_region_sz                          
00000000  __TI_ATRegion2_src_addr                           
00000000  __TI_ATRegion2_trg_addr                           
00002b80  __TI_CINIT_Base                                   
00002b90  __TI_CINIT_Limit                                  
00002b90  __TI_CINIT_Warm                                   
00002b6c  __TI_Handler_Table_Base                           
00002b78  __TI_Handler_Table_Limit                          
000021e5  __TI_auto_init_nopinit                            
00001e91  __TI_decompress_lzss                              
0000270f  __TI_decompress_none                              
ffffffff  __TI_pprof_out_hndl                               
000000c1  __TI_printfi_nofloat                              
ffffffff  __TI_prof_data_size                               
ffffffff  __TI_prof_data_start                              
00000000  __TI_static_base__                                
00002b90  __TI_table_binit                                  
00002731  __TI_zero_init                                    
000027d0  __aeabi_ctype_table_                              
000027d0  __aeabi_ctype_table_C                             
20200b60  __aeabi_errno                                     
00002789  __aeabi_errno_addr                                
00001dfb  __aeabi_idiv0                                     
0000204b  __aeabi_ldiv0                                     
00002651  __aeabi_llsl                                      
000025c9  __aeabi_lmul                                      
0000275d  __aeabi_memclr                                    
0000275d  __aeabi_memclr4                                   
0000275d  __aeabi_memclr8                                   
00002791  __aeabi_memcpy                                    
00002791  __aeabi_memcpy4                                   
00002791  __aeabi_memcpy8                                   
00002741  __aeabi_memset                                    
00002741  __aeabi_memset4                                   
00002741  __aeabi_memset8                                   
000023c1  __aeabi_uidiv                                     
000023c1  __aeabi_uidivmod                                  
000026c1  __aeabi_uldivmod                                  
00002651  __ashldi3                                         
00002b90  __binit__                                         
UNDEFED   __mpu_init                                        
000025c9  __muldi3                                          
00002481  __muldsi3                                         
20207e00  __stack                                           
20200000  __start___llvm_prf_bits                           
20200000  __start___llvm_prf_cnts                           
20200000  __stop___llvm_prf_bits                            
20200000  __stop___llvm_prf_cnts                            
00001c1d  __udivmoddi4                                      
0000257d  _c_int00_noargs                                   
20200a08  _ftable                                           
20200b64  _lock                                             
000024bb  _nop                                              
UNDEFED   _system_post_cinit                                
000027b7  _system_pre_init                                  
20200b68  _unlock                                           
000027a9  abort                                             
00002401  atoi                                              
20200948  avg                                               
00002b90  binit                                             
20200968  black_threshold                                   
20200988  black_val                                         
00002199  copy_in                                           
20200b6c  flag                                              
000026d5  fputc                                             
00002441  fputs                                             
20200000  gADCSamples                                       
20200b74  gActiveDataItemNum                                
20200b76  gActiveGroupNum                                   
20200b78  gEEPROMTypeBEraseFlag                             
20200b79  gEEPROMTypeBSearchFlag                            
20200b7a  gEEPROMTypeBTransferInProgressFlag                
202007d0  gKEY_TIMER_1Backup                                
2020088c  gTIMER_0Backup                                    
20200b70  g_system_tick                                     
00000000  interruptVectors                                  
00002769  key_get_tick                                      
0000268d  key_init                                          
000026e9  key_register_callback                             
202009a8  last_avg                                          
20200af8  leds                                              
00000c59  main                                              
000025ed  memccpy                                           
00001d61  memcpy                                            
00001fe9  memset                                            
00000929  on_key_b1_event                                   
00002631  on_key_b2_event                                   
0000204d  printf                                            
00001489  process_avg_and_restart_timer                     
00002279  puts                                              
20200b7b  system_state                                      
00002721  wcslen                                            
202009c8  white_threshold                                   
202009e8  white_val                                         


GLOBAL SYMBOLS: SORTED BY Symbol Address 

address   name                                              
-------   ----                                              
00000000  __TI_ATRegion0_region_sz                          
00000000  __TI_ATRegion0_src_addr                           
00000000  __TI_ATRegion0_trg_addr                           
00000000  __TI_ATRegion1_region_sz                          
00000000  __TI_ATRegion1_src_addr                           
00000000  __TI_ATRegion1_trg_addr                           
00000000  __TI_ATRegion2_region_sz                          
00000000  __TI_ATRegion2_src_addr                           
00000000  __TI_ATRegion2_trg_addr                           
00000000  __TI_static_base__                                
00000000  interruptVectors                                  
000000c1  __TI_printfi_nofloat                              
00000200  __STACK_SIZE                                      
00000929  on_key_b1_event                                   
00000c59  main                                              
00000f59  EEPROM_TypeB_transferDataItem                     
00001205  LED_update                                        
00001489  process_avg_and_restart_timer                     
000015d1  TIMA1_IRQHandler                                  
000016e5  EEPROM_TypeB_writeDataItem                        
000017f5  EEPROM_TypeB_init                                 
000018f5  DL_Timer_initTimerMode                            
000019dd  DL_FlashCTL_unprotectSector                       
00001ab5  SYSCFG_DL_ADC12_0_init                            
00001b75  EEPROM_TypeB_eraseNonActiveGroups                 
00001c1d  __udivmoddi4                                      
00001cbf  ADC1_IRQHandler                                   
00001cbf  AES_IRQHandler                                    
00001cbf  CANFD0_IRQHandler                                 
00001cbf  DAC0_IRQHandler                                   
00001cbf  DMA_IRQHandler                                    
00001cbf  Default_Handler                                   
00001cbf  GROUP0_IRQHandler                                 
00001cbf  GROUP1_IRQHandler                                 
00001cbf  HardFault_Handler                                 
00001cbf  I2C0_IRQHandler                                   
00001cbf  I2C1_IRQHandler                                   
00001cbf  NMI_Handler                                       
00001cbf  PendSV_Handler                                    
00001cbf  RTC_IRQHandler                                    
00001cbf  SPI0_IRQHandler                                   
00001cbf  SPI1_IRQHandler                                   
00001cbf  SVC_Handler                                       
00001cbf  SysTick_Handler                                   
00001cbf  TIMA0_IRQHandler                                  
00001cbf  TIMG0_IRQHandler                                  
00001cbf  TIMG12_IRQHandler                                 
00001cbf  TIMG6_IRQHandler                                  
00001cbf  TIMG7_IRQHandler                                  
00001cbf  TIMG8_IRQHandler                                  
00001cbf  UART0_IRQHandler                                  
00001cbf  UART1_IRQHandler                                  
00001cbf  UART2_IRQHandler                                  
00001cbf  UART3_IRQHandler                                  
00001cc1  EEPROM_TypeB_eraseGroup                           
00001d61  memcpy                                            
00001dfb  __aeabi_idiv0                                     
00001dfd  EEPROM_TypeB_eraseAllGroups                       
00001e91  __TI_decompress_lzss                              
00001f0d  EEPROM_TypeB_readDataItem                         
00001f7d  SYSCFG_DL_UART_0_init                             
00001fe9  memset                                            
0000204b  __aeabi_ldiv0                                     
0000204d  printf                                            
000020a9  SYSCFG_DL_initPower                               
000020fd  SYSCFG_DL_GPIO_init                               
0000214d  DL_DMA_initChannel                                
00002199  copy_in                                           
000021e5  __TI_auto_init_nopinit                            
00002231  DL_UART_init                                      
00002279  puts                                              
000022c1  DL_ADC12_setClockConfig                           
00002301  EEPROM_TypeB_write                                
00002341  SYSCFG_DL_SYSCTL_init                             
00002381  SYSCFG_DL_TIMER_0_init                            
000023c1  __aeabi_uidiv                                     
000023c1  __aeabi_uidivmod                                  
00002401  atoi                                              
00002441  fputs                                             
00002481  __muldsi3                                         
000024bb  _nop                                              
000024bd  SYSCFG_DL_KEY_TIMER_1_init                        
000024f5  SYSCFG_DL_init                                    
0000252d  ADC0_IRQHandler                                   
00002555  DL_FlashCTL_programMemoryFromRAM64WithECCGenerated
0000257d  _c_int00_noargs                                   
000025a5  SYSCFG_DL_DMA_CH0_init                            
000025c9  __aeabi_lmul                                      
000025c9  __muldi3                                          
000025ed  memccpy                                           
00002611  DL_UART_transmitDataBlocking                      
00002631  on_key_b2_event                                   
00002651  __aeabi_llsl                                      
00002651  __ashldi3                                         
00002671  DL_Timer_setClockConfig                           
0000268d  key_init                                          
000026a9  DL_FlashCTL_eraseMemoryFromRAM                    
000026c1  __aeabi_uldivmod                                  
000026d5  fputc                                             
000026e9  key_register_callback                             
000026fd  DL_UART_setClockConfig                            
0000270f  __TI_decompress_none                              
00002721  wcslen                                            
00002731  __TI_zero_init                                    
00002741  __aeabi_memset                                    
00002741  __aeabi_memset4                                   
00002741  __aeabi_memset8                                   
0000275d  __aeabi_memclr                                    
0000275d  __aeabi_memclr4                                   
0000275d  __aeabi_memclr8                                   
00002769  key_get_tick                                      
00002775  DL_Common_delayCycles                             
0000277f  SYSCFG_DL_DMA_init                                
00002789  __aeabi_errno_addr                                
00002791  __aeabi_memcpy                                    
00002791  __aeabi_memcpy4                                   
00002791  __aeabi_memcpy8                                   
000027a9  abort                                             
000027ae  C$$EXIT                                           
000027af  HOSTexit                                          
000027b3  Reset_Handler                                     
000027b7  _system_pre_init                                  
000027d0  __aeabi_ctype_table_                              
000027d0  __aeabi_ctype_table_C                             
00002b6c  __TI_Handler_Table_Base                           
00002b78  __TI_Handler_Table_Limit                          
00002b80  __TI_CINIT_Base                                   
00002b90  __TI_CINIT_Limit                                  
00002b90  __TI_CINIT_Warm                                   
00002b90  __TI_table_binit                                  
00002b90  __binit__                                         
00002b90  binit                                             
20200000  __start___llvm_prf_bits                           
20200000  __start___llvm_prf_cnts                           
20200000  __stop___llvm_prf_bits                            
20200000  __stop___llvm_prf_cnts                            
20200000  gADCSamples                                       
202007d0  gKEY_TIMER_1Backup                                
2020088c  gTIMER_0Backup                                    
20200948  avg                                               
20200968  black_threshold                                   
20200988  black_val                                         
202009a8  last_avg                                          
202009c8  white_threshold                                   
202009e8  white_val                                         
20200a08  _ftable                                           
20200af8  leds                                              
20200b60  __aeabi_errno                                     
20200b64  _lock                                             
20200b68  _unlock                                           
20200b6c  flag                                              
20200b70  g_system_tick                                     
20200b74  gActiveDataItemNum                                
20200b76  gActiveGroupNum                                   
20200b78  gEEPROMTypeBEraseFlag                             
20200b79  gEEPROMTypeBSearchFlag                            
20200b7a  gEEPROMTypeBTransferInProgressFlag                
20200b7b  system_state                                      
20207e00  __stack                                           
20208000  __STACK_END                                       
ffffffff  __TI_pprof_out_hndl                               
ffffffff  __TI_prof_data_size                               
ffffffff  __TI_prof_data_start                              
UNDEFED   __mpu_init                                        
UNDEFED   _system_post_cinit                                

[165 symbols]
