******************************************************************************
            TI ARM Clang Linker PC v4.0.3                      
******************************************************************************
>> Linked Fri Dec 26 21:15:42 2025

OUTPUT FILE NAME:   <huidu_yjian.out>
ENTRY POINT SYMBOL: "_c_int00_noargs"  address: 00002529


MEMORY CONFIGURATION

         name            origin    length      used     unused   attr    fill
----------------------  --------  ---------  --------  --------  ----  --------
  FLASH                 00000000   00020000  00002b48  0001d4b8  R  X
  SRAM                  20200000   00008000  00000ddc  00007224  RW X
  BCR_CONFIG            41c00000   000000ff  00000000  000000ff  R   
  BSL_CONFIG            41c00100   00000080  00000000  00000080  R   


SEGMENT ALLOCATION MAP

run origin  load origin   length   init length attrs members
----------  ----------- ---------- ----------- ----- -------
00000000    00000000    00002778   00002778    r-x
  00000000    00000000    000000c0   000000c0    r-- .intvecs
  000000c0    000000c0    000026b8   000026b8    r-x .text
00002780    00002780    000002e0   000002e0    r--
  00002780    00002780    000002e0   000002e0    r-- .rodata
00002ac0    00002ac0    00000090   00000090    r--
  00002ac0    00002ac0    00000080   00000080    r-- .cinit
  00002b40    00002b40    00000010   00000010    r-- .binit
20200000    20200000    00000b7c   00000000    rw-
  20200000    20200000    00000a08   00000000    rw- .bss
  20200a08    20200a08    00000174   00000000    rw- .data
20200b80    00002a60    00000060   00000060    r-x
  20200b80    00002a60    00000060   00000060    r-x .TI.ramfunc
20207e00    20207e00    00000200   00000000    rw-
  20207e00    20207e00    00000200   00000000    rw- .stack


SECTION ALLOCATION MAP

 output                                  attributes/
section   page    origin      length       input sections
--------  ----  ----------  ----------   ----------------
.intvecs   0    00000000    000000c0     
                  00000000    000000c0     startup_mspm0g350x_ticlang.o (.intvecs)

.text      0    000000c0    000026b8     
                  000000c0    00000868     libc.a : _printfi.c.obj (.text:__TI_printfi_nofloat)
                  00000928    00000300     empty.o (.text.main)
                  00000c28    000002dc     empty.o (.text.on_key_b1_event)
                  00000f04    000002ac     eeprom_emulation_type_b.o (.text.EEPROM_TypeB_transferDataItem)
                  000011b0    00000284     LED.o (.text.LED_update)
                  00001434    00000148     data_process.o (.text.process_avg_and_restart_timer)
                  0000157c    00000114     key.o (.text.TIMA1_IRQHandler)
                  00001690    00000110     eeprom_emulation_type_b.o (.text.EEPROM_TypeB_writeDataItem)
                  000017a0    00000100     eeprom_emulation_type_b.o (.text.EEPROM_TypeB_init)
                  000018a0    000000e8     driverlib.a : dl_timer.o (.text.DL_Timer_initTimerMode)
                  00001988    000000d8                 : dl_flashctl.o (.text.DL_FlashCTL_unprotectSector)
                  00001a60    000000c0     ti_msp_dl_config.o (.text.SYSCFG_DL_ADC12_0_init)
                  00001b20    000000a8     eeprom_emulation_type_b.o (.text.EEPROM_TypeB_eraseNonActiveGroups)
                  00001bc8    000000a2     libclang_rt.builtins.a : udivmoddi4.S.obj (.text)
                  00001c6a    00000002     startup_mspm0g350x_ticlang.o (.text.Default_Handler)
                  00001c6c    000000a0     eeprom_emulation_type_b.o (.text.EEPROM_TypeB_eraseGroup)
                  00001d0c    0000009a     libc.a : memcpy16.S.obj (.text:memcpy)
                  00001da6    00000002     libclang_rt.builtins.a : aeabi_div0.c.obj (.text.__aeabi_idiv0)
                  00001da8    00000094     eeprom_emulation_type_b.o (.text.EEPROM_TypeB_eraseAllGroups)
                  00001e3c    0000007c     libc.a : copy_decompress_lzss.c.obj (.text:decompress:lzss)
                  00001eb8    00000070     eeprom_emulation_type_b.o (.text.EEPROM_TypeB_readDataItem)
                  00001f28    0000006c     ti_msp_dl_config.o (.text.SYSCFG_DL_UART_0_init)
                  00001f94    00000062     libc.a : memset16.S.obj (.text:memset)
                  00001ff6    00000002     libclang_rt.builtins.a : aeabi_div0.c.obj (.text.__aeabi_ldiv0)
                  00001ff8    0000005c     libc.a : printf.c.obj (.text.printf)
                  00002054    00000054     ti_msp_dl_config.o (.text.SYSCFG_DL_initPower)
                  000020a8    00000050     ti_msp_dl_config.o (.text.SYSCFG_DL_GPIO_init)
                  000020f8    0000004c     driverlib.a : dl_dma.o (.text.DL_DMA_initChannel)
                  00002144    0000004c     libc.a : cpy_tbl.c.obj (.text.copy_in)
                  00002190    0000004c            : autoinit.c.obj (.text:__TI_auto_init_nopinit)
                  000021dc    00000048     driverlib.a : dl_uart.o (.text.DL_UART_init)
                  00002224    00000048     UART.o (.text.puts)
                  0000226c    00000040     driverlib.a : dl_adc12.o (.text.DL_ADC12_setClockConfig)
                  000022ac    00000040     eeprom_emulation_type_b.o (.text.EEPROM_TypeB_write)
                  000022ec    00000040     ti_msp_dl_config.o (.text.SYSCFG_DL_SYSCTL_init)
                  0000232c    00000040     ti_msp_dl_config.o (.text.SYSCFG_DL_TIMER_0_init)
                  0000236c    00000040     libclang_rt.builtins.a : aeabi_uidivmod.S.obj (.text.__aeabi_uidivmod)
                  000023ac    00000040     libc.a : atoi.c.obj (.text.atoi)
                  000023ec    00000040     UART.o (.text.fputs)
                  0000242c    0000003a     libclang_rt.builtins.a : muldsi3.S.obj (.text.__muldsi3)
                  00002466    00000002     libc.a : _lock.c.obj (.text._nop)
                  00002468    00000038     ti_msp_dl_config.o (.text.SYSCFG_DL_KEY_TIMER_1_init)
                  000024a0    00000038     ti_msp_dl_config.o (.text.SYSCFG_DL_init)
                  000024d8    00000028     empty.o (.text.ADC0_IRQHandler)
                  00002500    00000028     driverlib.a : dl_flashctl.o (.text.DL_FlashCTL_programMemoryFromRAM64WithECCGenerated)
                  00002528    00000028     libc.a : boot_cortex_m.c.obj (.text:_c_int00_noargs)
                  00002550    00000024     ti_msp_dl_config.o (.text.SYSCFG_DL_DMA_CH0_init)
                  00002574    00000024     libclang_rt.builtins.a : muldi3.S.obj (.text.__muldi3)
                  00002598    00000022     libc.a : memccpy.c.obj (.text.memccpy)
                  000025ba    00000002     --HOLE-- [fill = 0]
                  000025bc    00000020     driverlib.a : dl_uart.o (.text.DL_UART_transmitDataBlocking)
                  000025dc    00000020     empty.o (.text.on_key_b2_event)
                  000025fc    0000001e     libclang_rt.builtins.a : ashldi3.S.obj (.text.__ashldi3)
                  0000261a    00000002     --HOLE-- [fill = 0]
                  0000261c    0000001c     driverlib.a : dl_timer.o (.text.DL_Timer_setClockConfig)
                  00002638    0000001c     key.o (.text.key_init)
                  00002654    00000018     driverlib.a : dl_flashctl.o (.text.DL_FlashCTL_eraseMemoryFromRAM)
                  0000266c    00000014     libclang_rt.builtins.a : aeabi_uldivmod.S.obj (.text.__aeabi_uldivmod)
                  00002680    00000014     UART.o (.text.fputc)
                  00002694    00000014     key.o (.text.key_register_callback)
                  000026a8    00000012     driverlib.a : dl_uart.o (.text.DL_UART_setClockConfig)
                  000026ba    00000012     libc.a : copy_decompress_none.c.obj (.text:decompress:none)
                  000026cc    00000010            : wcslen.c.obj (.text.wcslen)
                  000026dc    00000010            : copy_zero_init.c.obj (.text:decompress:ZI)
                  000026ec    0000000e     libclang_rt.builtins.a : aeabi_memset.S.obj (.text.__aeabi_memset)
                  000026fa    0000000e     libc.a : _printfi.c.obj (.text.strlen)
                  00002708    0000000c     libclang_rt.builtins.a : aeabi_memset.S.obj (.text.__aeabi_memclr)
                  00002714    0000000c     key.o (.text.key_get_tick)
                  00002720    0000000a     driverlib.a : dl_common.o (.text.DL_Common_delayCycles)
                  0000272a    00000008     ti_msp_dl_config.o (.text.SYSCFG_DL_DMA_init)
                  00002732    00000002     --HOLE-- [fill = 0]
                  00002734    00000008     libc.a : aeabi_portable.c.obj (.text.__aeabi_errno_addr)
                  0000273c    00000008     libclang_rt.builtins.a : aeabi_memcpy.S.obj (.text.__aeabi_memcpy)
                  00002744    00000008     libc.a : printf.c.obj (.text._outc)
                  0000274c    00000008            : printf.c.obj (.text._outs)
                  00002754    00000006            : exit.c.obj (.text:abort)
                  0000275a    00000004     libsysbm.a : hostexit.c.obj (.text.HOSTexit)
                  0000275e    00000004     startup_mspm0g350x_ticlang.o (.text.Reset_Handler)
                  00002762    00000004     libc.a : pre_init.c.obj (.text._system_pre_init)
                  00002766    00000002     --HOLE-- [fill = 0]
                  00002768    00000010     driverlib.a : dl_flashctl.o (.tramp.DL_FlashCTL_executeCommandFromRAM.1)

.TI.ramfunc 
*          0    00002a60    00000060     RUN ADDR = 20200b80
                  00002a60    00000060     driverlib.a : dl_flashctl.o (.TI.ramfunc)

.cinit     0    00002ac0    00000080     
                  00002ac0    0000005a     (.cinit..data.load) [load image, compression = lzss]
                  00002b1a    00000002     --HOLE-- [fill = 0]
                  00002b1c    0000000c     (__TI_handler_table)
                  00002b28    00000008     (.cinit..bss.load) [load image, compression = zero_init]
                  00002b30    00000010     (__TI_cinit_table)

.rodata    0    00002780    000002e0     
                  00002780    00000101     libc.a : aeabi_ctype.S.obj (.rodata:__aeabi_ctype_table_)
                  00002881    0000002c     empty.o (.rodata.str1.150872071346279890.1)
                  000028ad    00000021     empty.o (.rodata.str1.14896071655140146950.1)
                  000028ce    0000001f     empty.o (.rodata.str1.9316900256510702599.1)
                  000028ed    0000001e     empty.o (.rodata.str1.11006549161798443858.1)
                  0000290b    0000001e     empty.o (.rodata.str1.15190448488113460700.1)
                  00002929    0000001e     empty.o (.rodata.str1.9517790425240694019.1)
                  00002947    0000001d     empty.o (.rodata.str1.1598176746206830479.1)
                  00002964    0000001c     empty.o (.rodata.str1.8138751173933995641.1)
                  00002980    00000019     empty.o (.rodata.str1.12440687345393219333.1)
                  00002999    00000003     ti_msp_dl_config.o (.rodata.gKEY_TIMER_1ClockConfig)
                  0000299c    00000018     ti_msp_dl_config.o (.rodata.gDMA_CH0Config)
                  000029b4    00000014     ti_msp_dl_config.o (.rodata.gKEY_TIMER_1TimerConfig)
                  000029c8    00000014     ti_msp_dl_config.o (.rodata.gTIMER_0TimerConfig)
                  000029dc    00000013     empty.o (.rodata.str1.1237462941681586705.1)
                  000029ef    00000013     empty.o (.rodata.str1.7386103758396746866.1)
                  00002a02    00000012     empty.o (.rodata.str1.8793145603796911878.1)
                  00002a14    00000011     libc.a : _printfi.c.obj (.rodata.str1.10348868589481759720.1)
                  00002a25    00000011            : _printfi.c.obj (.rodata.str1.15363888844622738466.1)
                  00002a36    0000000e     empty.o (.rodata.str1.11898133897667081452.1)
                  00002a44    0000000a     ti_msp_dl_config.o (.rodata.gUART_0Config)
                  00002a4e    00000002     ti_msp_dl_config.o (.rodata.gUART_0ClockConfig)
                  00002a50    00000008     ti_msp_dl_config.o (.rodata.gADC12_0ClockConfig)
                  00002a58    00000003     ti_msp_dl_config.o (.rodata.gTIMER_0ClockConfig)
                  00002a5b    00000005     --HOLE-- [fill = 0]

.init_array 
*          0    00000000    00000000     UNINITIALIZED

.binit     0    00002b40    00000010     
                  00002b40    00000010     (.binit)

.bss       0    20200000    00000a08     UNINITIALIZED
                  20200000    000007d0     (.common:gADCSamples)
                  202007d0    000000bc     (.common:gKEY_TIMER_1Backup)
                  2020088c    000000bc     (.common:gTIMER_0Backup)
                  20200948    00000020     (.common:avg)
                  20200968    00000020     (.common:black_threshold)
                  20200988    00000020     (.common:black_val)
                  202009a8    00000020     (.common:last_avg)
                  202009c8    00000020     (.common:white_threshold)
                  202009e8    00000020     (.common:white_val)

.data      0    20200a08    00000174     UNINITIALIZED
                  20200a08    000000f0     libc.a : defs.c.obj (.data._ftable)
                  20200af8    00000040     LED.o (.data.leds)
                  20200b38    00000028     key.o (.data.gKeyControls)
                  20200b60    00000004     libc.a : aeabi_portable.c.obj (.data.__aeabi_errno)
                  20200b64    00000004            : _lock.c.obj (.data._lock)
                  20200b68    00000004            : _lock.c.obj (.data._unlock)
                  20200b6c    00000004     empty.o (.data.flag)
                  20200b70    00000004     key.o (.data.g_system_tick)
                  20200b74    00000002     eeprom_emulation_type_b.o (.data.gActiveDataItemNum)
                  20200b76    00000002     eeprom_emulation_type_b.o (.data.gActiveGroupNum)
                  20200b78    00000001     eeprom_emulation_type_b.o (.data.gEEPROMTypeBEraseFlag)
                  20200b79    00000001     eeprom_emulation_type_b.o (.data.gEEPROMTypeBSearchFlag)
                  20200b7a    00000001     eeprom_emulation_type_b.o (.data.gEEPROMTypeBTransferInProgressFlag)
                  20200b7b    00000001     empty.o (.data.system_state)

.stack     0    20207e00    00000200     UNINITIALIZED
                  20207e00    00000004     libc.a : boot_cortex_m.c.obj (.stack)
                  20207e04    000001fc     --HOLE--

__llvm_prf_cnts 
*          0    20200000    00000000     UNINITIALIZED

__llvm_prf_bits 
*          0    20200000    00000000     UNINITIALIZED

MODULE SUMMARY

       Module                         code    ro data   rw data
       ------                         ----    -------   -------
    .\
       empty.o                        1572    350       2197   
       ti_msp_dl_config.o             748     90        376    
       LED.o                          644     0         64     
       key.o                          336     0         44     
       data_process.o                 328     0         0      
       startup_mspm0g350x_ticlang.o   6       192       0      
       UART.o                         156     0         0      
    +--+------------------------------+-------+---------+---------+
       Total:                         3790    632       2681   
                                                               
    .\ti\eeprom\emulation_type_b\
       eeprom_emulation_type_b.o      1864    0         7      
    +--+------------------------------+-------+---------+---------+
       Total:                         1864    0         7      
                                                               
    D:/MCU/CCS/mspm0_sdk_2_05_01_00/source/ti/driverlib/lib/ticlang/m0p/mspm0g1x0x_g3x0x/driverlib.a
       dl_flashctl.o                  488     0         0      
       dl_timer.o                     260     0         0      
       dl_uart.o                      122     0         0      
       dl_dma.o                       76      0         0      
       dl_adc12.o                     64      0         0      
       dl_common.o                    10      0         0      
    +--+------------------------------+-------+---------+---------+
       Total:                         1020    0         0      
                                                               
    D:\MCU\CCS\ccs\tools\compiler\ti-cgt-armllvm_4.0.3.LTS\lib\armv6m-ti-none-eabi/c/libc.a
       _printfi.c.obj                 2166    34        0      
       aeabi_ctype.S.obj              0       257       0      
       defs.c.obj                     0       0         240    
       memcpy16.S.obj                 154     0         0      
       copy_decompress_lzss.c.obj     124     0         0      
       printf.c.obj                   108     0         0      
       memset16.S.obj                 98      0         0      
       autoinit.c.obj                 76      0         0      
       cpy_tbl.c.obj                  76      0         0      
       atoi.c.obj                     64      0         0      
       boot_cortex_m.c.obj            40      0         0      
       memccpy.c.obj                  34      0         0      
       copy_decompress_none.c.obj     18      0         0      
       copy_zero_init.c.obj           16      0         0      
       wcslen.c.obj                   16      0         0      
       aeabi_portable.c.obj           8       0         4      
       _lock.c.obj                    2       0         8      
       exit.c.obj                     6       0         0      
       pre_init.c.obj                 4       0         0      
    +--+------------------------------+-------+---------+---------+
       Total:                         3010    291       252    
                                                               
    D:\MCU\CCS\ccs\tools\compiler\ti-cgt-armllvm_4.0.3.LTS\lib\armv6m-ti-none-eabi/c/libsysbm.a
       hostexit.c.obj                 4       0         0      
    +--+------------------------------+-------+---------+---------+
       Total:                         4       0         0      
                                                               
    D:\MCU\CCS\ccs\tools\compiler\ti-cgt-armllvm_4.0.3.LTS\lib\armv6m-ti-none-eabi/libclang_rt.builtins.a
       udivmoddi4.S.obj               162     0         0      
       aeabi_uidivmod.S.obj           64      0         0      
       muldsi3.S.obj                  58      0         0      
       muldi3.S.obj                   36      0         0      
       ashldi3.S.obj                  30      0         0      
       aeabi_memset.S.obj             26      0         0      
       aeabi_uldivmod.S.obj           20      0         0      
       aeabi_memcpy.S.obj             8       0         0      
       aeabi_div0.c.obj               4       0         0      
    +--+------------------------------+-------+---------+---------+
       Total:                         408     0         0      
                                                               
       Stack:                         0       0         512    
       Linker Generated:              0       142       0      
    +--+------------------------------+-------+---------+---------+
       Grand Total:                   10096   1065      3452   


LINKER GENERATED COPY TABLES

__TI_cinit_table @ 00002b30 records: 2, size/record: 8, table size: 16
	.data: load addr=00002ac0, load size=0000005a bytes, run addr=20200a08, run size=00000174 bytes, compression=lzss
	.bss: load addr=00002b28, load size=00000008 bytes, run addr=20200000, run size=00000a08 bytes, compression=zero_init
binit @ 00002b40 records: 1, size/record: 12, table size: 16
	.TI.ramfunc: load addr=00002a60, load size=00000060, run addr=20200b80, run size=00000060, compression=none


LINKER GENERATED HANDLER TABLE

__TI_handler_table @ 00002b1c records: 3, size/record: 4, table size: 12
	index: 0, handler: __TI_decompress_lzss
	index: 1, handler: __TI_decompress_none
	index: 2, handler: __TI_zero_init


FAR CALL TRAMPOLINES

callee name               trampoline name
   callee addr  tramp addr   call addr  call info
--------------  -----------  ---------  ----------------
DL_FlashCTL_executeCommandFromRAM  $Tramp$TT$L$PI$$DL_FlashCTL_executeCommandFromRAM
   20200b81     00002768     00002518   driverlib.a : dl_flashctl.o (.text.DL_FlashCTL_programMemoryFromRAM64WithECCGenerated)
                             00002662               : dl_flashctl.o (.text.DL_FlashCTL_eraseMemoryFromRAM)

[1 trampolines]
[2 trampoline calls]


GLOBAL SYMBOLS: SORTED ALPHABETICALLY BY Name 

address   name                                              
-------   ----                                              
000024d9  ADC0_IRQHandler                                   
00001c6b  ADC1_IRQHandler                                   
00001c6b  AES_IRQHandler                                    
0000275a  C$$EXIT                                           
00001c6b  CANFD0_IRQHandler                                 
00001c6b  DAC0_IRQHandler                                   
0000226d  DL_ADC12_setClockConfig                           
00002721  DL_Common_delayCycles                             
000020f9  DL_DMA_initChannel                                
00002655  DL_FlashCTL_eraseMemoryFromRAM                    
00002501  DL_FlashCTL_programMemoryFromRAM64WithECCGenerated
00001989  DL_FlashCTL_unprotectSector                       
000018a1  DL_Timer_initTimerMode                            
0000261d  DL_Timer_setClockConfig                           
000021dd  DL_UART_init                                      
000026a9  DL_UART_setClockConfig                            
000025bd  DL_UART_transmitDataBlocking                      
00001c6b  DMA_IRQHandler                                    
00001c6b  Default_Handler                                   
00001da9  EEPROM_TypeB_eraseAllGroups                       
00001c6d  EEPROM_TypeB_eraseGroup                           
00001b21  EEPROM_TypeB_eraseNonActiveGroups                 
000017a1  EEPROM_TypeB_init                                 
00001eb9  EEPROM_TypeB_readDataItem                         
00000f05  EEPROM_TypeB_transferDataItem                     
000022ad  EEPROM_TypeB_write                                
00001691  EEPROM_TypeB_writeDataItem                        
00001c6b  GROUP0_IRQHandler                                 
00001c6b  GROUP1_IRQHandler                                 
0000275b  HOSTexit                                          
00001c6b  HardFault_Handler                                 
00001c6b  I2C0_IRQHandler                                   
00001c6b  I2C1_IRQHandler                                   
000011b1  LED_update                                        
00001c6b  NMI_Handler                                       
00001c6b  PendSV_Handler                                    
00001c6b  RTC_IRQHandler                                    
0000275f  Reset_Handler                                     
00001c6b  SPI0_IRQHandler                                   
00001c6b  SPI1_IRQHandler                                   
00001c6b  SVC_Handler                                       
00001a61  SYSCFG_DL_ADC12_0_init                            
00002551  SYSCFG_DL_DMA_CH0_init                            
0000272b  SYSCFG_DL_DMA_init                                
000020a9  SYSCFG_DL_GPIO_init                               
00002469  SYSCFG_DL_KEY_TIMER_1_init                        
000022ed  SYSCFG_DL_SYSCTL_init                             
0000232d  SYSCFG_DL_TIMER_0_init                            
00001f29  SYSCFG_DL_UART_0_init                             
000024a1  SYSCFG_DL_init                                    
00002055  SYSCFG_DL_initPower                               
00001c6b  SysTick_Handler                                   
00001c6b  TIMA0_IRQHandler                                  
0000157d  TIMA1_IRQHandler                                  
00001c6b  TIMG0_IRQHandler                                  
00001c6b  TIMG12_IRQHandler                                 
00001c6b  TIMG6_IRQHandler                                  
00001c6b  TIMG7_IRQHandler                                  
00001c6b  TIMG8_IRQHandler                                  
00001c6b  UART0_IRQHandler                                  
00001c6b  UART1_IRQHandler                                  
00001c6b  UART2_IRQHandler                                  
00001c6b  UART3_IRQHandler                                  
20208000  __STACK_END                                       
00000200  __STACK_SIZE                                      
00000000  __TI_ATRegion0_region_sz                          
00000000  __TI_ATRegion0_src_addr                           
00000000  __TI_ATRegion0_trg_addr                           
00000000  __TI_ATRegion1_region_sz                          
00000000  __TI_ATRegion1_src_addr                           
00000000  __TI_ATRegion1_trg_addr                           
00000000  __TI_ATRegion2_region_sz                          
00000000  __TI_ATRegion2_src_addr                           
00000000  __TI_ATRegion2_trg_addr                           
00002b30  __TI_CINIT_Base                                   
00002b40  __TI_CINIT_Limit                                  
00002b40  __TI_CINIT_Warm                                   
00002b1c  __TI_Handler_Table_Base                           
00002b28  __TI_Handler_Table_Limit                          
00002191  __TI_auto_init_nopinit                            
00001e3d  __TI_decompress_lzss                              
000026bb  __TI_decompress_none                              
ffffffff  __TI_pprof_out_hndl                               
000000c1  __TI_printfi_nofloat                              
ffffffff  __TI_prof_data_size                               
ffffffff  __TI_prof_data_start                              
00000000  __TI_static_base__                                
00002b40  __TI_table_binit                                  
000026dd  __TI_zero_init                                    
00002780  __aeabi_ctype_table_                              
00002780  __aeabi_ctype_table_C                             
20200b60  __aeabi_errno                                     
00002735  __aeabi_errno_addr                                
00001da7  __aeabi_idiv0                                     
00001ff7  __aeabi_ldiv0                                     
000025fd  __aeabi_llsl                                      
00002575  __aeabi_lmul                                      
00002709  __aeabi_memclr                                    
00002709  __aeabi_memclr4                                   
00002709  __aeabi_memclr8                                   
0000273d  __aeabi_memcpy                                    
0000273d  __aeabi_memcpy4                                   
0000273d  __aeabi_memcpy8                                   
000026ed  __aeabi_memset                                    
000026ed  __aeabi_memset4                                   
000026ed  __aeabi_memset8                                   
0000236d  __aeabi_uidiv                                     
0000236d  __aeabi_uidivmod                                  
0000266d  __aeabi_uldivmod                                  
000025fd  __ashldi3                                         
00002b40  __binit__                                         
UNDEFED   __mpu_init                                        
00002575  __muldi3                                          
0000242d  __muldsi3                                         
20207e00  __stack                                           
20200000  __start___llvm_prf_bits                           
20200000  __start___llvm_prf_cnts                           
20200000  __stop___llvm_prf_bits                            
20200000  __stop___llvm_prf_cnts                            
00001bc9  __udivmoddi4                                      
00002529  _c_int00_noargs                                   
20200a08  _ftable                                           
20200b64  _lock                                             
00002467  _nop                                              
UNDEFED   _system_post_cinit                                
00002763  _system_pre_init                                  
20200b68  _unlock                                           
00002755  abort                                             
000023ad  atoi                                              
20200948  avg                                               
00002b40  binit                                             
20200968  black_threshold                                   
20200988  black_val                                         
00002145  copy_in                                           
20200b6c  flag                                              
00002681  fputc                                             
000023ed  fputs                                             
20200000  gADCSamples                                       
20200b74  gActiveDataItemNum                                
20200b76  gActiveGroupNum                                   
20200b78  gEEPROMTypeBEraseFlag                             
20200b79  gEEPROMTypeBSearchFlag                            
20200b7a  gEEPROMTypeBTransferInProgressFlag                
202007d0  gKEY_TIMER_1Backup                                
2020088c  gTIMER_0Backup                                    
20200b70  g_system_tick                                     
00000000  interruptVectors                                  
00002715  key_get_tick                                      
00002639  key_init                                          
00002695  key_register_callback                             
202009a8  last_avg                                          
20200af8  leds                                              
00000929  main                                              
00002599  memccpy                                           
00001d0d  memcpy                                            
00001f95  memset                                            
00000c29  on_key_b1_event                                   
000025dd  on_key_b2_event                                   
00001ff9  printf                                            
00001435  process_avg_and_restart_timer                     
00002225  puts                                              
20200b7b  system_state                                      
000026cd  wcslen                                            
202009c8  white_threshold                                   
202009e8  white_val                                         


GLOBAL SYMBOLS: SORTED BY Symbol Address 

address   name                                              
-------   ----                                              
00000000  __TI_ATRegion0_region_sz                          
00000000  __TI_ATRegion0_src_addr                           
00000000  __TI_ATRegion0_trg_addr                           
00000000  __TI_ATRegion1_region_sz                          
00000000  __TI_ATRegion1_src_addr                           
00000000  __TI_ATRegion1_trg_addr                           
00000000  __TI_ATRegion2_region_sz                          
00000000  __TI_ATRegion2_src_addr                           
00000000  __TI_ATRegion2_trg_addr                           
00000000  __TI_static_base__                                
00000000  interruptVectors                                  
000000c1  __TI_printfi_nofloat                              
00000200  __STACK_SIZE                                      
00000929  main                                              
00000c29  on_key_b1_event                                   
00000f05  EEPROM_TypeB_transferDataItem                     
000011b1  LED_update                                        
00001435  process_avg_and_restart_timer                     
0000157d  TIMA1_IRQHandler                                  
00001691  EEPROM_TypeB_writeDataItem                        
000017a1  EEPROM_TypeB_init                                 
000018a1  DL_Timer_initTimerMode                            
00001989  DL_FlashCTL_unprotectSector                       
00001a61  SYSCFG_DL_ADC12_0_init                            
00001b21  EEPROM_TypeB_eraseNonActiveGroups                 
00001bc9  __udivmoddi4                                      
00001c6b  ADC1_IRQHandler                                   
00001c6b  AES_IRQHandler                                    
00001c6b  CANFD0_IRQHandler                                 
00001c6b  DAC0_IRQHandler                                   
00001c6b  DMA_IRQHandler                                    
00001c6b  Default_Handler                                   
00001c6b  GROUP0_IRQHandler                                 
00001c6b  GROUP1_IRQHandler                                 
00001c6b  HardFault_Handler                                 
00001c6b  I2C0_IRQHandler                                   
00001c6b  I2C1_IRQHandler                                   
00001c6b  NMI_Handler                                       
00001c6b  PendSV_Handler                                    
00001c6b  RTC_IRQHandler                                    
00001c6b  SPI0_IRQHandler                                   
00001c6b  SPI1_IRQHandler                                   
00001c6b  SVC_Handler                                       
00001c6b  SysTick_Handler                                   
00001c6b  TIMA0_IRQHandler                                  
00001c6b  TIMG0_IRQHandler                                  
00001c6b  TIMG12_IRQHandler                                 
00001c6b  TIMG6_IRQHandler                                  
00001c6b  TIMG7_IRQHandler                                  
00001c6b  TIMG8_IRQHandler                                  
00001c6b  UART0_IRQHandler                                  
00001c6b  UART1_IRQHandler                                  
00001c6b  UART2_IRQHandler                                  
00001c6b  UART3_IRQHandler                                  
00001c6d  EEPROM_TypeB_eraseGroup                           
00001d0d  memcpy                                            
00001da7  __aeabi_idiv0                                     
00001da9  EEPROM_TypeB_eraseAllGroups                       
00001e3d  __TI_decompress_lzss                              
00001eb9  EEPROM_TypeB_readDataItem                         
00001f29  SYSCFG_DL_UART_0_init                             
00001f95  memset                                            
00001ff7  __aeabi_ldiv0                                     
00001ff9  printf                                            
00002055  SYSCFG_DL_initPower                               
000020a9  SYSCFG_DL_GPIO_init                               
000020f9  DL_DMA_initChannel                                
00002145  copy_in                                           
00002191  __TI_auto_init_nopinit                            
000021dd  DL_UART_init                                      
00002225  puts                                              
0000226d  DL_ADC12_setClockConfig                           
000022ad  EEPROM_TypeB_write                                
000022ed  SYSCFG_DL_SYSCTL_init                             
0000232d  SYSCFG_DL_TIMER_0_init                            
0000236d  __aeabi_uidiv                                     
0000236d  __aeabi_uidivmod                                  
000023ad  atoi                                              
000023ed  fputs                                             
0000242d  __muldsi3                                         
00002467  _nop                                              
00002469  SYSCFG_DL_KEY_TIMER_1_init                        
000024a1  SYSCFG_DL_init                                    
000024d9  ADC0_IRQHandler                                   
00002501  DL_FlashCTL_programMemoryFromRAM64WithECCGenerated
00002529  _c_int00_noargs                                   
00002551  SYSCFG_DL_DMA_CH0_init                            
00002575  __aeabi_lmul                                      
00002575  __muldi3                                          
00002599  memccpy                                           
000025bd  DL_UART_transmitDataBlocking                      
000025dd  on_key_b2_event                                   
000025fd  __aeabi_llsl                                      
000025fd  __ashldi3                                         
0000261d  DL_Timer_setClockConfig                           
00002639  key_init                                          
00002655  DL_FlashCTL_eraseMemoryFromRAM                    
0000266d  __aeabi_uldivmod                                  
00002681  fputc                                             
00002695  key_register_callback                             
000026a9  DL_UART_setClockConfig                            
000026bb  __TI_decompress_none                              
000026cd  wcslen                                            
000026dd  __TI_zero_init                                    
000026ed  __aeabi_memset                                    
000026ed  __aeabi_memset4                                   
000026ed  __aeabi_memset8                                   
00002709  __aeabi_memclr                                    
00002709  __aeabi_memclr4                                   
00002709  __aeabi_memclr8                                   
00002715  key_get_tick                                      
00002721  DL_Common_delayCycles                             
0000272b  SYSCFG_DL_DMA_init                                
00002735  __aeabi_errno_addr                                
0000273d  __aeabi_memcpy                                    
0000273d  __aeabi_memcpy4                                   
0000273d  __aeabi_memcpy8                                   
00002755  abort                                             
0000275a  C$$EXIT                                           
0000275b  HOSTexit                                          
0000275f  Reset_Handler                                     
00002763  _system_pre_init                                  
00002780  __aeabi_ctype_table_                              
00002780  __aeabi_ctype_table_C                             
00002b1c  __TI_Handler_Table_Base                           
00002b28  __TI_Handler_Table_Limit                          
00002b30  __TI_CINIT_Base                                   
00002b40  __TI_CINIT_Limit                                  
00002b40  __TI_CINIT_Warm                                   
00002b40  __TI_table_binit                                  
00002b40  __binit__                                         
00002b40  binit                                             
20200000  __start___llvm_prf_bits                           
20200000  __start___llvm_prf_cnts                           
20200000  __stop___llvm_prf_bits                            
20200000  __stop___llvm_prf_cnts                            
20200000  gADCSamples                                       
202007d0  gKEY_TIMER_1Backup                                
2020088c  gTIMER_0Backup                                    
20200948  avg                                               
20200968  black_threshold                                   
20200988  black_val                                         
202009a8  last_avg                                          
202009c8  white_threshold                                   
202009e8  white_val                                         
20200a08  _ftable                                           
20200af8  leds                                              
20200b60  __aeabi_errno                                     
20200b64  _lock                                             
20200b68  _unlock                                           
20200b6c  flag                                              
20200b70  g_system_tick                                     
20200b74  gActiveDataItemNum                                
20200b76  gActiveGroupNum                                   
20200b78  gEEPROMTypeBEraseFlag                             
20200b79  gEEPROMTypeBSearchFlag                            
20200b7a  gEEPROMTypeBTransferInProgressFlag                
20200b7b  system_state                                      
20207e00  __stack                                           
20208000  __STACK_END                                       
ffffffff  __TI_pprof_out_hndl                               
ffffffff  __TI_prof_data_size                               
ffffffff  __TI_prof_data_start                              
UNDEFED   __mpu_init                                        
UNDEFED   _system_post_cinit                                

[165 symbols]
