******************************************************************************
            TI ARM Clang Linker PC v4.0.3                      
******************************************************************************
>> Linked Sun Dec 14 10:37:10 2025

OUTPUT FILE NAME:   <huidu_yjian.out>
ENTRY POINT SYMBOL: "_c_int00_noargs"  address: 00000975


MEMORY CONFIGURATION

         name            origin    length      used     unused   attr    fill
----------------------  --------  ---------  --------  --------  ----  --------
  FLASH                 00000000   00020000  00000b78  0001f488  R  X
  SRAM                  20200000   00008000  000015b8  00006a48  RW X
  BCR_CONFIG            41c00000   000000ff  00000000  000000ff  R   
  BSL_CONFIG            41c00100   00000080  00000000  00000080  R   


SEGMENT ALLOCATION MAP

run origin  load origin   length   init length attrs members
----------  ----------- ---------- ----------- ----- -------
00000000    00000000    00000b78   00000b78    r-x
  00000000    00000000    000000c0   000000c0    r-- .intvecs
  000000c0    000000c0    00000a10   00000a10    r-x .text
  00000ad0    00000ad0    00000058   00000058    r-- .rodata
  00000b28    00000b28    00000050   00000050    r-- .cinit
20200000    20200000    000013b8   00000000    rw-
  20200000    20200000    000012c0   00000000    rw- .bss
  202012c0    202012c0    000000f8   00000000    rw- .data
20207e00    20207e00    00000200   00000000    rw-
  20207e00    20207e00    00000200   00000000    rw- .stack


SECTION ALLOCATION MAP

 output                                  attributes/
section   page    origin      length       input sections
--------  ----  ----------  ----------   ----------------
.intvecs   0    00000000    000000c0     
                  00000000    000000c0     startup_mspm0g350x_ticlang.o (.intvecs)

.text      0    000000c0    00000a10     
                  000000c0    00000284     libc.a : _printfi.c.obj (.text:__TI_printfi_minimal)
                  00000344    000000b0     ti_msp_dl_config.o (.text.SYSCFG_DL_ADC12_0_init)
                  000003f4    0000009a     libc.a : memcpy16.S.obj (.text:memcpy)
                  0000048e    00000002     startup_mspm0g350x_ticlang.o (.text.Default_Handler)
                  00000490    00000090     empty.o (.text.ADC0_IRQHandler)
                  00000520    0000007c     libc.a : copy_decompress_lzss.c.obj (.text:decompress:lzss)
                  0000059c    0000006c     ti_msp_dl_config.o (.text.SYSCFG_DL_UART_0_init)
                  00000608    00000062     libc.a : memset16.S.obj (.text:memset)
                  0000066a    00000002     libclang_rt.builtins.a : aeabi_div0.c.obj (.text.__aeabi_idiv0)
                  0000066c    0000005c     libc.a : printf.c.obj (.text.printf)
                  000006c8    00000050     empty.o (.text.main)
                  00000718    0000004c     driverlib.a : dl_dma.o (.text.DL_DMA_initChannel)
                  00000764    0000004c     ti_msp_dl_config.o (.text.SYSCFG_DL_GPIO_init)
                  000007b0    00000048     driverlib.a : dl_uart.o (.text.DL_UART_init)
                  000007f8    00000040                 : dl_adc12.o (.text.DL_ADC12_setClockConfig)
                  00000838    00000040     ti_msp_dl_config.o (.text.SYSCFG_DL_SYSCTL_init)
                  00000878    00000040     ti_msp_dl_config.o (.text.SYSCFG_DL_initPower)
                  000008b8    00000040     libclang_rt.builtins.a : aeabi_uidivmod.S.obj (.text.__aeabi_uidivmod)
                  000008f8    00000040     empty.o (.text.fputs)
                  00000938    0000003c     libc.a : autoinit.c.obj (.text:__TI_auto_init_nobinit_nopinit)
                  00000974    00000028            : boot_cortex_m.c.obj (.text:_c_int00_noargs)
                  0000099c    00000024     ti_msp_dl_config.o (.text.SYSCFG_DL_DMA_CH0_init)
                  000009c0    00000022     libc.a : memccpy.c.obj (.text.memccpy)
                  000009e2    00000002            : _lock.c.obj (.text._nop)
                  000009e4    00000020     driverlib.a : dl_uart.o (.text.DL_UART_transmitDataBlocking)
                  00000a04    0000001c     ti_msp_dl_config.o (.text.SYSCFG_DL_init)
                  00000a20    00000014     empty.o (.text.fputc)
                  00000a34    00000012     driverlib.a : dl_uart.o (.text.DL_UART_setClockConfig)
                  00000a46    00000012     libc.a : copy_decompress_none.c.obj (.text:decompress:none)
                  00000a58    00000010            : copy_zero_init.c.obj (.text:decompress:ZI)
                  00000a68    0000000e     libclang_rt.builtins.a : aeabi_memset.S.obj (.text.__aeabi_memset)
                  00000a76    0000000e     libc.a : _printfi.c.obj (.text.strlen)
                  00000a84    0000000c     libclang_rt.builtins.a : aeabi_memset.S.obj (.text.__aeabi_memclr)
                  00000a90    0000000a     driverlib.a : dl_common.o (.text.DL_Common_delayCycles)
                  00000a9a    00000008     ti_msp_dl_config.o (.text.SYSCFG_DL_DMA_init)
                  00000aa2    00000002     --HOLE-- [fill = 0]
                  00000aa4    00000008     libclang_rt.builtins.a : aeabi_memcpy.S.obj (.text.__aeabi_memcpy)
                  00000aac    00000008     libc.a : printf.c.obj (.text._outc)
                  00000ab4    00000008            : printf.c.obj (.text._outs)
                  00000abc    00000006            : exit.c.obj (.text:abort)
                  00000ac2    00000004     libsysbm.a : hostexit.c.obj (.text.HOSTexit)
                  00000ac6    00000004     startup_mspm0g350x_ticlang.o (.text.Reset_Handler)
                  00000aca    00000004     libc.a : pre_init.c.obj (.text._system_pre_init)
                  00000ace    00000002     --HOLE-- [fill = 0]

.cinit     0    00000b28    00000050     
                  00000b28    00000028     (.cinit..data.load) [load image, compression = lzss]
                  00000b50    0000000c     (__TI_handler_table)
                  00000b5c    00000008     (.cinit..bss.load) [load image, compression = zero_init]
                  00000b64    00000010     (__TI_cinit_table)
                  00000b74    00000004     --HOLE-- [fill = 0]

.rodata    0    00000ad0    00000058     
                  00000ad0    00000018     ti_msp_dl_config.o (.rodata.gDMA_CH0Config)
                  00000ae8    00000017     empty.o (.rodata.str1.9517790425240694019.1)
                  00000aff    00000011     libc.a : _printfi.c.obj (.rodata.str1.15363888844622738466.1)
                  00000b10    0000000a     ti_msp_dl_config.o (.rodata.gUART_0Config)
                  00000b1a    00000002     ti_msp_dl_config.o (.rodata.gUART_0ClockConfig)
                  00000b1c    00000008     ti_msp_dl_config.o (.rodata.gADC12_0ClockConfig)
                  00000b24    00000004     --HOLE-- [fill = 0]

.init_array 
*          0    00000000    00000000     UNINITIALIZED

.binit     0    00000000    00000000     

.bss       0    20200000    000012c0     UNINITIALIZED
                  20200000    000012c0     (.common:gADCSamples)

.data      0    202012c0    000000f8     UNINITIALIZED
                  202012c0    000000f0     libc.a : defs.c.obj (.data._ftable)
                  202013b0    00000004            : _lock.c.obj (.data._lock)
                  202013b4    00000004            : _lock.c.obj (.data._unlock)

.stack     0    20207e00    00000200     UNINITIALIZED
                  20207e00    00000004     libc.a : boot_cortex_m.c.obj (.stack)
                  20207e04    000001fc     --HOLE--

__llvm_prf_cnts 
*          0    20200000    00000000     UNINITIALIZED

__llvm_prf_bits 
*          0    20200000    00000000     UNINITIALIZED

MODULE SUMMARY

       Module                         code   ro data   rw data
       ------                         ----   -------   -------
    .\
       empty.o                        308    23        4800   
       ti_msp_dl_config.o             560    44        0      
       startup_mspm0g350x_ticlang.o   6      192       0      
    +--+------------------------------+------+---------+---------+
       Total:                         874    259       4800   
                                                              
    D:/MCU/CCS/mspm0_sdk_2_05_01_00/source/ti/driverlib/lib/ticlang/m0p/mspm0g1x0x_g3x0x/driverlib.a
       dl_uart.o                      122    0         0      
       dl_dma.o                       76     0         0      
       dl_adc12.o                     64     0         0      
       dl_common.o                    10     0         0      
    +--+------------------------------+------+---------+---------+
       Total:                         272    0         0      
                                                              
    D:\MCU\CCS\ccs\tools\compiler\ti-cgt-armllvm_4.0.3.LTS\lib\armv6m-ti-none-eabi/c/libc.a
       _printfi.c.obj                 658    17        0      
       defs.c.obj                     0      0         240    
       memcpy16.S.obj                 154    0         0      
       copy_decompress_lzss.c.obj     124    0         0      
       printf.c.obj                   108    0         0      
       memset16.S.obj                 98     0         0      
       autoinit.c.obj                 60     0         0      
       boot_cortex_m.c.obj            40     0         0      
       memccpy.c.obj                  34     0         0      
       copy_decompress_none.c.obj     18     0         0      
       copy_zero_init.c.obj           16     0         0      
       _lock.c.obj                    2      0         8      
       exit.c.obj                     6      0         0      
       pre_init.c.obj                 4      0         0      
    +--+------------------------------+------+---------+---------+
       Total:                         1322   17        248    
                                                              
    D:\MCU\CCS\ccs\tools\compiler\ti-cgt-armllvm_4.0.3.LTS\lib\armv6m-ti-none-eabi/c/libsysbm.a
       hostexit.c.obj                 4      0         0      
    +--+------------------------------+------+---------+---------+
       Total:                         4      0         0      
                                                              
    D:\MCU\CCS\ccs\tools\compiler\ti-cgt-armllvm_4.0.3.LTS\lib\armv6m-ti-none-eabi/libclang_rt.builtins.a
       aeabi_uidivmod.S.obj           64     0         0      
       aeabi_memset.S.obj             26     0         0      
       aeabi_memcpy.S.obj             8      0         0      
       aeabi_div0.c.obj               2      0         0      
    +--+------------------------------+------+---------+---------+
       Total:                         100    0         0      
                                                              
       Stack:                         0      0         512    
       Linker Generated:              0      76        0      
    +--+------------------------------+------+---------+---------+
       Grand Total:                   2572   352       5560   


LINKER GENERATED COPY TABLES

__TI_cinit_table @ 00000b64 records: 2, size/record: 8, table size: 16
	.data: load addr=00000b28, load size=00000028 bytes, run addr=202012c0, run size=000000f8 bytes, compression=lzss
	.bss: load addr=00000b5c, load size=00000008 bytes, run addr=20200000, run size=000012c0 bytes, compression=zero_init


LINKER GENERATED HANDLER TABLE

__TI_handler_table @ 00000b50 records: 3, size/record: 4, table size: 12
	index: 0, handler: __TI_decompress_lzss
	index: 1, handler: __TI_decompress_none
	index: 2, handler: __TI_zero_init


GLOBAL SYMBOLS: SORTED ALPHABETICALLY BY Name 

address   name                          
-------   ----                          
00000491  ADC0_IRQHandler               
0000048f  ADC1_IRQHandler               
0000048f  AES_IRQHandler                
00000ac2  C$$EXIT                       
0000048f  CANFD0_IRQHandler             
0000048f  DAC0_IRQHandler               
000007f9  DL_ADC12_setClockConfig       
00000a91  DL_Common_delayCycles         
00000719  DL_DMA_initChannel            
000007b1  DL_UART_init                  
00000a35  DL_UART_setClockConfig        
000009e5  DL_UART_transmitDataBlocking  
0000048f  DMA_IRQHandler                
0000048f  Default_Handler               
0000048f  GROUP0_IRQHandler             
0000048f  GROUP1_IRQHandler             
00000ac3  HOSTexit                      
0000048f  HardFault_Handler             
0000048f  I2C0_IRQHandler               
0000048f  I2C1_IRQHandler               
0000048f  NMI_Handler                   
0000048f  PendSV_Handler                
0000048f  RTC_IRQHandler                
00000ac7  Reset_Handler                 
0000048f  SPI0_IRQHandler               
0000048f  SPI1_IRQHandler               
0000048f  SVC_Handler                   
00000345  SYSCFG_DL_ADC12_0_init        
0000099d  SYSCFG_DL_DMA_CH0_init        
00000a9b  SYSCFG_DL_DMA_init            
00000765  SYSCFG_DL_GPIO_init           
00000839  SYSCFG_DL_SYSCTL_init         
0000059d  SYSCFG_DL_UART_0_init         
00000a05  SYSCFG_DL_init                
00000879  SYSCFG_DL_initPower           
0000048f  SysTick_Handler               
0000048f  TIMA0_IRQHandler              
0000048f  TIMA1_IRQHandler              
0000048f  TIMG0_IRQHandler              
0000048f  TIMG12_IRQHandler             
0000048f  TIMG6_IRQHandler              
0000048f  TIMG7_IRQHandler              
0000048f  TIMG8_IRQHandler              
0000048f  UART0_IRQHandler              
0000048f  UART1_IRQHandler              
0000048f  UART2_IRQHandler              
0000048f  UART3_IRQHandler              
20208000  __STACK_END                   
00000200  __STACK_SIZE                  
00000000  __TI_ATRegion0_region_sz      
00000000  __TI_ATRegion0_src_addr       
00000000  __TI_ATRegion0_trg_addr       
00000000  __TI_ATRegion1_region_sz      
00000000  __TI_ATRegion1_src_addr       
00000000  __TI_ATRegion1_trg_addr       
00000000  __TI_ATRegion2_region_sz      
00000000  __TI_ATRegion2_src_addr       
00000000  __TI_ATRegion2_trg_addr       
00000b64  __TI_CINIT_Base               
00000b74  __TI_CINIT_Limit              
00000b74  __TI_CINIT_Warm               
00000b50  __TI_Handler_Table_Base       
00000b5c  __TI_Handler_Table_Limit      
00000939  __TI_auto_init_nobinit_nopinit
00000521  __TI_decompress_lzss          
00000a47  __TI_decompress_none          
ffffffff  __TI_pprof_out_hndl           
000000c1  __TI_printfi_minimal          
ffffffff  __TI_prof_data_size           
ffffffff  __TI_prof_data_start          
00000000  __TI_static_base__            
00000a59  __TI_zero_init                
0000066b  __aeabi_idiv0                 
00000a85  __aeabi_memclr                
00000a85  __aeabi_memclr4               
00000a85  __aeabi_memclr8               
00000aa5  __aeabi_memcpy                
00000aa5  __aeabi_memcpy4               
00000aa5  __aeabi_memcpy8               
00000a69  __aeabi_memset                
00000a69  __aeabi_memset4               
00000a69  __aeabi_memset8               
000008b9  __aeabi_uidiv                 
000008b9  __aeabi_uidivmod              
ffffffff  __binit__                     
UNDEFED   __mpu_init                    
20207e00  __stack                       
20200000  __start___llvm_prf_bits       
20200000  __start___llvm_prf_cnts       
20200000  __stop___llvm_prf_bits        
20200000  __stop___llvm_prf_cnts        
00000975  _c_int00_noargs               
202012c0  _ftable                       
202013b0  _lock                         
000009e3  _nop                          
UNDEFED   _system_post_cinit            
00000acb  _system_pre_init              
202013b4  _unlock                       
00000abd  abort                         
ffffffff  binit                         
00000a21  fputc                         
000008f9  fputs                         
20200000  gADCSamples                   
00000000  interruptVectors              
000006c9  main                          
000009c1  memccpy                       
000003f5  memcpy                        
00000609  memset                        
0000066d  printf                        


GLOBAL SYMBOLS: SORTED BY Symbol Address 

address   name                          
-------   ----                          
00000000  __TI_ATRegion0_region_sz      
00000000  __TI_ATRegion0_src_addr       
00000000  __TI_ATRegion0_trg_addr       
00000000  __TI_ATRegion1_region_sz      
00000000  __TI_ATRegion1_src_addr       
00000000  __TI_ATRegion1_trg_addr       
00000000  __TI_ATRegion2_region_sz      
00000000  __TI_ATRegion2_src_addr       
00000000  __TI_ATRegion2_trg_addr       
00000000  __TI_static_base__            
00000000  interruptVectors              
000000c1  __TI_printfi_minimal          
00000200  __STACK_SIZE                  
00000345  SYSCFG_DL_ADC12_0_init        
000003f5  memcpy                        
0000048f  ADC1_IRQHandler               
0000048f  AES_IRQHandler                
0000048f  CANFD0_IRQHandler             
0000048f  DAC0_IRQHandler               
0000048f  DMA_IRQHandler                
0000048f  Default_Handler               
0000048f  GROUP0_IRQHandler             
0000048f  GROUP1_IRQHandler             
0000048f  HardFault_Handler             
0000048f  I2C0_IRQHandler               
0000048f  I2C1_IRQHandler               
0000048f  NMI_Handler                   
0000048f  PendSV_Handler                
0000048f  RTC_IRQHandler                
0000048f  SPI0_IRQHandler               
0000048f  SPI1_IRQHandler               
0000048f  SVC_Handler                   
0000048f  SysTick_Handler               
0000048f  TIMA0_IRQHandler              
0000048f  TIMA1_IRQHandler              
0000048f  TIMG0_IRQHandler              
0000048f  TIMG12_IRQHandler             
0000048f  TIMG6_IRQHandler              
0000048f  TIMG7_IRQHandler              
0000048f  TIMG8_IRQHandler              
0000048f  UART0_IRQHandler              
0000048f  UART1_IRQHandler              
0000048f  UART2_IRQHandler              
0000048f  UART3_IRQHandler              
00000491  ADC0_IRQHandler               
00000521  __TI_decompress_lzss          
0000059d  SYSCFG_DL_UART_0_init         
00000609  memset                        
0000066b  __aeabi_idiv0                 
0000066d  printf                        
000006c9  main                          
00000719  DL_DMA_initChannel            
00000765  SYSCFG_DL_GPIO_init           
000007b1  DL_UART_init                  
000007f9  DL_ADC12_setClockConfig       
00000839  SYSCFG_DL_SYSCTL_init         
00000879  SYSCFG_DL_initPower           
000008b9  __aeabi_uidiv                 
000008b9  __aeabi_uidivmod              
000008f9  fputs                         
00000939  __TI_auto_init_nobinit_nopinit
00000975  _c_int00_noargs               
0000099d  SYSCFG_DL_DMA_CH0_init        
000009c1  memccpy                       
000009e3  _nop                          
000009e5  DL_UART_transmitDataBlocking  
00000a05  SYSCFG_DL_init                
00000a21  fputc                         
00000a35  DL_UART_setClockConfig        
00000a47  __TI_decompress_none          
00000a59  __TI_zero_init                
00000a69  __aeabi_memset                
00000a69  __aeabi_memset4               
00000a69  __aeabi_memset8               
00000a85  __aeabi_memclr                
00000a85  __aeabi_memclr4               
00000a85  __aeabi_memclr8               
00000a91  DL_Common_delayCycles         
00000a9b  SYSCFG_DL_DMA_init            
00000aa5  __aeabi_memcpy                
00000aa5  __aeabi_memcpy4               
00000aa5  __aeabi_memcpy8               
00000abd  abort                         
00000ac2  C$$EXIT                       
00000ac3  HOSTexit                      
00000ac7  Reset_Handler                 
00000acb  _system_pre_init              
00000b50  __TI_Handler_Table_Base       
00000b5c  __TI_Handler_Table_Limit      
00000b64  __TI_CINIT_Base               
00000b74  __TI_CINIT_Limit              
00000b74  __TI_CINIT_Warm               
20200000  __start___llvm_prf_bits       
20200000  __start___llvm_prf_cnts       
20200000  __stop___llvm_prf_bits        
20200000  __stop___llvm_prf_cnts        
20200000  gADCSamples                   
202012c0  _ftable                       
202013b0  _lock                         
202013b4  _unlock                       
20207e00  __stack                       
20208000  __STACK_END                   
ffffffff  __TI_pprof_out_hndl           
ffffffff  __TI_prof_data_size           
ffffffff  __TI_prof_data_start          
ffffffff  __binit__                     
ffffffff  binit                         
UNDEFED   __mpu_init                    
UNDEFED   _system_post_cinit            

[109 symbols]
