******************************************************************************
            TI ARM Clang Linker PC v4.0.3                      
******************************************************************************
>> Linked Fri Dec 12 15:13:23 2025

OUTPUT FILE NAME:   <huidu_yjian.out>
ENTRY POINT SYMBOL: "_c_int00_noinit_noargs"  address: 00000481


MEMORY CONFIGURATION

         name            origin    length      used     unused   attr    fill
----------------------  --------  ---------  --------  --------  ----  --------
  FLASH                 00000000   00020000  00000510  0001faf0  R  X
  SRAM                  20200000   00008000  00000200  00007e00  RW X
  BCR_CONFIG            41c00000   000000ff  00000000  000000ff  R   
  BSL_CONFIG            41c00100   00000080  00000000  00000080  R   


SEGMENT ALLOCATION MAP

run origin  load origin   length   init length attrs members
----------  ----------- ---------- ----------- ----- -------
00000000    00000000    00000510   00000510    r-x
  00000000    00000000    000000c0   000000c0    r-- .intvecs
  000000c0    000000c0    00000410   00000410    r-x .text
  000004d0    000004d0    00000040   00000040    r-- .rodata
20207e00    20207e00    00000200   00000000    rw-
  20207e00    20207e00    00000200   00000000    rw- .stack


SECTION ALLOCATION MAP

 output                                  attributes/
section   page    origin      length       input sections
--------  ----  ----------  ----------   ----------------
.intvecs   0    00000000    000000c0     
                  00000000    000000c0     startup_mspm0g350x_ticlang.o (.intvecs)

.text      0    000000c0    00000410     
                  000000c0    00000314     empty.o (.text.main)
                  000003d4    00000040     ti_msp_dl_config.o (.text.SYSCFG_DL_GPIO_init)
                  00000414    00000040     ti_msp_dl_config.o (.text.SYSCFG_DL_SYSCTL_init)
                  00000454    0000002c     ti_msp_dl_config.o (.text.SYSCFG_DL_initPower)
                  00000480    00000020     libc.a : boot_cortex_m.c.obj (.text:_c_int00_noinit_noargs)
                  000004a0    00000010     ti_msp_dl_config.o (.text.SYSCFG_DL_init)
                  000004b0    0000000a     driverlib.a : dl_common.o (.text.DL_Common_delayCycles)
                  000004ba    00000006     libc.a : exit.c.obj (.text:abort)
                  000004c0    00000004     libsysbm.a : hostexit.c.obj (.text.HOSTexit)
                  000004c4    00000004     startup_mspm0g350x_ticlang.o (.text.Reset_Handler)
                  000004c8    00000004     libc.a : pre_init.c.obj (.text._system_pre_init)
                  000004cc    00000002     startup_mspm0g350x_ticlang.o (.text.Default_Handler)
                  000004ce    00000002     --HOLE-- [fill = 0]

.cinit     0    00000000    00000000     

.rodata    0    000004d0    00000040     
                  000004d0    00000040     empty.o (.rodata..L__const.main.leds)

.init_array 
*          0    00000000    00000000     UNINITIALIZED

.binit     0    00000000    00000000     

.stack     0    20207e00    00000200     UNINITIALIZED
                  20207e00    00000004     libc.a : boot_cortex_m.c.obj (.stack)
                  20207e04    000001fc     --HOLE--

__llvm_prf_cnts 
*          0    20200000    00000000     UNINITIALIZED

__llvm_prf_bits 
*          0    20200000    00000000     UNINITIALIZED

MODULE SUMMARY

       Module                         code   ro data   rw data
       ------                         ----   -------   -------
    .\
       empty.o                        788    64        0      
       startup_mspm0g350x_ticlang.o   6      192       0      
       ti_msp_dl_config.o             188    0         0      
    +--+------------------------------+------+---------+---------+
       Total:                         982    256       0      
                                                              
    D:/MCU/CCS/mspm0_sdk_2_05_01_00/source/ti/driverlib/lib/ticlang/m0p/mspm0g1x0x_g3x0x/driverlib.a
       dl_common.o                    10     0         0      
    +--+------------------------------+------+---------+---------+
       Total:                         10     0         0      
                                                              
    D:\MCU\CCS\ccs\tools\compiler\ti-cgt-armllvm_4.0.3.LTS\lib\armv6m-ti-none-eabi/c/libc.a
       boot_cortex_m.c.obj            32     0         0      
       exit.c.obj                     6      0         0      
       pre_init.c.obj                 4      0         0      
    +--+------------------------------+------+---------+---------+
       Total:                         42     0         0      
                                                              
    D:\MCU\CCS\ccs\tools\compiler\ti-cgt-armllvm_4.0.3.LTS\lib\armv6m-ti-none-eabi/c/libsysbm.a
       hostexit.c.obj                 4      0         0      
    +--+------------------------------+------+---------+---------+
       Total:                         4      0         0      
                                                              
       Stack:                         0      0         512    
    +--+------------------------------+------+---------+---------+
       Grand Total:                   1038   256       512    


GLOBAL SYMBOLS: SORTED ALPHABETICALLY BY Name 

address   name                    
-------   ----                    
000004cd  ADC0_IRQHandler         
000004cd  ADC1_IRQHandler         
000004cd  AES_IRQHandler          
000004c0  C$$EXIT                 
000004cd  CANFD0_IRQHandler       
000004cd  DAC0_IRQHandler         
000004b1  DL_Common_delayCycles   
000004cd  DMA_IRQHandler          
000004cd  Default_Handler         
000004cd  GROUP0_IRQHandler       
000004cd  GROUP1_IRQHandler       
000004c1  HOSTexit                
000004cd  HardFault_Handler       
000004cd  I2C0_IRQHandler         
000004cd  I2C1_IRQHandler         
000004cd  NMI_Handler             
000004cd  PendSV_Handler          
000004cd  RTC_IRQHandler          
000004c5  Reset_Handler           
000004cd  SPI0_IRQHandler         
000004cd  SPI1_IRQHandler         
000004cd  SVC_Handler             
000003d5  SYSCFG_DL_GPIO_init     
00000415  SYSCFG_DL_SYSCTL_init   
000004a1  SYSCFG_DL_init          
00000455  SYSCFG_DL_initPower     
000004cd  SysTick_Handler         
000004cd  TIMA0_IRQHandler        
000004cd  TIMA1_IRQHandler        
000004cd  TIMG0_IRQHandler        
000004cd  TIMG12_IRQHandler       
000004cd  TIMG6_IRQHandler        
000004cd  TIMG7_IRQHandler        
000004cd  TIMG8_IRQHandler        
000004cd  UART0_IRQHandler        
000004cd  UART1_IRQHandler        
000004cd  UART2_IRQHandler        
000004cd  UART3_IRQHandler        
20208000  __STACK_END             
00000200  __STACK_SIZE            
00000000  __TI_ATRegion0_region_sz
00000000  __TI_ATRegion0_src_addr 
00000000  __TI_ATRegion0_trg_addr 
00000000  __TI_ATRegion1_region_sz
00000000  __TI_ATRegion1_src_addr 
00000000  __TI_ATRegion1_trg_addr 
00000000  __TI_ATRegion2_region_sz
00000000  __TI_ATRegion2_src_addr 
00000000  __TI_ATRegion2_trg_addr 
00000000  __TI_CINIT_Base         
00000000  __TI_CINIT_Limit        
00000000  __TI_CINIT_Warm         
ffffffff  __TI_pprof_out_hndl     
ffffffff  __TI_prof_data_size     
ffffffff  __TI_prof_data_start    
00000000  __TI_static_base__      
ffffffff  __binit__               
UNDEFED   __mpu_init              
20207e00  __stack                 
20200000  __start___llvm_prf_bits 
20200000  __start___llvm_prf_cnts 
20200000  __stop___llvm_prf_bits  
20200000  __stop___llvm_prf_cnts  
00000481  _c_int00_noinit_noargs  
000004c9  _system_pre_init        
000004bb  abort                   
ffffffff  binit                   
00000000  interruptVectors        
000000c1  main                    


GLOBAL SYMBOLS: SORTED BY Symbol Address 

address   name                    
-------   ----                    
00000000  __TI_ATRegion0_region_sz
00000000  __TI_ATRegion0_src_addr 
00000000  __TI_ATRegion0_trg_addr 
00000000  __TI_ATRegion1_region_sz
00000000  __TI_ATRegion1_src_addr 
00000000  __TI_ATRegion1_trg_addr 
00000000  __TI_ATRegion2_region_sz
00000000  __TI_ATRegion2_src_addr 
00000000  __TI_ATRegion2_trg_addr 
00000000  __TI_CINIT_Base         
00000000  __TI_CINIT_Limit        
00000000  __TI_CINIT_Warm         
00000000  __TI_static_base__      
00000000  interruptVectors        
000000c1  main                    
00000200  __STACK_SIZE            
000003d5  SYSCFG_DL_GPIO_init     
00000415  SYSCFG_DL_SYSCTL_init   
00000455  SYSCFG_DL_initPower     
00000481  _c_int00_noinit_noargs  
000004a1  SYSCFG_DL_init          
000004b1  DL_Common_delayCycles   
000004bb  abort                   
000004c0  C$$EXIT                 
000004c1  HOSTexit                
000004c5  Reset_Handler           
000004c9  _system_pre_init        
000004cd  ADC0_IRQHandler         
000004cd  ADC1_IRQHandler         
000004cd  AES_IRQHandler          
000004cd  CANFD0_IRQHandler       
000004cd  DAC0_IRQHandler         
000004cd  DMA_IRQHandler          
000004cd  Default_Handler         
000004cd  GROUP0_IRQHandler       
000004cd  GROUP1_IRQHandler       
000004cd  HardFault_Handler       
000004cd  I2C0_IRQHandler         
000004cd  I2C1_IRQHandler         
000004cd  NMI_Handler             
000004cd  PendSV_Handler          
000004cd  RTC_IRQHandler          
000004cd  SPI0_IRQHandler         
000004cd  SPI1_IRQHandler         
000004cd  SVC_Handler             
000004cd  SysTick_Handler         
000004cd  TIMA0_IRQHandler        
000004cd  TIMA1_IRQHandler        
000004cd  TIMG0_IRQHandler        
000004cd  TIMG12_IRQHandler       
000004cd  TIMG6_IRQHandler        
000004cd  TIMG7_IRQHandler        
000004cd  TIMG8_IRQHandler        
000004cd  UART0_IRQHandler        
000004cd  UART1_IRQHandler        
000004cd  UART2_IRQHandler        
000004cd  UART3_IRQHandler        
20200000  __start___llvm_prf_bits 
20200000  __start___llvm_prf_cnts 
20200000  __stop___llvm_prf_bits  
20200000  __stop___llvm_prf_cnts  
20207e00  __stack                 
20208000  __STACK_END             
ffffffff  __TI_pprof_out_hndl     
ffffffff  __TI_prof_data_size     
ffffffff  __TI_prof_data_start    
ffffffff  __binit__               
ffffffff  binit                   
UNDEFED   __mpu_init              

[69 symbols]
