******************************************************************************
            TI ARM Clang Linker PC v4.0.3                      
******************************************************************************
>> Linked Sun Dec 14 16:09:05 2025

OUTPUT FILE NAME:   <huidu_yjian.out>
ENTRY POINT SYMBOL: "_c_int00_noargs"  address: 000012ed


MEMORY CONFIGURATION

         name            origin    length      used     unused   attr    fill
----------------------  --------  ---------  --------  --------  ----  --------
  FLASH                 00000000   00020000  00001688  0001e978  R  X
  SRAM                  20200000   00008000  0000169c  00006964  RW X
  BCR_CONFIG            41c00000   000000ff  00000000  000000ff  R   
  BSL_CONFIG            41c00100   00000080  00000000  00000080  R   


SEGMENT ALLOCATION MAP

run origin  load origin   length   init length attrs members
----------  ----------- ---------- ----------- ----- -------
00000000    00000000    000014b8   000014b8    r-x
  00000000    00000000    000000c0   000000c0    r-- .intvecs
  000000c0    000000c0    000013f8   000013f8    r-x .text
000014c0    000014c0    000001d0   000001d0    r--
  000014c0    000014c0    00000180   00000180    r-- .rodata
  00001640    00001640    00000050   00000050    r-- .cinit
20200000    20200000    0000149c   00000000    rw-
  20200000    20200000    0000139c   00000000    rw- .bss
  2020139c    2020139c    00000100   00000000    rw- .data
20207e00    20207e00    00000200   00000000    rw-
  20207e00    20207e00    00000200   00000000    rw- .stack


SECTION ALLOCATION MAP

 output                                  attributes/
section   page    origin      length       input sections
--------  ----  ----------  ----------   ----------------
.intvecs   0    00000000    000000c0     
                  00000000    000000c0     startup_mspm0g350x_ticlang.o (.intvecs)

.text      0    000000c0    000013f8     
                  000000c0    00000868     libc.a : _printfi.c.obj (.text:__TI_printfi_nofloat)
                  00000928    000001c4     empty.o (.text.main)
                  00000aec    000000e8     driverlib.a : dl_timer.o (.text.DL_Timer_initTimerMode)
                  00000bd4    000000c0     ti_msp_dl_config.o (.text.SYSCFG_DL_ADC12_0_init)
                  00000c94    000000a2     libclang_rt.builtins.a : udivmoddi4.S.obj (.text)
                  00000d36    0000009a     libc.a : memcpy16.S.obj (.text:memcpy)
                  00000dd0    0000007c            : copy_decompress_lzss.c.obj (.text:decompress:lzss)
                  00000e4c    0000006c     ti_msp_dl_config.o (.text.SYSCFG_DL_UART_0_init)
                  00000eb8    00000062     libc.a : memset16.S.obj (.text:memset)
                  00000f1a    00000002     startup_mspm0g350x_ticlang.o (.text.Default_Handler)
                  00000f1c    0000005c     libc.a : printf.c.obj (.text.printf)
                  00000f78    0000004c     driverlib.a : dl_dma.o (.text.DL_DMA_initChannel)
                  00000fc4    0000004c     ti_msp_dl_config.o (.text.SYSCFG_DL_GPIO_init)
                  00001010    00000048     driverlib.a : dl_uart.o (.text.DL_UART_init)
                  00001058    00000048     ti_msp_dl_config.o (.text.SYSCFG_DL_initPower)
                  000010a0    00000040     driverlib.a : dl_adc12.o (.text.DL_ADC12_setClockConfig)
                  000010e0    00000040     ti_msp_dl_config.o (.text.SYSCFG_DL_SYSCTL_init)
                  00001120    00000040     ti_msp_dl_config.o (.text.SYSCFG_DL_TIMER_0_init)
                  00001160    00000040     libclang_rt.builtins.a : aeabi_uidivmod.S.obj (.text.__aeabi_uidivmod)
                  000011a0    00000040     libc.a : atoi.c.obj (.text.atoi)
                  000011e0    00000040     empty.o (.text.fputs)
                  00001220    0000003c     libc.a : autoinit.c.obj (.text:__TI_auto_init_nobinit_nopinit)
                  0000125c    0000003a     libclang_rt.builtins.a : muldsi3.S.obj (.text.__muldsi3)
                  00001296    00000002                            : aeabi_div0.c.obj (.text.__aeabi_idiv0)
                  00001298    0000002c     ti_msp_dl_config.o (.text.SYSCFG_DL_init)
                  000012c4    00000028     empty.o (.text.ADC0_IRQHandler)
                  000012ec    00000028     libc.a : boot_cortex_m.c.obj (.text:_c_int00_noargs)
                  00001314    00000024     ti_msp_dl_config.o (.text.SYSCFG_DL_DMA_CH0_init)
                  00001338    00000024     libclang_rt.builtins.a : muldi3.S.obj (.text.__muldi3)
                  0000135c    00000022     libc.a : memccpy.c.obj (.text.memccpy)
                  0000137e    00000002     libclang_rt.builtins.a : aeabi_div0.c.obj (.text.__aeabi_ldiv0)
                  00001380    00000020     driverlib.a : dl_uart.o (.text.DL_UART_transmitDataBlocking)
                  000013a0    0000001e     libclang_rt.builtins.a : ashldi3.S.obj (.text.__ashldi3)
                  000013be    00000002     libc.a : _lock.c.obj (.text._nop)
                  000013c0    0000001c     driverlib.a : dl_timer.o (.text.DL_Timer_setClockConfig)
                  000013dc    00000014     libclang_rt.builtins.a : aeabi_uldivmod.S.obj (.text.__aeabi_uldivmod)
                  000013f0    00000014     empty.o (.text.fputc)
                  00001404    00000012     driverlib.a : dl_uart.o (.text.DL_UART_setClockConfig)
                  00001416    00000012     libc.a : copy_decompress_none.c.obj (.text:decompress:none)
                  00001428    00000010            : wcslen.c.obj (.text.wcslen)
                  00001438    00000010            : copy_zero_init.c.obj (.text:decompress:ZI)
                  00001448    0000000e     libclang_rt.builtins.a : aeabi_memset.S.obj (.text.__aeabi_memset)
                  00001456    0000000e     libc.a : _printfi.c.obj (.text.strlen)
                  00001464    0000000c     libclang_rt.builtins.a : aeabi_memset.S.obj (.text.__aeabi_memclr)
                  00001470    0000000a     driverlib.a : dl_common.o (.text.DL_Common_delayCycles)
                  0000147a    00000008     ti_msp_dl_config.o (.text.SYSCFG_DL_DMA_init)
                  00001482    00000002     --HOLE-- [fill = 0]
                  00001484    00000008     libc.a : aeabi_portable.c.obj (.text.__aeabi_errno_addr)
                  0000148c    00000008     libclang_rt.builtins.a : aeabi_memcpy.S.obj (.text.__aeabi_memcpy)
                  00001494    00000008     libc.a : printf.c.obj (.text._outc)
                  0000149c    00000008            : printf.c.obj (.text._outs)
                  000014a4    00000006            : exit.c.obj (.text:abort)
                  000014aa    00000004     libsysbm.a : hostexit.c.obj (.text.HOSTexit)
                  000014ae    00000004     startup_mspm0g350x_ticlang.o (.text.Reset_Handler)
                  000014b2    00000004     libc.a : pre_init.c.obj (.text._system_pre_init)
                  000014b6    00000002     --HOLE-- [fill = 0]

.cinit     0    00001640    00000050     
                  00001640    0000002c     (.cinit..data.load) [load image, compression = lzss]
                  0000166c    0000000c     (__TI_handler_table)
                  00001678    00000008     (.cinit..bss.load) [load image, compression = zero_init]
                  00001680    00000010     (__TI_cinit_table)

.rodata    0    000014c0    00000180     
                  000014c0    00000101     libc.a : aeabi_ctype.S.obj (.rodata:__aeabi_ctype_table_)
                  000015c1    00000003     ti_msp_dl_config.o (.rodata.gTIMER_0ClockConfig)
                  000015c4    00000018     ti_msp_dl_config.o (.rodata.gDMA_CH0Config)
                  000015dc    00000014     ti_msp_dl_config.o (.rodata.gTIMER_0TimerConfig)
                  000015f0    00000011     libc.a : _printfi.c.obj (.rodata.str1.10348868589481759720.1)
                  00001601    00000011            : _printfi.c.obj (.rodata.str1.15363888844622738466.1)
                  00001612    00000010     empty.o (.rodata.str1.9517790425240694019.1)
                  00001622    0000000a     ti_msp_dl_config.o (.rodata.gUART_0Config)
                  0000162c    00000008     ti_msp_dl_config.o (.rodata.gADC12_0ClockConfig)
                  00001634    00000002     ti_msp_dl_config.o (.rodata.gUART_0ClockConfig)
                  00001636    0000000a     --HOLE-- [fill = 0]

.init_array 
*          0    00000000    00000000     UNINITIALIZED

.binit     0    00000000    00000000     

.bss       0    20200000    0000139c     UNINITIALIZED
                  20200000    000012c0     (.common:gADCSamples)
                  202012c0    000000bc     (.common:gTIMER_0Backup)
                  2020137c    00000020     (.common:avg)

.data      0    2020139c    00000100     UNINITIALIZED
                  2020139c    000000f0     libc.a : defs.c.obj (.data._ftable)
                  2020148c    00000004            : aeabi_portable.c.obj (.data.__aeabi_errno)
                  20201490    00000004            : _lock.c.obj (.data._lock)
                  20201494    00000004            : _lock.c.obj (.data._unlock)
                  20201498    00000004     empty.o (.data.flag)

.stack     0    20207e00    00000200     UNINITIALIZED
                  20207e00    00000004     libc.a : boot_cortex_m.c.obj (.stack)
                  20207e04    000001fc     --HOLE--

__llvm_prf_cnts 
*          0    20200000    00000000     UNINITIALIZED

__llvm_prf_bits 
*          0    20200000    00000000     UNINITIALIZED

MODULE SUMMARY

       Module                         code   ro data   rw data
       ------                         ----   -------   -------
    .\
       empty.o                        576    16        4836   
       ti_msp_dl_config.o             664    67        188    
       startup_mspm0g350x_ticlang.o   6      192       0      
    +--+------------------------------+------+---------+---------+
       Total:                         1246   275       5024   
                                                              
    D:/MCU/CCS/mspm0_sdk_2_05_01_00/source/ti/driverlib/lib/ticlang/m0p/mspm0g1x0x_g3x0x/driverlib.a
       dl_timer.o                     260    0         0      
       dl_uart.o                      122    0         0      
       dl_dma.o                       76     0         0      
       dl_adc12.o                     64     0         0      
       dl_common.o                    10     0         0      
    +--+------------------------------+------+---------+---------+
       Total:                         532    0         0      
                                                              
    D:\MCU\CCS\ccs\tools\compiler\ti-cgt-armllvm_4.0.3.LTS\lib\armv6m-ti-none-eabi/c/libc.a
       _printfi.c.obj                 2166   34        0      
       aeabi_ctype.S.obj              0      257       0      
       defs.c.obj                     0      0         240    
       memcpy16.S.obj                 154    0         0      
       copy_decompress_lzss.c.obj     124    0         0      
       printf.c.obj                   108    0         0      
       memset16.S.obj                 98     0         0      
       atoi.c.obj                     64     0         0      
       autoinit.c.obj                 60     0         0      
       boot_cortex_m.c.obj            40     0         0      
       memccpy.c.obj                  34     0         0      
       copy_decompress_none.c.obj     18     0         0      
       copy_zero_init.c.obj           16     0         0      
       wcslen.c.obj                   16     0         0      
       aeabi_portable.c.obj           8      0         4      
       _lock.c.obj                    2      0         8      
       exit.c.obj                     6      0         0      
       pre_init.c.obj                 4      0         0      
    +--+------------------------------+------+---------+---------+
       Total:                         2918   291       252    
                                                              
    D:\MCU\CCS\ccs\tools\compiler\ti-cgt-armllvm_4.0.3.LTS\lib\armv6m-ti-none-eabi/c/libsysbm.a
       hostexit.c.obj                 4      0         0      
    +--+------------------------------+------+---------+---------+
       Total:                         4      0         0      
                                                              
    D:\MCU\CCS\ccs\tools\compiler\ti-cgt-armllvm_4.0.3.LTS\lib\armv6m-ti-none-eabi/libclang_rt.builtins.a
       udivmoddi4.S.obj               162    0         0      
       aeabi_uidivmod.S.obj           64     0         0      
       muldsi3.S.obj                  58     0         0      
       muldi3.S.obj                   36     0         0      
       ashldi3.S.obj                  30     0         0      
       aeabi_memset.S.obj             26     0         0      
       aeabi_uldivmod.S.obj           20     0         0      
       aeabi_memcpy.S.obj             8      0         0      
       aeabi_div0.c.obj               4      0         0      
    +--+------------------------------+------+---------+---------+
       Total:                         408    0         0      
                                                              
       Stack:                         0      0         512    
       Linker Generated:              0      80        0      
    +--+------------------------------+------+---------+---------+
       Grand Total:                   5108   646       5788   


LINKER GENERATED COPY TABLES

__TI_cinit_table @ 00001680 records: 2, size/record: 8, table size: 16
	.data: load addr=00001640, load size=0000002c bytes, run addr=2020139c, run size=00000100 bytes, compression=lzss
	.bss: load addr=00001678, load size=00000008 bytes, run addr=20200000, run size=0000139c bytes, compression=zero_init


LINKER GENERATED HANDLER TABLE

__TI_handler_table @ 0000166c records: 3, size/record: 4, table size: 12
	index: 0, handler: __TI_decompress_lzss
	index: 1, handler: __TI_decompress_none
	index: 2, handler: __TI_zero_init


GLOBAL SYMBOLS: SORTED ALPHABETICALLY BY Name 

address   name                          
-------   ----                          
000012c5  ADC0_IRQHandler               
00000f1b  ADC1_IRQHandler               
00000f1b  AES_IRQHandler                
000014aa  C$$EXIT                       
00000f1b  CANFD0_IRQHandler             
00000f1b  DAC0_IRQHandler               
000010a1  DL_ADC12_setClockConfig       
00001471  DL_Common_delayCycles         
00000f79  DL_DMA_initChannel            
00000aed  DL_Timer_initTimerMode        
000013c1  DL_Timer_setClockConfig       
00001011  DL_UART_init                  
00001405  DL_UART_setClockConfig        
00001381  DL_UART_transmitDataBlocking  
00000f1b  DMA_IRQHandler                
00000f1b  Default_Handler               
00000f1b  GROUP0_IRQHandler             
00000f1b  GROUP1_IRQHandler             
000014ab  HOSTexit                      
00000f1b  HardFault_Handler             
00000f1b  I2C0_IRQHandler               
00000f1b  I2C1_IRQHandler               
00000f1b  NMI_Handler                   
00000f1b  PendSV_Handler                
00000f1b  RTC_IRQHandler                
000014af  Reset_Handler                 
00000f1b  SPI0_IRQHandler               
00000f1b  SPI1_IRQHandler               
00000f1b  SVC_Handler                   
00000bd5  SYSCFG_DL_ADC12_0_init        
00001315  SYSCFG_DL_DMA_CH0_init        
0000147b  SYSCFG_DL_DMA_init            
00000fc5  SYSCFG_DL_GPIO_init           
000010e1  SYSCFG_DL_SYSCTL_init         
00001121  SYSCFG_DL_TIMER_0_init        
00000e4d  SYSCFG_DL_UART_0_init         
00001299  SYSCFG_DL_init                
00001059  SYSCFG_DL_initPower           
00000f1b  SysTick_Handler               
00000f1b  TIMA0_IRQHandler              
00000f1b  TIMA1_IRQHandler              
00000f1b  TIMG0_IRQHandler              
00000f1b  TIMG12_IRQHandler             
00000f1b  TIMG6_IRQHandler              
00000f1b  TIMG7_IRQHandler              
00000f1b  TIMG8_IRQHandler              
00000f1b  UART0_IRQHandler              
00000f1b  UART1_IRQHandler              
00000f1b  UART2_IRQHandler              
00000f1b  UART3_IRQHandler              
20208000  __STACK_END                   
00000200  __STACK_SIZE                  
00000000  __TI_ATRegion0_region_sz      
00000000  __TI_ATRegion0_src_addr       
00000000  __TI_ATRegion0_trg_addr       
00000000  __TI_ATRegion1_region_sz      
00000000  __TI_ATRegion1_src_addr       
00000000  __TI_ATRegion1_trg_addr       
00000000  __TI_ATRegion2_region_sz      
00000000  __TI_ATRegion2_src_addr       
00000000  __TI_ATRegion2_trg_addr       
00001680  __TI_CINIT_Base               
00001690  __TI_CINIT_Limit              
00001690  __TI_CINIT_Warm               
0000166c  __TI_Handler_Table_Base       
00001678  __TI_Handler_Table_Limit      
00001221  __TI_auto_init_nobinit_nopinit
00000dd1  __TI_decompress_lzss          
00001417  __TI_decompress_none          
ffffffff  __TI_pprof_out_hndl           
000000c1  __TI_printfi_nofloat          
ffffffff  __TI_prof_data_size           
ffffffff  __TI_prof_data_start          
00000000  __TI_static_base__            
00001439  __TI_zero_init                
000014c0  __aeabi_ctype_table_          
000014c0  __aeabi_ctype_table_C         
2020148c  __aeabi_errno                 
00001485  __aeabi_errno_addr            
00001297  __aeabi_idiv0                 
0000137f  __aeabi_ldiv0                 
000013a1  __aeabi_llsl                  
00001339  __aeabi_lmul                  
00001465  __aeabi_memclr                
00001465  __aeabi_memclr4               
00001465  __aeabi_memclr8               
0000148d  __aeabi_memcpy                
0000148d  __aeabi_memcpy4               
0000148d  __aeabi_memcpy8               
00001449  __aeabi_memset                
00001449  __aeabi_memset4               
00001449  __aeabi_memset8               
00001161  __aeabi_uidiv                 
00001161  __aeabi_uidivmod              
000013dd  __aeabi_uldivmod              
000013a1  __ashldi3                     
ffffffff  __binit__                     
UNDEFED   __mpu_init                    
00001339  __muldi3                      
0000125d  __muldsi3                     
20207e00  __stack                       
20200000  __start___llvm_prf_bits       
20200000  __start___llvm_prf_cnts       
20200000  __stop___llvm_prf_bits        
20200000  __stop___llvm_prf_cnts        
00000c95  __udivmoddi4                  
000012ed  _c_int00_noargs               
2020139c  _ftable                       
20201490  _lock                         
000013bf  _nop                          
UNDEFED   _system_post_cinit            
000014b3  _system_pre_init              
20201494  _unlock                       
000014a5  abort                         
000011a1  atoi                          
2020137c  avg                           
ffffffff  binit                         
20201498  flag                          
000013f1  fputc                         
000011e1  fputs                         
20200000  gADCSamples                   
202012c0  gTIMER_0Backup                
00000000  interruptVectors              
00000929  main                          
0000135d  memccpy                       
00000d37  memcpy                        
00000eb9  memset                        
00000f1d  printf                        
00001429  wcslen                        


GLOBAL SYMBOLS: SORTED BY Symbol Address 

address   name                          
-------   ----                          
00000000  __TI_ATRegion0_region_sz      
00000000  __TI_ATRegion0_src_addr       
00000000  __TI_ATRegion0_trg_addr       
00000000  __TI_ATRegion1_region_sz      
00000000  __TI_ATRegion1_src_addr       
00000000  __TI_ATRegion1_trg_addr       
00000000  __TI_ATRegion2_region_sz      
00000000  __TI_ATRegion2_src_addr       
00000000  __TI_ATRegion2_trg_addr       
00000000  __TI_static_base__            
00000000  interruptVectors              
000000c1  __TI_printfi_nofloat          
00000200  __STACK_SIZE                  
00000929  main                          
00000aed  DL_Timer_initTimerMode        
00000bd5  SYSCFG_DL_ADC12_0_init        
00000c95  __udivmoddi4                  
00000d37  memcpy                        
00000dd1  __TI_decompress_lzss          
00000e4d  SYSCFG_DL_UART_0_init         
00000eb9  memset                        
00000f1b  ADC1_IRQHandler               
00000f1b  AES_IRQHandler                
00000f1b  CANFD0_IRQHandler             
00000f1b  DAC0_IRQHandler               
00000f1b  DMA_IRQHandler                
00000f1b  Default_Handler               
00000f1b  GROUP0_IRQHandler             
00000f1b  GROUP1_IRQHandler             
00000f1b  HardFault_Handler             
00000f1b  I2C0_IRQHandler               
00000f1b  I2C1_IRQHandler               
00000f1b  NMI_Handler                   
00000f1b  PendSV_Handler                
00000f1b  RTC_IRQHandler                
00000f1b  SPI0_IRQHandler               
00000f1b  SPI1_IRQHandler               
00000f1b  SVC_Handler                   
00000f1b  SysTick_Handler               
00000f1b  TIMA0_IRQHandler              
00000f1b  TIMA1_IRQHandler              
00000f1b  TIMG0_IRQHandler              
00000f1b  TIMG12_IRQHandler             
00000f1b  TIMG6_IRQHandler              
00000f1b  TIMG7_IRQHandler              
00000f1b  TIMG8_IRQHandler              
00000f1b  UART0_IRQHandler              
00000f1b  UART1_IRQHandler              
00000f1b  UART2_IRQHandler              
00000f1b  UART3_IRQHandler              
00000f1d  printf                        
00000f79  DL_DMA_initChannel            
00000fc5  SYSCFG_DL_GPIO_init           
00001011  DL_UART_init                  
00001059  SYSCFG_DL_initPower           
000010a1  DL_ADC12_setClockConfig       
000010e1  SYSCFG_DL_SYSCTL_init         
00001121  SYSCFG_DL_TIMER_0_init        
00001161  __aeabi_uidiv                 
00001161  __aeabi_uidivmod              
000011a1  atoi                          
000011e1  fputs                         
00001221  __TI_auto_init_nobinit_nopinit
0000125d  __muldsi3                     
00001297  __aeabi_idiv0                 
00001299  SYSCFG_DL_init                
000012c5  ADC0_IRQHandler               
000012ed  _c_int00_noargs               
00001315  SYSCFG_DL_DMA_CH0_init        
00001339  __aeabi_lmul                  
00001339  __muldi3                      
0000135d  memccpy                       
0000137f  __aeabi_ldiv0                 
00001381  DL_UART_transmitDataBlocking  
000013a1  __aeabi_llsl                  
000013a1  __ashldi3                     
000013bf  _nop                          
000013c1  DL_Timer_setClockConfig       
000013dd  __aeabi_uldivmod              
000013f1  fputc                         
00001405  DL_UART_setClockConfig        
00001417  __TI_decompress_none          
00001429  wcslen                        
00001439  __TI_zero_init                
00001449  __aeabi_memset                
00001449  __aeabi_memset4               
00001449  __aeabi_memset8               
00001465  __aeabi_memclr                
00001465  __aeabi_memclr4               
00001465  __aeabi_memclr8               
00001471  DL_Common_delayCycles         
0000147b  SYSCFG_DL_DMA_init            
00001485  __aeabi_errno_addr            
0000148d  __aeabi_memcpy                
0000148d  __aeabi_memcpy4               
0000148d  __aeabi_memcpy8               
000014a5  abort                         
000014aa  C$$EXIT                       
000014ab  HOSTexit                      
000014af  Reset_Handler                 
000014b3  _system_pre_init              
000014c0  __aeabi_ctype_table_          
000014c0  __aeabi_ctype_table_C         
0000166c  __TI_Handler_Table_Base       
00001678  __TI_Handler_Table_Limit      
00001680  __TI_CINIT_Base               
00001690  __TI_CINIT_Limit              
00001690  __TI_CINIT_Warm               
20200000  __start___llvm_prf_bits       
20200000  __start___llvm_prf_cnts       
20200000  __stop___llvm_prf_bits        
20200000  __stop___llvm_prf_cnts        
20200000  gADCSamples                   
202012c0  gTIMER_0Backup                
2020137c  avg                           
2020139c  _ftable                       
2020148c  __aeabi_errno                 
20201490  _lock                         
20201494  _unlock                       
20201498  flag                          
20207e00  __stack                       
20208000  __STACK_END                   
ffffffff  __TI_pprof_out_hndl           
ffffffff  __TI_prof_data_size           
ffffffff  __TI_prof_data_start          
ffffffff  __binit__                     
ffffffff  binit                         
UNDEFED   __mpu_init                    
UNDEFED   _system_post_cinit            

[129 symbols]
