******************************************************************************
            TI ARM Clang Linker PC v4.0.3                      
******************************************************************************
>> Linked Sat Dec 13 21:49:04 2025

OUTPUT FILE NAME:   <huidu_yjian.out>
ENTRY POINT SYMBOL: "_c_int00_noargs"  address: 00000a95


MEMORY CONFIGURATION

         name            origin    length      used     unused   attr    fill
----------------------  --------  ---------  --------  --------  ----  --------
  FLASH                 00000000   00020000  00000c98  0001f368  R  X
  SRAM                  20200000   00008000  000015b8  00006a48  RW X
  BCR_CONFIG            41c00000   000000ff  00000000  000000ff  R   
  BSL_CONFIG            41c00100   00000080  00000000  00000080  R   


SEGMENT ALLOCATION MAP

run origin  load origin   length   init length attrs members
----------  ----------- ---------- ----------- ----- -------
00000000    00000000    00000c98   00000c98    r-x
  00000000    00000000    000000c0   000000c0    r-- .intvecs
  000000c0    000000c0    00000b30   00000b30    r-x .text
  00000bf0    00000bf0    00000058   00000058    r-- .rodata
  00000c48    00000c48    00000050   00000050    r-- .cinit
20200000    20200000    000013b8   00000000    rw-
  20200000    20200000    000012c0   00000000    rw- .bss
  202012c0    202012c0    000000f8   00000000    rw- .data
20207e00    20207e00    00000200   00000000    rw-
  20207e00    20207e00    00000200   00000000    rw- .stack


SECTION ALLOCATION MAP

 output                                  attributes/
section   page    origin      length       input sections
--------  ----  ----------  ----------   ----------------
.intvecs   0    00000000    000000c0     
                  00000000    000000c0     startup_mspm0g350x_ticlang.o (.intvecs)

.text      0    000000c0    00000b30     
                  000000c0    00000284     libc.a : _printfi.c.obj (.text:__TI_printfi_minimal)
                  00000344    000001c4     empty.o (.text.ADC0_IRQHandler)
                  00000508    000000ac     ti_msp_dl_config.o (.text.SYSCFG_DL_ADC12_0_init)
                  000005b4    0000009a     libc.a : memcpy16.S.obj (.text:memcpy)
                  0000064e    00000002     startup_mspm0g350x_ticlang.o (.text.Default_Handler)
                  00000650    0000007c     libc.a : copy_decompress_lzss.c.obj (.text:decompress:lzss)
                  000006cc    0000006c     ti_msp_dl_config.o (.text.SYSCFG_DL_UART_0_init)
                  00000738    00000062     libc.a : memset16.S.obj (.text:memset)
                  0000079a    00000002     libclang_rt.builtins.a : aeabi_div0.c.obj (.text.__aeabi_idiv0)
                  0000079c    0000005c     libc.a : printf.c.obj (.text.printf)
                  000007f8    0000004c     driverlib.a : dl_dma.o (.text.DL_DMA_initChannel)
                  00000844    0000004c     ti_msp_dl_config.o (.text.SYSCFG_DL_GPIO_init)
                  00000890    00000048     driverlib.a : dl_uart.o (.text.DL_UART_init)
                  000008d8    00000040                 : dl_adc12.o (.text.DL_ADC12_setClockConfig)
                  00000918    00000040     ti_msp_dl_config.o (.text.SYSCFG_DL_SYSCTL_init)
                  00000958    00000040     ti_msp_dl_config.o (.text.SYSCFG_DL_initPower)
                  00000998    00000040     libclang_rt.builtins.a : aeabi_uidivmod.S.obj (.text.__aeabi_uidivmod)
                  000009d8    00000040     empty.o (.text.fputs)
                  00000a18    00000040     empty.o (.text.main)
                  00000a58    0000003c     libc.a : autoinit.c.obj (.text:__TI_auto_init_nobinit_nopinit)
                  00000a94    00000028            : boot_cortex_m.c.obj (.text:_c_int00_noargs)
                  00000abc    00000024     ti_msp_dl_config.o (.text.SYSCFG_DL_DMA_CH0_init)
                  00000ae0    00000022     libc.a : memccpy.c.obj (.text.memccpy)
                  00000b02    00000002            : _lock.c.obj (.text._nop)
                  00000b04    00000020     driverlib.a : dl_uart.o (.text.DL_UART_transmitDataBlocking)
                  00000b24    0000001c     ti_msp_dl_config.o (.text.SYSCFG_DL_init)
                  00000b40    00000014     empty.o (.text.fputc)
                  00000b54    00000012     driverlib.a : dl_uart.o (.text.DL_UART_setClockConfig)
                  00000b66    00000012     libc.a : copy_decompress_none.c.obj (.text:decompress:none)
                  00000b78    00000010            : copy_zero_init.c.obj (.text:decompress:ZI)
                  00000b88    0000000e     libclang_rt.builtins.a : aeabi_memset.S.obj (.text.__aeabi_memset)
                  00000b96    0000000e     libc.a : _printfi.c.obj (.text.strlen)
                  00000ba4    0000000c     libclang_rt.builtins.a : aeabi_memset.S.obj (.text.__aeabi_memclr)
                  00000bb0    0000000a     driverlib.a : dl_common.o (.text.DL_Common_delayCycles)
                  00000bba    00000008     ti_msp_dl_config.o (.text.SYSCFG_DL_DMA_init)
                  00000bc2    00000002     --HOLE-- [fill = 0]
                  00000bc4    00000008     libclang_rt.builtins.a : aeabi_memcpy.S.obj (.text.__aeabi_memcpy)
                  00000bcc    00000008     libc.a : printf.c.obj (.text._outc)
                  00000bd4    00000008            : printf.c.obj (.text._outs)
                  00000bdc    00000006            : exit.c.obj (.text:abort)
                  00000be2    00000004     libsysbm.a : hostexit.c.obj (.text.HOSTexit)
                  00000be6    00000004     startup_mspm0g350x_ticlang.o (.text.Reset_Handler)
                  00000bea    00000004     libc.a : pre_init.c.obj (.text._system_pre_init)
                  00000bee    00000002     --HOLE-- [fill = 0]

.cinit     0    00000c48    00000050     
                  00000c48    00000028     (.cinit..data.load) [load image, compression = lzss]
                  00000c70    0000000c     (__TI_handler_table)
                  00000c7c    00000008     (.cinit..bss.load) [load image, compression = zero_init]
                  00000c84    00000010     (__TI_cinit_table)
                  00000c94    00000004     --HOLE-- [fill = 0]

.rodata    0    00000bf0    00000058     
                  00000bf0    00000018     ti_msp_dl_config.o (.rodata.gDMA_CH0Config)
                  00000c08    00000017     empty.o (.rodata.str1.9517790425240694019.1)
                  00000c1f    00000011     libc.a : _printfi.c.obj (.rodata.str1.15363888844622738466.1)
                  00000c30    0000000a     ti_msp_dl_config.o (.rodata.gUART_0Config)
                  00000c3a    00000002     ti_msp_dl_config.o (.rodata.gUART_0ClockConfig)
                  00000c3c    00000008     ti_msp_dl_config.o (.rodata.gADC12_0ClockConfig)
                  00000c44    00000004     --HOLE-- [fill = 0]

.init_array 
*          0    00000000    00000000     UNINITIALIZED

.binit     0    00000000    00000000     

.bss       0    20200000    000012c0     UNINITIALIZED
                  20200000    000012c0     (.common:gADCSamples)

.data      0    202012c0    000000f8     UNINITIALIZED
                  202012c0    000000f0     libc.a : defs.c.obj (.data._ftable)
                  202013b0    00000004            : _lock.c.obj (.data._lock)
                  202013b4    00000004            : _lock.c.obj (.data._unlock)

.stack     0    20207e00    00000200     UNINITIALIZED
                  20207e00    00000004     libc.a : boot_cortex_m.c.obj (.stack)
                  20207e04    000001fc     --HOLE--

__llvm_prf_cnts 
*          0    20200000    00000000     UNINITIALIZED

__llvm_prf_bits 
*          0    20200000    00000000     UNINITIALIZED

MODULE SUMMARY

       Module                         code   ro data   rw data
       ------                         ----   -------   -------
    .\
       empty.o                        600    23        4800   
       ti_msp_dl_config.o             556    44        0      
       startup_mspm0g350x_ticlang.o   6      192       0      
    +--+------------------------------+------+---------+---------+
       Total:                         1162   259       4800   
                                                              
    D:/MCU/CCS/mspm0_sdk_2_05_01_00/source/ti/driverlib/lib/ticlang/m0p/mspm0g1x0x_g3x0x/driverlib.a
       dl_uart.o                      122    0         0      
       dl_dma.o                       76     0         0      
       dl_adc12.o                     64     0         0      
       dl_common.o                    10     0         0      
    +--+------------------------------+------+---------+---------+
       Total:                         272    0         0      
                                                              
    D:\MCU\CCS\ccs\tools\compiler\ti-cgt-armllvm_4.0.3.LTS\lib\armv6m-ti-none-eabi/c/libc.a
       _printfi.c.obj                 658    17        0      
       defs.c.obj                     0      0         240    
       memcpy16.S.obj                 154    0         0      
       copy_decompress_lzss.c.obj     124    0         0      
       printf.c.obj                   108    0         0      
       memset16.S.obj                 98     0         0      
       autoinit.c.obj                 60     0         0      
       boot_cortex_m.c.obj            40     0         0      
       memccpy.c.obj                  34     0         0      
       copy_decompress_none.c.obj     18     0         0      
       copy_zero_init.c.obj           16     0         0      
       _lock.c.obj                    2      0         8      
       exit.c.obj                     6      0         0      
       pre_init.c.obj                 4      0         0      
    +--+------------------------------+------+---------+---------+
       Total:                         1322   17        248    
                                                              
    D:\MCU\CCS\ccs\tools\compiler\ti-cgt-armllvm_4.0.3.LTS\lib\armv6m-ti-none-eabi/c/libsysbm.a
       hostexit.c.obj                 4      0         0      
    +--+------------------------------+------+---------+---------+
       Total:                         4      0         0      
                                                              
    D:\MCU\CCS\ccs\tools\compiler\ti-cgt-armllvm_4.0.3.LTS\lib\armv6m-ti-none-eabi/libclang_rt.builtins.a
       aeabi_uidivmod.S.obj           64     0         0      
       aeabi_memset.S.obj             26     0         0      
       aeabi_memcpy.S.obj             8      0         0      
       aeabi_div0.c.obj               2      0         0      
    +--+------------------------------+------+---------+---------+
       Total:                         100    0         0      
                                                              
       Stack:                         0      0         512    
       Linker Generated:              0      76        0      
    +--+------------------------------+------+---------+---------+
       Grand Total:                   2860   352       5560   


LINKER GENERATED COPY TABLES

__TI_cinit_table @ 00000c84 records: 2, size/record: 8, table size: 16
	.data: load addr=00000c48, load size=00000028 bytes, run addr=202012c0, run size=000000f8 bytes, compression=lzss
	.bss: load addr=00000c7c, load size=00000008 bytes, run addr=20200000, run size=000012c0 bytes, compression=zero_init


LINKER GENERATED HANDLER TABLE

__TI_handler_table @ 00000c70 records: 3, size/record: 4, table size: 12
	index: 0, handler: __TI_decompress_lzss
	index: 1, handler: __TI_decompress_none
	index: 2, handler: __TI_zero_init


GLOBAL SYMBOLS: SORTED ALPHABETICALLY BY Name 

address   name                          
-------   ----                          
00000345  ADC0_IRQHandler               
0000064f  ADC1_IRQHandler               
0000064f  AES_IRQHandler                
00000be2  C$$EXIT                       
0000064f  CANFD0_IRQHandler             
0000064f  DAC0_IRQHandler               
000008d9  DL_ADC12_setClockConfig       
00000bb1  DL_Common_delayCycles         
000007f9  DL_DMA_initChannel            
00000891  DL_UART_init                  
00000b55  DL_UART_setClockConfig        
00000b05  DL_UART_transmitDataBlocking  
0000064f  DMA_IRQHandler                
0000064f  Default_Handler               
0000064f  GROUP0_IRQHandler             
0000064f  GROUP1_IRQHandler             
00000be3  HOSTexit                      
0000064f  HardFault_Handler             
0000064f  I2C0_IRQHandler               
0000064f  I2C1_IRQHandler               
0000064f  NMI_Handler                   
0000064f  PendSV_Handler                
0000064f  RTC_IRQHandler                
00000be7  Reset_Handler                 
0000064f  SPI0_IRQHandler               
0000064f  SPI1_IRQHandler               
0000064f  SVC_Handler                   
00000509  SYSCFG_DL_ADC12_0_init        
00000abd  SYSCFG_DL_DMA_CH0_init        
00000bbb  SYSCFG_DL_DMA_init            
00000845  SYSCFG_DL_GPIO_init           
00000919  SYSCFG_DL_SYSCTL_init         
000006cd  SYSCFG_DL_UART_0_init         
00000b25  SYSCFG_DL_init                
00000959  SYSCFG_DL_initPower           
0000064f  SysTick_Handler               
0000064f  TIMA0_IRQHandler              
0000064f  TIMA1_IRQHandler              
0000064f  TIMG0_IRQHandler              
0000064f  TIMG12_IRQHandler             
0000064f  TIMG6_IRQHandler              
0000064f  TIMG7_IRQHandler              
0000064f  TIMG8_IRQHandler              
0000064f  UART0_IRQHandler              
0000064f  UART1_IRQHandler              
0000064f  UART2_IRQHandler              
0000064f  UART3_IRQHandler              
20208000  __STACK_END                   
00000200  __STACK_SIZE                  
00000000  __TI_ATRegion0_region_sz      
00000000  __TI_ATRegion0_src_addr       
00000000  __TI_ATRegion0_trg_addr       
00000000  __TI_ATRegion1_region_sz      
00000000  __TI_ATRegion1_src_addr       
00000000  __TI_ATRegion1_trg_addr       
00000000  __TI_ATRegion2_region_sz      
00000000  __TI_ATRegion2_src_addr       
00000000  __TI_ATRegion2_trg_addr       
00000c84  __TI_CINIT_Base               
00000c94  __TI_CINIT_Limit              
00000c94  __TI_CINIT_Warm               
00000c70  __TI_Handler_Table_Base       
00000c7c  __TI_Handler_Table_Limit      
00000a59  __TI_auto_init_nobinit_nopinit
00000651  __TI_decompress_lzss          
00000b67  __TI_decompress_none          
ffffffff  __TI_pprof_out_hndl           
000000c1  __TI_printfi_minimal          
ffffffff  __TI_prof_data_size           
ffffffff  __TI_prof_data_start          
00000000  __TI_static_base__            
00000b79  __TI_zero_init                
0000079b  __aeabi_idiv0                 
00000ba5  __aeabi_memclr                
00000ba5  __aeabi_memclr4               
00000ba5  __aeabi_memclr8               
00000bc5  __aeabi_memcpy                
00000bc5  __aeabi_memcpy4               
00000bc5  __aeabi_memcpy8               
00000b89  __aeabi_memset                
00000b89  __aeabi_memset4               
00000b89  __aeabi_memset8               
00000999  __aeabi_uidiv                 
00000999  __aeabi_uidivmod              
ffffffff  __binit__                     
UNDEFED   __mpu_init                    
20207e00  __stack                       
20200000  __start___llvm_prf_bits       
20200000  __start___llvm_prf_cnts       
20200000  __stop___llvm_prf_bits        
20200000  __stop___llvm_prf_cnts        
00000a95  _c_int00_noargs               
202012c0  _ftable                       
202013b0  _lock                         
00000b03  _nop                          
UNDEFED   _system_post_cinit            
00000beb  _system_pre_init              
202013b4  _unlock                       
00000bdd  abort                         
ffffffff  binit                         
00000b41  fputc                         
000009d9  fputs                         
20200000  gADCSamples                   
00000000  interruptVectors              
00000a19  main                          
00000ae1  memccpy                       
000005b5  memcpy                        
00000739  memset                        
0000079d  printf                        


GLOBAL SYMBOLS: SORTED BY Symbol Address 

address   name                          
-------   ----                          
00000000  __TI_ATRegion0_region_sz      
00000000  __TI_ATRegion0_src_addr       
00000000  __TI_ATRegion0_trg_addr       
00000000  __TI_ATRegion1_region_sz      
00000000  __TI_ATRegion1_src_addr       
00000000  __TI_ATRegion1_trg_addr       
00000000  __TI_ATRegion2_region_sz      
00000000  __TI_ATRegion2_src_addr       
00000000  __TI_ATRegion2_trg_addr       
00000000  __TI_static_base__            
00000000  interruptVectors              
000000c1  __TI_printfi_minimal          
00000200  __STACK_SIZE                  
00000345  ADC0_IRQHandler               
00000509  SYSCFG_DL_ADC12_0_init        
000005b5  memcpy                        
0000064f  ADC1_IRQHandler               
0000064f  AES_IRQHandler                
0000064f  CANFD0_IRQHandler             
0000064f  DAC0_IRQHandler               
0000064f  DMA_IRQHandler                
0000064f  Default_Handler               
0000064f  GROUP0_IRQHandler             
0000064f  GROUP1_IRQHandler             
0000064f  HardFault_Handler             
0000064f  I2C0_IRQHandler               
0000064f  I2C1_IRQHandler               
0000064f  NMI_Handler                   
0000064f  PendSV_Handler                
0000064f  RTC_IRQHandler                
0000064f  SPI0_IRQHandler               
0000064f  SPI1_IRQHandler               
0000064f  SVC_Handler                   
0000064f  SysTick_Handler               
0000064f  TIMA0_IRQHandler              
0000064f  TIMA1_IRQHandler              
0000064f  TIMG0_IRQHandler              
0000064f  TIMG12_IRQHandler             
0000064f  TIMG6_IRQHandler              
0000064f  TIMG7_IRQHandler              
0000064f  TIMG8_IRQHandler              
0000064f  UART0_IRQHandler              
0000064f  UART1_IRQHandler              
0000064f  UART2_IRQHandler              
0000064f  UART3_IRQHandler              
00000651  __TI_decompress_lzss          
000006cd  SYSCFG_DL_UART_0_init         
00000739  memset                        
0000079b  __aeabi_idiv0                 
0000079d  printf                        
000007f9  DL_DMA_initChannel            
00000845  SYSCFG_DL_GPIO_init           
00000891  DL_UART_init                  
000008d9  DL_ADC12_setClockConfig       
00000919  SYSCFG_DL_SYSCTL_init         
00000959  SYSCFG_DL_initPower           
00000999  __aeabi_uidiv                 
00000999  __aeabi_uidivmod              
000009d9  fputs                         
00000a19  main                          
00000a59  __TI_auto_init_nobinit_nopinit
00000a95  _c_int00_noargs               
00000abd  SYSCFG_DL_DMA_CH0_init        
00000ae1  memccpy                       
00000b03  _nop                          
00000b05  DL_UART_transmitDataBlocking  
00000b25  SYSCFG_DL_init                
00000b41  fputc                         
00000b55  DL_UART_setClockConfig        
00000b67  __TI_decompress_none          
00000b79  __TI_zero_init                
00000b89  __aeabi_memset                
00000b89  __aeabi_memset4               
00000b89  __aeabi_memset8               
00000ba5  __aeabi_memclr                
00000ba5  __aeabi_memclr4               
00000ba5  __aeabi_memclr8               
00000bb1  DL_Common_delayCycles         
00000bbb  SYSCFG_DL_DMA_init            
00000bc5  __aeabi_memcpy                
00000bc5  __aeabi_memcpy4               
00000bc5  __aeabi_memcpy8               
00000bdd  abort                         
00000be2  C$$EXIT                       
00000be3  HOSTexit                      
00000be7  Reset_Handler                 
00000beb  _system_pre_init              
00000c70  __TI_Handler_Table_Base       
00000c7c  __TI_Handler_Table_Limit      
00000c84  __TI_CINIT_Base               
00000c94  __TI_CINIT_Limit              
00000c94  __TI_CINIT_Warm               
20200000  __start___llvm_prf_bits       
20200000  __start___llvm_prf_cnts       
20200000  __stop___llvm_prf_bits        
20200000  __stop___llvm_prf_cnts        
20200000  gADCSamples                   
202012c0  _ftable                       
202013b0  _lock                         
202013b4  _unlock                       
20207e00  __stack                       
20208000  __STACK_END                   
ffffffff  __TI_pprof_out_hndl           
ffffffff  __TI_prof_data_size           
ffffffff  __TI_prof_data_start          
ffffffff  __binit__                     
ffffffff  binit                         
UNDEFED   __mpu_init                    
UNDEFED   _system_post_cinit            

[109 symbols]
