******************************************************************************
            TI ARM Clang Linker PC v4.0.3                      
******************************************************************************
>> Linked Fri Dec 19 19:18:42 2025

OUTPUT FILE NAME:   <huidu_yjian.out>
ENTRY POINT SYMBOL: "_c_int00_noargs"  address: 000017c1


MEMORY CONFIGURATION

         name            origin    length      used     unused   attr    fill
----------------------  --------  ---------  --------  --------  ----  --------
  FLASH                 00000000   00020000  00001b30  0001e4d0  R  X
  SRAM                  20200000   00008000  00000d13  000072ed  RW X
  BCR_CONFIG            41c00000   000000ff  00000000  000000ff  R   
  BSL_CONFIG            41c00100   00000080  00000000  00000080  R   


SEGMENT ALLOCATION MAP

run origin  load origin   length   init length attrs members
----------  ----------- ---------- ----------- ----- -------
00000000    00000000    00001998   00001998    r-x
  00000000    00000000    000000c0   000000c0    r-- .intvecs
  000000c0    000000c0    000018d8   000018d8    r-x .text
000019f8    000019f8    00000138   00000138    r--
  000019f8    000019f8    000000c8   000000c8    r-- .rodata
  00001ac0    00001ac0    00000060   00000060    r-- .cinit
  00001b20    00001b20    00000010   00000010    r-- .binit
20200000    20200000    00000ab3   00000000    rw-
  20200000    20200000    00000988   00000000    rw- .bss
  20200988    20200988    0000012b   00000000    rw- .data
20200ab8    00001998    00000060   00000060    r-x
  20200ab8    00001998    00000060   00000060    r-x .TI.ramfunc
20207e00    20207e00    00000200   00000000    rw-
  20207e00    20207e00    00000200   00000000    rw- .stack


SECTION ALLOCATION MAP

 output                                  attributes/
section   page    origin      length       input sections
--------  ----  ----------  ----------   ----------------
.intvecs   0    00000000    000000c0     
                  00000000    000000c0     startup_mspm0g350x_ticlang.o (.intvecs)

.text      0    000000c0    000018d8     
                  000000c0    000002ac     eeprom_emulation_type_b.o (.text.EEPROM_TypeB_transferDataItem)
                  0000036c    00000284     libc.a : _printfi.c.obj (.text:__TI_printfi_minimal)
                  000005f0    0000018c     empty.o (.text.main)
                  0000077c    00000148     data_process.o (.text.process_avg_and_restart_timer)
                  000008c4    00000110     eeprom_emulation_type_b.o (.text.EEPROM_TypeB_writeDataItem)
                  000009d4    00000108     key.o (.text.TIMA1_IRQHandler)
                  00000adc    00000100     eeprom_emulation_type_b.o (.text.EEPROM_TypeB_init)
                  00000bdc    000000e8     driverlib.a : dl_timer.o (.text.DL_Timer_initTimerMode)
                  00000cc4    000000d8                 : dl_flashctl.o (.text.DL_FlashCTL_unprotectSector)
                  00000d9c    000000c0     ti_msp_dl_config.o (.text.SYSCFG_DL_ADC12_0_init)
                  00000e5c    000000a8     eeprom_emulation_type_b.o (.text.EEPROM_TypeB_eraseNonActiveGroups)
                  00000f04    000000a0     eeprom_emulation_type_b.o (.text.EEPROM_TypeB_eraseGroup)
                  00000fa4    0000009a     libc.a : memcpy16.S.obj (.text:memcpy)
                  0000103e    00000002     startup_mspm0g350x_ticlang.o (.text.Default_Handler)
                  00001040    00000094     eeprom_emulation_type_b.o (.text.EEPROM_TypeB_eraseAllGroups)
                  000010d4    0000007c     libc.a : copy_decompress_lzss.c.obj (.text:decompress:lzss)
                  00001150    00000074     empty.o (.text.on_key_b2_event)
                  000011c4    00000070     eeprom_emulation_type_b.o (.text.EEPROM_TypeB_readDataItem)
                  00001234    0000006c     ti_msp_dl_config.o (.text.SYSCFG_DL_UART_0_init)
                  000012a0    00000062     libc.a : memset16.S.obj (.text:memset)
                  00001302    00000002     libclang_rt.builtins.a : aeabi_div0.c.obj (.text.__aeabi_idiv0)
                  00001304    0000005c     libc.a : printf.c.obj (.text.printf)
                  00001360    00000058     ti_msp_dl_config.o (.text.SYSCFG_DL_GPIO_init)
                  000013b8    00000054     ti_msp_dl_config.o (.text.SYSCFG_DL_initPower)
                  0000140c    0000004c     driverlib.a : dl_dma.o (.text.DL_DMA_initChannel)
                  00001458    0000004c     libc.a : cpy_tbl.c.obj (.text.copy_in)
                  000014a4    0000004c            : autoinit.c.obj (.text:__TI_auto_init_nopinit)
                  000014f0    00000048     driverlib.a : dl_uart.o (.text.DL_UART_init)
                  00001538    00000048     UART.o (.text.puts)
                  00001580    00000040     driverlib.a : dl_adc12.o (.text.DL_ADC12_setClockConfig)
                  000015c0    00000040     eeprom_emulation_type_b.o (.text.EEPROM_TypeB_write)
                  00001600    00000040     ti_msp_dl_config.o (.text.SYSCFG_DL_SYSCTL_init)
                  00001640    00000040     ti_msp_dl_config.o (.text.SYSCFG_DL_TIMER_0_init)
                  00001680    00000040     libclang_rt.builtins.a : aeabi_uidivmod.S.obj (.text.__aeabi_uidivmod)
                  000016c0    00000040     UART.o (.text.fputs)
                  00001700    00000038     ti_msp_dl_config.o (.text.SYSCFG_DL_KEY_TIMER_1_init)
                  00001738    00000038     ti_msp_dl_config.o (.text.SYSCFG_DL_init)
                  00001770    00000028     empty.o (.text.ADC0_IRQHandler)
                  00001798    00000028     driverlib.a : dl_flashctl.o (.text.DL_FlashCTL_programMemoryFromRAM64WithECCGenerated)
                  000017c0    00000028     libc.a : boot_cortex_m.c.obj (.text:_c_int00_noargs)
                  000017e8    00000024     ti_msp_dl_config.o (.text.SYSCFG_DL_DMA_CH0_init)
                  0000180c    00000022     libc.a : memccpy.c.obj (.text.memccpy)
                  0000182e    00000002            : _lock.c.obj (.text._nop)
                  00001830    00000020     driverlib.a : dl_uart.o (.text.DL_UART_transmitDataBlocking)
                  00001850    00000020     empty.o (.text.on_key_b1_event)
                  00001870    0000001c     driverlib.a : dl_timer.o (.text.DL_Timer_setClockConfig)
                  0000188c    0000001c     key.o (.text.key_init)
                  000018a8    00000018     driverlib.a : dl_flashctl.o (.text.DL_FlashCTL_eraseMemoryFromRAM)
                  000018c0    00000014     UART.o (.text.fputc)
                  000018d4    00000014     key.o (.text.key_register_callback)
                  000018e8    00000012     driverlib.a : dl_uart.o (.text.DL_UART_setClockConfig)
                  000018fa    00000012     libc.a : copy_decompress_none.c.obj (.text:decompress:none)
                  0000190c    00000010            : copy_zero_init.c.obj (.text:decompress:ZI)
                  0000191c    0000000e     libclang_rt.builtins.a : aeabi_memset.S.obj (.text.__aeabi_memset)
                  0000192a    0000000e     libc.a : _printfi.c.obj (.text.strlen)
                  00001938    0000000c     libclang_rt.builtins.a : aeabi_memset.S.obj (.text.__aeabi_memclr)
                  00001944    0000000a     driverlib.a : dl_common.o (.text.DL_Common_delayCycles)
                  0000194e    00000008     ti_msp_dl_config.o (.text.SYSCFG_DL_DMA_init)
                  00001956    00000002     --HOLE-- [fill = 0]
                  00001958    00000008     libclang_rt.builtins.a : aeabi_memcpy.S.obj (.text.__aeabi_memcpy)
                  00001960    00000008     libc.a : printf.c.obj (.text._outc)
                  00001968    00000008            : printf.c.obj (.text._outs)
                  00001970    00000006            : exit.c.obj (.text:abort)
                  00001976    00000004     libsysbm.a : hostexit.c.obj (.text.HOSTexit)
                  0000197a    00000004     startup_mspm0g350x_ticlang.o (.text.Reset_Handler)
                  0000197e    00000004     libc.a : pre_init.c.obj (.text._system_pre_init)
                  00001982    00000002     --HOLE-- [fill = 0]
                  00001984    00000010     driverlib.a : dl_flashctl.o (.tramp.DL_FlashCTL_executeCommandFromRAM.1)
                  00001994    00000004     --HOLE-- [fill = 0]

.TI.ramfunc 
*          0    00001998    00000060     RUN ADDR = 20200ab8
                  00001998    00000060     driverlib.a : dl_flashctl.o (.TI.ramfunc)

.cinit     0    00001ac0    00000060     
                  00001ac0    00000039     (.cinit..data.load) [load image, compression = lzss]
                  00001af9    00000003     --HOLE-- [fill = 0]
                  00001afc    0000000c     (__TI_handler_table)
                  00001b08    00000008     (.cinit..bss.load) [load image, compression = zero_init]
                  00001b10    00000010     (__TI_cinit_table)

.rodata    0    000019f8    000000c8     
                  000019f8    00000018     ti_msp_dl_config.o (.rodata.gDMA_CH0Config)
                  00001a10    00000014     ti_msp_dl_config.o (.rodata.gKEY_TIMER_1TimerConfig)
                  00001a24    00000014     ti_msp_dl_config.o (.rodata.gTIMER_0TimerConfig)
                  00001a38    00000013     empty.o (.rodata.str1.11898133897667081452.1)
                  00001a4b    00000013     empty.o (.rodata.str1.17765576349719104773.1)
                  00001a5e    00000013     empty.o (.rodata.str1.18137841171681834311.1)
                  00001a71    00000012     empty.o (.rodata.str1.18336280728655281530.1)
                  00001a83    00000012     empty.o (.rodata.str1.8138751173933995641.1)
                  00001a95    00000011     libc.a : _printfi.c.obj (.rodata.str1.15363888844622738466.1)
                  00001aa6    0000000a     ti_msp_dl_config.o (.rodata.gUART_0Config)
                  00001ab0    00000008     ti_msp_dl_config.o (.rodata.gADC12_0ClockConfig)
                  00001ab8    00000003     ti_msp_dl_config.o (.rodata.gKEY_TIMER_1ClockConfig)
                  00001abb    00000003     ti_msp_dl_config.o (.rodata.gTIMER_0ClockConfig)
                  00001abe    00000002     ti_msp_dl_config.o (.rodata.gUART_0ClockConfig)

.init_array 
*          0    00000000    00000000     UNINITIALIZED

.binit     0    00001b20    00000010     
                  00001b20    00000010     (.binit)

.bss       0    20200000    00000988     UNINITIALIZED
                  20200000    000007d0     (.common:gADCSamples)
                  202007d0    000000bc     (.common:gKEY_TIMER_1Backup)
                  2020088c    000000bc     (.common:gTIMER_0Backup)
                  20200948    00000020     (.common:avg)
                  20200968    00000020     (.common:last_avg)

.data      0    20200988    0000012b     UNINITIALIZED
                  20200988    000000f0     libc.a : defs.c.obj (.data._ftable)
                  20200a78    00000028     key.o (.data.gKeyControls)
                  20200aa0    00000004     libc.a : _lock.c.obj (.data._lock)
                  20200aa4    00000004            : _lock.c.obj (.data._unlock)
                  20200aa8    00000004     empty.o (.data.flag)
                  20200aac    00000002     eeprom_emulation_type_b.o (.data.gActiveDataItemNum)
                  20200aae    00000002     eeprom_emulation_type_b.o (.data.gActiveGroupNum)
                  20200ab0    00000001     eeprom_emulation_type_b.o (.data.gEEPROMTypeBEraseFlag)
                  20200ab1    00000001     eeprom_emulation_type_b.o (.data.gEEPROMTypeBSearchFlag)
                  20200ab2    00000001     eeprom_emulation_type_b.o (.data.gEEPROMTypeBTransferInProgressFlag)

.stack     0    20207e00    00000200     UNINITIALIZED
                  20207e00    00000004     libc.a : boot_cortex_m.c.obj (.stack)
                  20207e04    000001fc     --HOLE--

__llvm_prf_cnts 
*          0    20200000    00000000     UNINITIALIZED

__llvm_prf_bits 
*          0    20200000    00000000     UNINITIALIZED

MODULE SUMMARY

       Module                         code   ro data   rw data
       ------                         ----   -------   -------
    .\
       empty.o                        584    93        2068   
       ti_msp_dl_config.o             756    90        376    
       key.o                          312    0         40     
       data_process.o                 328    0         0      
       startup_mspm0g350x_ticlang.o   6      192       0      
       UART.o                         156    0         0      
    +--+------------------------------+------+---------+---------+
       Total:                         2142   375       2484   
                                                              
    .\ti\eeprom\emulation_type_b\
       eeprom_emulation_type_b.o      1864   0         7      
    +--+------------------------------+------+---------+---------+
       Total:                         1864   0         7      
                                                              
    D:/MCU/CCS/mspm0_sdk_2_05_01_00/source/ti/driverlib/lib/ticlang/m0p/mspm0g1x0x_g3x0x/driverlib.a
       dl_flashctl.o                  488    0         0      
       dl_timer.o                     260    0         0      
       dl_uart.o                      122    0         0      
       dl_dma.o                       76     0         0      
       dl_adc12.o                     64     0         0      
       dl_common.o                    10     0         0      
    +--+------------------------------+------+---------+---------+
       Total:                         1020   0         0      
                                                              
    D:\MCU\CCS\ccs\tools\compiler\ti-cgt-armllvm_4.0.3.LTS\lib\armv6m-ti-none-eabi/c/libc.a
       _printfi.c.obj                 658    17        0      
       defs.c.obj                     0      0         240    
       memcpy16.S.obj                 154    0         0      
       copy_decompress_lzss.c.obj     124    0         0      
       printf.c.obj                   108    0         0      
       memset16.S.obj                 98     0         0      
       autoinit.c.obj                 76     0         0      
       cpy_tbl.c.obj                  76     0         0      
       boot_cortex_m.c.obj            40     0         0      
       memccpy.c.obj                  34     0         0      
       copy_decompress_none.c.obj     18     0         0      
       copy_zero_init.c.obj           16     0         0      
       _lock.c.obj                    2      0         8      
       exit.c.obj                     6      0         0      
       pre_init.c.obj                 4      0         0      
    +--+------------------------------+------+---------+---------+
       Total:                         1414   17        248    
                                                              
    D:\MCU\CCS\ccs\tools\compiler\ti-cgt-armllvm_4.0.3.LTS\lib\armv6m-ti-none-eabi/c/libsysbm.a
       hostexit.c.obj                 4      0         0      
    +--+------------------------------+------+---------+---------+
       Total:                         4      0         0      
                                                              
    D:\MCU\CCS\ccs\tools\compiler\ti-cgt-armllvm_4.0.3.LTS\lib\armv6m-ti-none-eabi/libclang_rt.builtins.a
       aeabi_uidivmod.S.obj           64     0         0      
       aeabi_memset.S.obj             26     0         0      
       aeabi_memcpy.S.obj             8      0         0      
       aeabi_div0.c.obj               2      0         0      
    +--+------------------------------+------+---------+---------+
       Total:                         100    0         0      
                                                              
       Stack:                         0      0         512    
       Linker Generated:              0      109       0      
    +--+------------------------------+------+---------+---------+
       Grand Total:                   6544   501       3251   


LINKER GENERATED COPY TABLES

__TI_cinit_table @ 00001b10 records: 2, size/record: 8, table size: 16
	.data: load addr=00001ac0, load size=00000039 bytes, run addr=20200988, run size=0000012b bytes, compression=lzss
	.bss: load addr=00001b08, load size=00000008 bytes, run addr=20200000, run size=00000988 bytes, compression=zero_init
binit @ 00001b20 records: 1, size/record: 12, table size: 16
	.TI.ramfunc: load addr=00001998, load size=00000060, run addr=20200ab8, run size=00000060, compression=none


LINKER GENERATED HANDLER TABLE

__TI_handler_table @ 00001afc records: 3, size/record: 4, table size: 12
	index: 0, handler: __TI_decompress_lzss
	index: 1, handler: __TI_decompress_none
	index: 2, handler: __TI_zero_init


FAR CALL TRAMPOLINES

callee name               trampoline name
   callee addr  tramp addr   call addr  call info
--------------  -----------  ---------  ----------------
DL_FlashCTL_executeCommandFromRAM  $Tramp$TT$L$PI$$DL_FlashCTL_executeCommandFromRAM
   20200ab9     00001984     000017b0   driverlib.a : dl_flashctl.o (.text.DL_FlashCTL_programMemoryFromRAM64WithECCGenerated)
                             000018b6               : dl_flashctl.o (.text.DL_FlashCTL_eraseMemoryFromRAM)

[1 trampolines]
[2 trampoline calls]


GLOBAL SYMBOLS: SORTED ALPHABETICALLY BY Name 

address   name                                              
-------   ----                                              
00001771  ADC0_IRQHandler                                   
0000103f  ADC1_IRQHandler                                   
0000103f  AES_IRQHandler                                    
00001976  C$$EXIT                                           
0000103f  CANFD0_IRQHandler                                 
0000103f  DAC0_IRQHandler                                   
00001581  DL_ADC12_setClockConfig                           
00001945  DL_Common_delayCycles                             
0000140d  DL_DMA_initChannel                                
000018a9  DL_FlashCTL_eraseMemoryFromRAM                    
00001799  DL_FlashCTL_programMemoryFromRAM64WithECCGenerated
00000cc5  DL_FlashCTL_unprotectSector                       
00000bdd  DL_Timer_initTimerMode                            
00001871  DL_Timer_setClockConfig                           
000014f1  DL_UART_init                                      
000018e9  DL_UART_setClockConfig                            
00001831  DL_UART_transmitDataBlocking                      
0000103f  DMA_IRQHandler                                    
0000103f  Default_Handler                                   
00001041  EEPROM_TypeB_eraseAllGroups                       
00000f05  EEPROM_TypeB_eraseGroup                           
00000e5d  EEPROM_TypeB_eraseNonActiveGroups                 
00000add  EEPROM_TypeB_init                                 
000011c5  EEPROM_TypeB_readDataItem                         
000000c1  EEPROM_TypeB_transferDataItem                     
000015c1  EEPROM_TypeB_write                                
000008c5  EEPROM_TypeB_writeDataItem                        
0000103f  GROUP0_IRQHandler                                 
0000103f  GROUP1_IRQHandler                                 
00001977  HOSTexit                                          
0000103f  HardFault_Handler                                 
0000103f  I2C0_IRQHandler                                   
0000103f  I2C1_IRQHandler                                   
0000103f  NMI_Handler                                       
0000103f  PendSV_Handler                                    
0000103f  RTC_IRQHandler                                    
0000197b  Reset_Handler                                     
0000103f  SPI0_IRQHandler                                   
0000103f  SPI1_IRQHandler                                   
0000103f  SVC_Handler                                       
00000d9d  SYSCFG_DL_ADC12_0_init                            
000017e9  SYSCFG_DL_DMA_CH0_init                            
0000194f  SYSCFG_DL_DMA_init                                
00001361  SYSCFG_DL_GPIO_init                               
00001701  SYSCFG_DL_KEY_TIMER_1_init                        
00001601  SYSCFG_DL_SYSCTL_init                             
00001641  SYSCFG_DL_TIMER_0_init                            
00001235  SYSCFG_DL_UART_0_init                             
00001739  SYSCFG_DL_init                                    
000013b9  SYSCFG_DL_initPower                               
0000103f  SysTick_Handler                                   
0000103f  TIMA0_IRQHandler                                  
000009d5  TIMA1_IRQHandler                                  
0000103f  TIMG0_IRQHandler                                  
0000103f  TIMG12_IRQHandler                                 
0000103f  TIMG6_IRQHandler                                  
0000103f  TIMG7_IRQHandler                                  
0000103f  TIMG8_IRQHandler                                  
0000103f  UART0_IRQHandler                                  
0000103f  UART1_IRQHandler                                  
0000103f  UART2_IRQHandler                                  
0000103f  UART3_IRQHandler                                  
20208000  __STACK_END                                       
00000200  __STACK_SIZE                                      
00000000  __TI_ATRegion0_region_sz                          
00000000  __TI_ATRegion0_src_addr                           
00000000  __TI_ATRegion0_trg_addr                           
00000000  __TI_ATRegion1_region_sz                          
00000000  __TI_ATRegion1_src_addr                           
00000000  __TI_ATRegion1_trg_addr                           
00000000  __TI_ATRegion2_region_sz                          
00000000  __TI_ATRegion2_src_addr                           
00000000  __TI_ATRegion2_trg_addr                           
00001b10  __TI_CINIT_Base                                   
00001b20  __TI_CINIT_Limit                                  
00001b20  __TI_CINIT_Warm                                   
00001afc  __TI_Handler_Table_Base                           
00001b08  __TI_Handler_Table_Limit                          
000014a5  __TI_auto_init_nopinit                            
000010d5  __TI_decompress_lzss                              
000018fb  __TI_decompress_none                              
ffffffff  __TI_pprof_out_hndl                               
0000036d  __TI_printfi_minimal                              
ffffffff  __TI_prof_data_size                               
ffffffff  __TI_prof_data_start                              
00000000  __TI_static_base__                                
00001b20  __TI_table_binit                                  
0000190d  __TI_zero_init                                    
00001303  __aeabi_idiv0                                     
00001939  __aeabi_memclr                                    
00001939  __aeabi_memclr4                                   
00001939  __aeabi_memclr8                                   
00001959  __aeabi_memcpy                                    
00001959  __aeabi_memcpy4                                   
00001959  __aeabi_memcpy8                                   
0000191d  __aeabi_memset                                    
0000191d  __aeabi_memset4                                   
0000191d  __aeabi_memset8                                   
00001681  __aeabi_uidiv                                     
00001681  __aeabi_uidivmod                                  
00001b20  __binit__                                         
UNDEFED   __mpu_init                                        
20207e00  __stack                                           
20200000  __start___llvm_prf_bits                           
20200000  __start___llvm_prf_cnts                           
20200000  __stop___llvm_prf_bits                            
20200000  __stop___llvm_prf_cnts                            
000017c1  _c_int00_noargs                                   
20200988  _ftable                                           
20200aa0  _lock                                             
0000182f  _nop                                              
UNDEFED   _system_post_cinit                                
0000197f  _system_pre_init                                  
20200aa4  _unlock                                           
00001971  abort                                             
20200948  avg                                               
00001b20  binit                                             
00001459  copy_in                                           
20200aa8  flag                                              
000018c1  fputc                                             
000016c1  fputs                                             
20200000  gADCSamples                                       
20200aac  gActiveDataItemNum                                
20200aae  gActiveGroupNum                                   
20200ab0  gEEPROMTypeBEraseFlag                             
20200ab1  gEEPROMTypeBSearchFlag                            
20200ab2  gEEPROMTypeBTransferInProgressFlag                
202007d0  gKEY_TIMER_1Backup                                
2020088c  gTIMER_0Backup                                    
00000000  interruptVectors                                  
0000188d  key_init                                          
000018d5  key_register_callback                             
20200968  last_avg                                          
000005f1  main                                              
0000180d  memccpy                                           
00000fa5  memcpy                                            
000012a1  memset                                            
00001851  on_key_b1_event                                   
00001151  on_key_b2_event                                   
00001305  printf                                            
0000077d  process_avg_and_restart_timer                     
00001539  puts                                              


GLOBAL SYMBOLS: SORTED BY Symbol Address 

address   name                                              
-------   ----                                              
00000000  __TI_ATRegion0_region_sz                          
00000000  __TI_ATRegion0_src_addr                           
00000000  __TI_ATRegion0_trg_addr                           
00000000  __TI_ATRegion1_region_sz                          
00000000  __TI_ATRegion1_src_addr                           
00000000  __TI_ATRegion1_trg_addr                           
00000000  __TI_ATRegion2_region_sz                          
00000000  __TI_ATRegion2_src_addr                           
00000000  __TI_ATRegion2_trg_addr                           
00000000  __TI_static_base__                                
00000000  interruptVectors                                  
000000c1  EEPROM_TypeB_transferDataItem                     
00000200  __STACK_SIZE                                      
0000036d  __TI_printfi_minimal                              
000005f1  main                                              
0000077d  process_avg_and_restart_timer                     
000008c5  EEPROM_TypeB_writeDataItem                        
000009d5  TIMA1_IRQHandler                                  
00000add  EEPROM_TypeB_init                                 
00000bdd  DL_Timer_initTimerMode                            
00000cc5  DL_FlashCTL_unprotectSector                       
00000d9d  SYSCFG_DL_ADC12_0_init                            
00000e5d  EEPROM_TypeB_eraseNonActiveGroups                 
00000f05  EEPROM_TypeB_eraseGroup                           
00000fa5  memcpy                                            
0000103f  ADC1_IRQHandler                                   
0000103f  AES_IRQHandler                                    
0000103f  CANFD0_IRQHandler                                 
0000103f  DAC0_IRQHandler                                   
0000103f  DMA_IRQHandler                                    
0000103f  Default_Handler                                   
0000103f  GROUP0_IRQHandler                                 
0000103f  GROUP1_IRQHandler                                 
0000103f  HardFault_Handler                                 
0000103f  I2C0_IRQHandler                                   
0000103f  I2C1_IRQHandler                                   
0000103f  NMI_Handler                                       
0000103f  PendSV_Handler                                    
0000103f  RTC_IRQHandler                                    
0000103f  SPI0_IRQHandler                                   
0000103f  SPI1_IRQHandler                                   
0000103f  SVC_Handler                                       
0000103f  SysTick_Handler                                   
0000103f  TIMA0_IRQHandler                                  
0000103f  TIMG0_IRQHandler                                  
0000103f  TIMG12_IRQHandler                                 
0000103f  TIMG6_IRQHandler                                  
0000103f  TIMG7_IRQHandler                                  
0000103f  TIMG8_IRQHandler                                  
0000103f  UART0_IRQHandler                                  
0000103f  UART1_IRQHandler                                  
0000103f  UART2_IRQHandler                                  
0000103f  UART3_IRQHandler                                  
00001041  EEPROM_TypeB_eraseAllGroups                       
000010d5  __TI_decompress_lzss                              
00001151  on_key_b2_event                                   
000011c5  EEPROM_TypeB_readDataItem                         
00001235  SYSCFG_DL_UART_0_init                             
000012a1  memset                                            
00001303  __aeabi_idiv0                                     
00001305  printf                                            
00001361  SYSCFG_DL_GPIO_init                               
000013b9  SYSCFG_DL_initPower                               
0000140d  DL_DMA_initChannel                                
00001459  copy_in                                           
000014a5  __TI_auto_init_nopinit                            
000014f1  DL_UART_init                                      
00001539  puts                                              
00001581  DL_ADC12_setClockConfig                           
000015c1  EEPROM_TypeB_write                                
00001601  SYSCFG_DL_SYSCTL_init                             
00001641  SYSCFG_DL_TIMER_0_init                            
00001681  __aeabi_uidiv                                     
00001681  __aeabi_uidivmod                                  
000016c1  fputs                                             
00001701  SYSCFG_DL_KEY_TIMER_1_init                        
00001739  SYSCFG_DL_init                                    
00001771  ADC0_IRQHandler                                   
00001799  DL_FlashCTL_programMemoryFromRAM64WithECCGenerated
000017c1  _c_int00_noargs                                   
000017e9  SYSCFG_DL_DMA_CH0_init                            
0000180d  memccpy                                           
0000182f  _nop                                              
00001831  DL_UART_transmitDataBlocking                      
00001851  on_key_b1_event                                   
00001871  DL_Timer_setClockConfig                           
0000188d  key_init                                          
000018a9  DL_FlashCTL_eraseMemoryFromRAM                    
000018c1  fputc                                             
000018d5  key_register_callback                             
000018e9  DL_UART_setClockConfig                            
000018fb  __TI_decompress_none                              
0000190d  __TI_zero_init                                    
0000191d  __aeabi_memset                                    
0000191d  __aeabi_memset4                                   
0000191d  __aeabi_memset8                                   
00001939  __aeabi_memclr                                    
00001939  __aeabi_memclr4                                   
00001939  __aeabi_memclr8                                   
00001945  DL_Common_delayCycles                             
0000194f  SYSCFG_DL_DMA_init                                
00001959  __aeabi_memcpy                                    
00001959  __aeabi_memcpy4                                   
00001959  __aeabi_memcpy8                                   
00001971  abort                                             
00001976  C$$EXIT                                           
00001977  HOSTexit                                          
0000197b  Reset_Handler                                     
0000197f  _system_pre_init                                  
00001afc  __TI_Handler_Table_Base                           
00001b08  __TI_Handler_Table_Limit                          
00001b10  __TI_CINIT_Base                                   
00001b20  __TI_CINIT_Limit                                  
00001b20  __TI_CINIT_Warm                                   
00001b20  __TI_table_binit                                  
00001b20  __binit__                                         
00001b20  binit                                             
20200000  __start___llvm_prf_bits                           
20200000  __start___llvm_prf_cnts                           
20200000  __stop___llvm_prf_bits                            
20200000  __stop___llvm_prf_cnts                            
20200000  gADCSamples                                       
202007d0  gKEY_TIMER_1Backup                                
2020088c  gTIMER_0Backup                                    
20200948  avg                                               
20200968  last_avg                                          
20200988  _ftable                                           
20200aa0  _lock                                             
20200aa4  _unlock                                           
20200aa8  flag                                              
20200aac  gActiveDataItemNum                                
20200aae  gActiveGroupNum                                   
20200ab0  gEEPROMTypeBEraseFlag                             
20200ab1  gEEPROMTypeBSearchFlag                            
20200ab2  gEEPROMTypeBTransferInProgressFlag                
20207e00  __stack                                           
20208000  __STACK_END                                       
ffffffff  __TI_pprof_out_hndl                               
ffffffff  __TI_prof_data_size                               
ffffffff  __TI_prof_data_start                              
UNDEFED   __mpu_init                                        
UNDEFED   _system_post_cinit                                

[142 symbols]
