******************************************************************************
            TI ARM Clang Linker PC v4.0.3                      
******************************************************************************
>> Linked Fri Dec 12 17:24:56 2025

OUTPUT FILE NAME:   <huidu_yjian.out>
ENTRY POINT SYMBOL: "_c_int00_noargs"  address: 00000845


MEMORY CONFIGURATION

         name            origin    length      used     unused   attr    fill
----------------------  --------  ---------  --------  --------  ----  --------
  FLASH                 00000000   00020000  000009b0  0001f650  R  X
  SRAM                  20200000   00008000  000002f8  00007d08  RW X
  BCR_CONFIG            41c00000   000000ff  00000000  000000ff  R   
  BSL_CONFIG            41c00100   00000080  00000000  00000080  R   


SEGMENT ALLOCATION MAP

run origin  load origin   length   init length attrs members
----------  ----------- ---------- ----------- ----- -------
00000000    00000000    000009b0   000009b0    r-x
  00000000    00000000    000000c0   000000c0    r-- .intvecs
  000000c0    000000c0    00000890   00000890    r-x .text
  00000950    00000950    00000028   00000028    r-- .rodata
  00000978    00000978    00000038   00000038    r-- .cinit
20200000    20200000    000000f8   00000000    rw-
  20200000    20200000    000000f8   00000000    rw- .data
20207e00    20207e00    00000200   00000000    rw-
  20207e00    20207e00    00000200   00000000    rw- .stack


SECTION ALLOCATION MAP

 output                                  attributes/
section   page    origin      length       input sections
--------  ----  ----------  ----------   ----------------
.intvecs   0    00000000    000000c0     
                  00000000    000000c0     startup_mspm0g350x_ticlang.o (.intvecs)

.text      0    000000c0    00000890     
                  000000c0    00000284     libc.a : _printfi.c.obj (.text:__TI_printfi_minimal)
                  00000344    000000bc     LED.o (.text.delay_ms)
                  00000400    0000009a     libc.a : memcpy16.S.obj (.text:memcpy)
                  0000049a    00000002     startup_mspm0g350x_ticlang.o (.text.Default_Handler)
                  0000049c    0000007c     libc.a : copy_decompress_lzss.c.obj (.text:decompress:lzss)
                  00000518    0000006c     ti_msp_dl_config.o (.text.SYSCFG_DL_UART_0_init)
                  00000584    00000062     libc.a : memset16.S.obj (.text:memset)
                  000005e6    00000002     LED.o (.text.LED_init)
                  000005e8    0000005c     libc.a : printf.c.obj (.text.printf)
                  00000644    00000050     ti_msp_dl_config.o (.text.SYSCFG_DL_GPIO_init)
                  00000694    00000048     driverlib.a : dl_uart.o (.text.DL_UART_init)
                  000006dc    00000040     ti_msp_dl_config.o (.text.SYSCFG_DL_SYSCTL_init)
                  0000071c    00000040     libclang_rt.builtins.a : aeabi_uidivmod.S.obj (.text.__aeabi_uidivmod)
                  0000075c    00000040     empty.o (.text.fputs)
                  0000079c    0000003c     libc.a : autoinit.c.obj (.text:__TI_auto_init_nobinit_nopinit)
                  000007d8    00000038     empty.o (.text.main)
                  00000810    00000034     ti_msp_dl_config.o (.text.SYSCFG_DL_initPower)
                  00000844    00000028     libc.a : boot_cortex_m.c.obj (.text:_c_int00_noargs)
                  0000086c    00000022            : memccpy.c.obj (.text.memccpy)
                  0000088e    00000002     libclang_rt.builtins.a : aeabi_div0.c.obj (.text.__aeabi_idiv0)
                  00000890    00000020     driverlib.a : dl_uart.o (.text.DL_UART_transmitDataBlocking)
                  000008b0    00000014     ti_msp_dl_config.o (.text.SYSCFG_DL_init)
                  000008c4    00000014     empty.o (.text.fputc)
                  000008d8    00000012     driverlib.a : dl_uart.o (.text.DL_UART_setClockConfig)
                  000008ea    00000012     libc.a : copy_decompress_none.c.obj (.text:decompress:none)
                  000008fc    0000000e     libclang_rt.builtins.a : aeabi_memset.S.obj (.text.__aeabi_memset)
                  0000090a    0000000e     libc.a : _printfi.c.obj (.text.strlen)
                  00000918    0000000a     driverlib.a : dl_common.o (.text.DL_Common_delayCycles)
                  00000922    00000002     libc.a : _lock.c.obj (.text._nop)
                  00000924    00000008     libclang_rt.builtins.a : aeabi_memcpy.S.obj (.text.__aeabi_memcpy)
                  0000092c    00000008     libc.a : printf.c.obj (.text._outc)
                  00000934    00000008            : printf.c.obj (.text._outs)
                  0000093c    00000006            : exit.c.obj (.text:abort)
                  00000942    00000004     libsysbm.a : hostexit.c.obj (.text.HOSTexit)
                  00000946    00000004     startup_mspm0g350x_ticlang.o (.text.Reset_Handler)
                  0000094a    00000004     libc.a : pre_init.c.obj (.text._system_pre_init)
                  0000094e    00000002     --HOLE-- [fill = 0]

.cinit     0    00000978    00000038     
                  00000978    00000028     (.cinit..data.load) [load image, compression = lzss]
                  000009a0    00000008     (__TI_handler_table)
                  000009a8    00000008     (__TI_cinit_table)

.rodata    0    00000950    00000028     
                  00000950    00000011     libc.a : _printfi.c.obj (.rodata.str1.15363888844622738466.1)
                  00000961    00000001     --HOLE-- [fill = 0]
                  00000962    0000000a     ti_msp_dl_config.o (.rodata.gUART_0Config)
                  0000096c    00000007     empty.o (.rodata.str1.9517790425240694019.1)
                  00000973    00000002     ti_msp_dl_config.o (.rodata.gUART_0ClockConfig)
                  00000975    00000003     --HOLE-- [fill = 0]

.init_array 
*          0    00000000    00000000     UNINITIALIZED

.binit     0    00000000    00000000     

.data      0    20200000    000000f8     UNINITIALIZED
                  20200000    000000f0     libc.a : defs.c.obj (.data._ftable)
                  202000f0    00000004            : _lock.c.obj (.data._lock)
                  202000f4    00000004            : _lock.c.obj (.data._unlock)

.stack     0    20207e00    00000200     UNINITIALIZED
                  20207e00    00000004     libc.a : boot_cortex_m.c.obj (.stack)
                  20207e04    000001fc     --HOLE--

__llvm_prf_cnts 
*          0    20200000    00000000     UNINITIALIZED

__llvm_prf_bits 
*          0    20200000    00000000     UNINITIALIZED

MODULE SUMMARY

       Module                         code   ro data   rw data
       ------                         ----   -------   -------
    .\
       ti_msp_dl_config.o             324    12        0      
       startup_mspm0g350x_ticlang.o   6      192       0      
       LED.o                          190    0         0      
       empty.o                        140    7         0      
    +--+------------------------------+------+---------+---------+
       Total:                         660    211       0      
                                                              
    D:/MCU/CCS/mspm0_sdk_2_05_01_00/source/ti/driverlib/lib/ticlang/m0p/mspm0g1x0x_g3x0x/driverlib.a
       dl_uart.o                      122    0         0      
       dl_common.o                    10     0         0      
    +--+------------------------------+------+---------+---------+
       Total:                         132    0         0      
                                                              
    D:\MCU\CCS\ccs\tools\compiler\ti-cgt-armllvm_4.0.3.LTS\lib\armv6m-ti-none-eabi/c/libc.a
       _printfi.c.obj                 658    17        0      
       defs.c.obj                     0      0         240    
       memcpy16.S.obj                 154    0         0      
       copy_decompress_lzss.c.obj     124    0         0      
       printf.c.obj                   108    0         0      
       memset16.S.obj                 98     0         0      
       autoinit.c.obj                 60     0         0      
       boot_cortex_m.c.obj            40     0         0      
       memccpy.c.obj                  34     0         0      
       copy_decompress_none.c.obj     18     0         0      
       _lock.c.obj                    2      0         8      
       exit.c.obj                     6      0         0      
       pre_init.c.obj                 4      0         0      
    +--+------------------------------+------+---------+---------+
       Total:                         1306   17        248    
                                                              
    D:\MCU\CCS\ccs\tools\compiler\ti-cgt-armllvm_4.0.3.LTS\lib\armv6m-ti-none-eabi/c/libsysbm.a
       hostexit.c.obj                 4      0         0      
    +--+------------------------------+------+---------+---------+
       Total:                         4      0         0      
                                                              
    D:\MCU\CCS\ccs\tools\compiler\ti-cgt-armllvm_4.0.3.LTS\lib\armv6m-ti-none-eabi/libclang_rt.builtins.a
       aeabi_uidivmod.S.obj           64     0         0      
       aeabi_memset.S.obj             14     0         0      
       aeabi_memcpy.S.obj             8      0         0      
       aeabi_div0.c.obj               2      0         0      
    +--+------------------------------+------+---------+---------+
       Total:                         88     0         0      
                                                              
       Stack:                         0      0         512    
       Linker Generated:              0      56        0      
    +--+------------------------------+------+---------+---------+
       Grand Total:                   2190   284       760    


LINKER GENERATED COPY TABLES

__TI_cinit_table @ 000009a8 records: 1, size/record: 8, table size: 8
	.data: load addr=00000978, load size=00000028 bytes, run addr=20200000, run size=000000f8 bytes, compression=lzss


LINKER GENERATED HANDLER TABLE

__TI_handler_table @ 000009a0 records: 2, size/record: 4, table size: 8
	index: 0, handler: __TI_decompress_lzss
	index: 1, handler: __TI_decompress_none


GLOBAL SYMBOLS: SORTED ALPHABETICALLY BY Name 

address   name                          
-------   ----                          
0000049b  ADC0_IRQHandler               
0000049b  ADC1_IRQHandler               
0000049b  AES_IRQHandler                
00000942  C$$EXIT                       
0000049b  CANFD0_IRQHandler             
0000049b  DAC0_IRQHandler               
00000919  DL_Common_delayCycles         
00000695  DL_UART_init                  
000008d9  DL_UART_setClockConfig        
00000891  DL_UART_transmitDataBlocking  
0000049b  DMA_IRQHandler                
0000049b  Default_Handler               
0000049b  GROUP0_IRQHandler             
0000049b  GROUP1_IRQHandler             
00000943  HOSTexit                      
0000049b  HardFault_Handler             
0000049b  I2C0_IRQHandler               
0000049b  I2C1_IRQHandler               
000005e7  LED_init                      
0000049b  NMI_Handler                   
0000049b  PendSV_Handler                
0000049b  RTC_IRQHandler                
00000947  Reset_Handler                 
0000049b  SPI0_IRQHandler               
0000049b  SPI1_IRQHandler               
0000049b  SVC_Handler                   
00000645  SYSCFG_DL_GPIO_init           
000006dd  SYSCFG_DL_SYSCTL_init         
00000519  SYSCFG_DL_UART_0_init         
000008b1  SYSCFG_DL_init                
00000811  SYSCFG_DL_initPower           
0000049b  SysTick_Handler               
0000049b  TIMA0_IRQHandler              
0000049b  TIMA1_IRQHandler              
0000049b  TIMG0_IRQHandler              
0000049b  TIMG12_IRQHandler             
0000049b  TIMG6_IRQHandler              
0000049b  TIMG7_IRQHandler              
0000049b  TIMG8_IRQHandler              
0000049b  UART0_IRQHandler              
0000049b  UART1_IRQHandler              
0000049b  UART2_IRQHandler              
0000049b  UART3_IRQHandler              
20208000  __STACK_END                   
00000200  __STACK_SIZE                  
00000000  __TI_ATRegion0_region_sz      
00000000  __TI_ATRegion0_src_addr       
00000000  __TI_ATRegion0_trg_addr       
00000000  __TI_ATRegion1_region_sz      
00000000  __TI_ATRegion1_src_addr       
00000000  __TI_ATRegion1_trg_addr       
00000000  __TI_ATRegion2_region_sz      
00000000  __TI_ATRegion2_src_addr       
00000000  __TI_ATRegion2_trg_addr       
000009a8  __TI_CINIT_Base               
000009b0  __TI_CINIT_Limit              
000009b0  __TI_CINIT_Warm               
000009a0  __TI_Handler_Table_Base       
000009a8  __TI_Handler_Table_Limit      
0000079d  __TI_auto_init_nobinit_nopinit
0000049d  __TI_decompress_lzss          
000008eb  __TI_decompress_none          
ffffffff  __TI_pprof_out_hndl           
000000c1  __TI_printfi_minimal          
ffffffff  __TI_prof_data_size           
ffffffff  __TI_prof_data_start          
00000000  __TI_static_base__            
0000088f  __aeabi_idiv0                 
00000925  __aeabi_memcpy                
00000925  __aeabi_memcpy4               
00000925  __aeabi_memcpy8               
000008fd  __aeabi_memset                
000008fd  __aeabi_memset4               
000008fd  __aeabi_memset8               
0000071d  __aeabi_uidiv                 
0000071d  __aeabi_uidivmod              
ffffffff  __binit__                     
UNDEFED   __mpu_init                    
20207e00  __stack                       
20200000  __start___llvm_prf_bits       
20200000  __start___llvm_prf_cnts       
20200000  __stop___llvm_prf_bits        
20200000  __stop___llvm_prf_cnts        
00000845  _c_int00_noargs               
20200000  _ftable                       
202000f0  _lock                         
00000923  _nop                          
UNDEFED   _system_post_cinit            
0000094b  _system_pre_init              
202000f4  _unlock                       
0000093d  abort                         
ffffffff  binit                         
00000345  delay_ms                      
000008c5  fputc                         
0000075d  fputs                         
00000000  interruptVectors              
000007d9  main                          
0000086d  memccpy                       
00000401  memcpy                        
00000585  memset                        
000005e9  printf                        


GLOBAL SYMBOLS: SORTED BY Symbol Address 

address   name                          
-------   ----                          
00000000  __TI_ATRegion0_region_sz      
00000000  __TI_ATRegion0_src_addr       
00000000  __TI_ATRegion0_trg_addr       
00000000  __TI_ATRegion1_region_sz      
00000000  __TI_ATRegion1_src_addr       
00000000  __TI_ATRegion1_trg_addr       
00000000  __TI_ATRegion2_region_sz      
00000000  __TI_ATRegion2_src_addr       
00000000  __TI_ATRegion2_trg_addr       
00000000  __TI_static_base__            
00000000  interruptVectors              
000000c1  __TI_printfi_minimal          
00000200  __STACK_SIZE                  
00000345  delay_ms                      
00000401  memcpy                        
0000049b  ADC0_IRQHandler               
0000049b  ADC1_IRQHandler               
0000049b  AES_IRQHandler                
0000049b  CANFD0_IRQHandler             
0000049b  DAC0_IRQHandler               
0000049b  DMA_IRQHandler                
0000049b  Default_Handler               
0000049b  GROUP0_IRQHandler             
0000049b  GROUP1_IRQHandler             
0000049b  HardFault_Handler             
0000049b  I2C0_IRQHandler               
0000049b  I2C1_IRQHandler               
0000049b  NMI_Handler                   
0000049b  PendSV_Handler                
0000049b  RTC_IRQHandler                
0000049b  SPI0_IRQHandler               
0000049b  SPI1_IRQHandler               
0000049b  SVC_Handler                   
0000049b  SysTick_Handler               
0000049b  TIMA0_IRQHandler              
0000049b  TIMA1_IRQHandler              
0000049b  TIMG0_IRQHandler              
0000049b  TIMG12_IRQHandler             
0000049b  TIMG6_IRQHandler              
0000049b  TIMG7_IRQHandler              
0000049b  TIMG8_IRQHandler              
0000049b  UART0_IRQHandler              
0000049b  UART1_IRQHandler              
0000049b  UART2_IRQHandler              
0000049b  UART3_IRQHandler              
0000049d  __TI_decompress_lzss          
00000519  SYSCFG_DL_UART_0_init         
00000585  memset                        
000005e7  LED_init                      
000005e9  printf                        
00000645  SYSCFG_DL_GPIO_init           
00000695  DL_UART_init                  
000006dd  SYSCFG_DL_SYSCTL_init         
0000071d  __aeabi_uidiv                 
0000071d  __aeabi_uidivmod              
0000075d  fputs                         
0000079d  __TI_auto_init_nobinit_nopinit
000007d9  main                          
00000811  SYSCFG_DL_initPower           
00000845  _c_int00_noargs               
0000086d  memccpy                       
0000088f  __aeabi_idiv0                 
00000891  DL_UART_transmitDataBlocking  
000008b1  SYSCFG_DL_init                
000008c5  fputc                         
000008d9  DL_UART_setClockConfig        
000008eb  __TI_decompress_none          
000008fd  __aeabi_memset                
000008fd  __aeabi_memset4               
000008fd  __aeabi_memset8               
00000919  DL_Common_delayCycles         
00000923  _nop                          
00000925  __aeabi_memcpy                
00000925  __aeabi_memcpy4               
00000925  __aeabi_memcpy8               
0000093d  abort                         
00000942  C$$EXIT                       
00000943  HOSTexit                      
00000947  Reset_Handler                 
0000094b  _system_pre_init              
000009a0  __TI_Handler_Table_Base       
000009a8  __TI_CINIT_Base               
000009a8  __TI_Handler_Table_Limit      
000009b0  __TI_CINIT_Limit              
000009b0  __TI_CINIT_Warm               
20200000  __start___llvm_prf_bits       
20200000  __start___llvm_prf_cnts       
20200000  __stop___llvm_prf_bits        
20200000  __stop___llvm_prf_cnts        
20200000  _ftable                       
202000f0  _lock                         
202000f4  _unlock                       
20207e00  __stack                       
20208000  __STACK_END                   
ffffffff  __TI_pprof_out_hndl           
ffffffff  __TI_prof_data_size           
ffffffff  __TI_prof_data_start          
ffffffff  __binit__                     
ffffffff  binit                         
UNDEFED   __mpu_init                    
UNDEFED   _system_post_cinit            

[101 symbols]
