******************************************************************************
            TI ARM Clang Linker PC v4.0.3                      
******************************************************************************
>> Linked Sun Dec 14 21:49:12 2025

OUTPUT FILE NAME:   <huidu_yjian.out>
ENTRY POINT SYMBOL: "_c_int00_noargs"  address: 00001d95


MEMORY CONFIGURATION

         name            origin    length      used     unused   attr    fill
----------------------  --------  ---------  --------  --------  ----  --------
  FLASH                 00000000   00020000  000021e0  0001de20  R  X
  SRAM                  20200000   00008000  00000c34  000073cc  RW X
  BCR_CONFIG            41c00000   000000ff  00000000  000000ff  R   
  BSL_CONFIG            41c00100   00000080  00000000  00000080  R   


SEGMENT ALLOCATION MAP

run origin  load origin   length   init length attrs members
----------  ----------- ---------- ----------- ----- -------
00000000    00000000    00001f88   00001f88    r-x
  00000000    00000000    000000c0   000000c0    r-- .intvecs
  000000c0    000000c0    00001ec8   00001ec8    r-x .text
00001ff0    00001ff0    000001f8   000001f8    r--
  00001ff0    00001ff0    00000190   00000190    r-- .rodata
  00002180    00002180    00000058   00000058    r-- .cinit
  000021d8    000021d8    00000010   00000010    r-- .binit
20200000    20200000    000009d4   00000000    rw-
  20200000    20200000    000008cc   00000000    rw- .bss
  202008cc    202008cc    00000108   00000000    rw- .data
202009d8    00001f88    00000060   00000060    r-x
  202009d8    00001f88    00000060   00000060    r-x .TI.ramfunc
20207e00    20207e00    00000200   00000000    rw-
  20207e00    20207e00    00000200   00000000    rw- .stack


SECTION ALLOCATION MAP

 output                                  attributes/
section   page    origin      length       input sections
--------  ----  ----------  ----------   ----------------
.intvecs   0    00000000    000000c0     
                  00000000    000000c0     startup_mspm0g350x_ticlang.o (.intvecs)

.text      0    000000c0    00001ec8     
                  000000c0    00000868     libc.a : _printfi.c.obj (.text:__TI_printfi_nofloat)
                  00000928    000002ac     eeprom_emulation_type_b.o (.text.EEPROM_TypeB_transferDataItem)
                  00000bd4    000001c0     empty.o (.text.main)
                  00000d94    00000198     data_process.o (.text.process_avg_and_restart_timer)
                  00000f2c    00000110     eeprom_emulation_type_b.o (.text.EEPROM_TypeB_writeDataItem)
                  0000103c    00000100     eeprom_emulation_type_b.o (.text.EEPROM_TypeB_init)
                  0000113c    000000e8     driverlib.a : dl_timer.o (.text.DL_Timer_initTimerMode)
                  00001224    000000d8                 : dl_flashctl.o (.text.DL_FlashCTL_unprotectSector)
                  000012fc    000000c0     ti_msp_dl_config.o (.text.SYSCFG_DL_ADC12_0_init)
                  000013bc    000000a8     eeprom_emulation_type_b.o (.text.EEPROM_TypeB_eraseNonActiveGroups)
                  00001464    000000a2     libclang_rt.builtins.a : udivmoddi4.S.obj (.text)
                  00001506    00000002     startup_mspm0g350x_ticlang.o (.text.Default_Handler)
                  00001508    000000a0     eeprom_emulation_type_b.o (.text.EEPROM_TypeB_eraseGroup)
                  000015a8    0000009a     libc.a : memcpy16.S.obj (.text:memcpy)
                  00001642    00000002     libclang_rt.builtins.a : aeabi_div0.c.obj (.text.__aeabi_idiv0)
                  00001644    00000094     eeprom_emulation_type_b.o (.text.EEPROM_TypeB_eraseAllGroups)
                  000016d8    0000007c     libc.a : copy_decompress_lzss.c.obj (.text:decompress:lzss)
                  00001754    00000070     eeprom_emulation_type_b.o (.text.EEPROM_TypeB_readDataItem)
                  000017c4    0000006c     ti_msp_dl_config.o (.text.SYSCFG_DL_UART_0_init)
                  00001830    00000062     libc.a : memset16.S.obj (.text:memset)
                  00001892    00000002     libclang_rt.builtins.a : aeabi_div0.c.obj (.text.__aeabi_ldiv0)
                  00001894    0000005c     ti_msp_dl_config.o (.text.SYSCFG_DL_GPIO_init)
                  000018f0    0000005c     key.o (.text.key_scan)
                  0000194c    0000005c     libc.a : printf.c.obj (.text.printf)
                  000019a8    0000004c     driverlib.a : dl_dma.o (.text.DL_DMA_initChannel)
                  000019f4    0000004c     libc.a : cpy_tbl.c.obj (.text.copy_in)
                  00001a40    0000004c            : autoinit.c.obj (.text:__TI_auto_init_nopinit)
                  00001a8c    00000048     driverlib.a : dl_uart.o (.text.DL_UART_init)
                  00001ad4    00000048     ti_msp_dl_config.o (.text.SYSCFG_DL_initPower)
                  00001b1c    00000040     driverlib.a : dl_adc12.o (.text.DL_ADC12_setClockConfig)
                  00001b5c    00000040     eeprom_emulation_type_b.o (.text.EEPROM_TypeB_write)
                  00001b9c    00000040     ti_msp_dl_config.o (.text.SYSCFG_DL_SYSCTL_init)
                  00001bdc    00000040     ti_msp_dl_config.o (.text.SYSCFG_DL_TIMER_0_init)
                  00001c1c    00000040     libclang_rt.builtins.a : aeabi_uidivmod.S.obj (.text.__aeabi_uidivmod)
                  00001c5c    00000040     libc.a : atoi.c.obj (.text.atoi)
                  00001c9c    00000040     UART.o (.text.fputs)
                  00001cdc    0000003a     libclang_rt.builtins.a : muldsi3.S.obj (.text.__muldsi3)
                  00001d16    00000002     libc.a : _lock.c.obj (.text._nop)
                  00001d18    0000002c     ti_msp_dl_config.o (.text.SYSCFG_DL_init)
                  00001d44    00000028     empty.o (.text.ADC0_IRQHandler)
                  00001d6c    00000028     driverlib.a : dl_flashctl.o (.text.DL_FlashCTL_programMemoryFromRAM64WithECCGenerated)
                  00001d94    00000028     libc.a : boot_cortex_m.c.obj (.text:_c_int00_noargs)
                  00001dbc    00000024     ti_msp_dl_config.o (.text.SYSCFG_DL_DMA_CH0_init)
                  00001de0    00000024     libclang_rt.builtins.a : muldi3.S.obj (.text.__muldi3)
                  00001e04    00000022     libc.a : memccpy.c.obj (.text.memccpy)
                  00001e26    00000002     key.o (.text.key_init)
                  00001e28    00000020     driverlib.a : dl_uart.o (.text.DL_UART_transmitDataBlocking)
                  00001e48    0000001e     libclang_rt.builtins.a : ashldi3.S.obj (.text.__ashldi3)
                  00001e66    00000002     --HOLE-- [fill = 0]
                  00001e68    0000001c     driverlib.a : dl_timer.o (.text.DL_Timer_setClockConfig)
                  00001e84    00000018                 : dl_flashctl.o (.text.DL_FlashCTL_eraseMemoryFromRAM)
                  00001e9c    00000014     libclang_rt.builtins.a : aeabi_uldivmod.S.obj (.text.__aeabi_uldivmod)
                  00001eb0    00000014     UART.o (.text.fputc)
                  00001ec4    00000012     driverlib.a : dl_uart.o (.text.DL_UART_setClockConfig)
                  00001ed6    00000012     libc.a : copy_decompress_none.c.obj (.text:decompress:none)
                  00001ee8    00000010            : wcslen.c.obj (.text.wcslen)
                  00001ef8    00000010            : copy_zero_init.c.obj (.text:decompress:ZI)
                  00001f08    0000000e     libclang_rt.builtins.a : aeabi_memset.S.obj (.text.__aeabi_memset)
                  00001f16    0000000e     libc.a : _printfi.c.obj (.text.strlen)
                  00001f24    0000000c     libclang_rt.builtins.a : aeabi_memset.S.obj (.text.__aeabi_memclr)
                  00001f30    0000000a     driverlib.a : dl_common.o (.text.DL_Common_delayCycles)
                  00001f3a    00000008     ti_msp_dl_config.o (.text.SYSCFG_DL_DMA_init)
                  00001f42    00000002     --HOLE-- [fill = 0]
                  00001f44    00000008     libc.a : aeabi_portable.c.obj (.text.__aeabi_errno_addr)
                  00001f4c    00000008     libclang_rt.builtins.a : aeabi_memcpy.S.obj (.text.__aeabi_memcpy)
                  00001f54    00000008     libc.a : printf.c.obj (.text._outc)
                  00001f5c    00000008            : printf.c.obj (.text._outs)
                  00001f64    00000006            : exit.c.obj (.text:abort)
                  00001f6a    00000004     libsysbm.a : hostexit.c.obj (.text.HOSTexit)
                  00001f6e    00000004     startup_mspm0g350x_ticlang.o (.text.Reset_Handler)
                  00001f72    00000004     libc.a : pre_init.c.obj (.text._system_pre_init)
                  00001f76    00000002     --HOLE-- [fill = 0]
                  00001f78    00000010     driverlib.a : dl_flashctl.o (.tramp.DL_FlashCTL_executeCommandFromRAM.1)

.TI.ramfunc 
*          0    00001f88    00000060     RUN ADDR = 202009d8
                  00001f88    00000060     driverlib.a : dl_flashctl.o (.TI.ramfunc)

.cinit     0    00002180    00000058     
                  00002180    0000002e     (.cinit..data.load) [load image, compression = lzss]
                  000021ae    00000002     --HOLE-- [fill = 0]
                  000021b0    0000000c     (__TI_handler_table)
                  000021bc    00000008     (.cinit..bss.load) [load image, compression = zero_init]
                  000021c4    00000010     (__TI_cinit_table)
                  000021d4    00000004     --HOLE-- [fill = 0]

.rodata    0    00001ff0    00000190     
                  00001ff0    00000101     libc.a : aeabi_ctype.S.obj (.rodata:__aeabi_ctype_table_)
                  000020f1    00000003     ti_msp_dl_config.o (.rodata.gTIMER_0ClockConfig)
                  000020f4    00000018     ti_msp_dl_config.o (.rodata.gDMA_CH0Config)
                  0000210c    00000014     ti_msp_dl_config.o (.rodata.gTIMER_0TimerConfig)
                  00002120    00000013     empty.o (.rodata.str1.9517790425240694019.1)
                  00002133    00000011     libc.a : _printfi.c.obj (.rodata.str1.10348868589481759720.1)
                  00002144    00000011            : _printfi.c.obj (.rodata.str1.15363888844622738466.1)
                  00002155    00000010     data_process.o (.rodata.str1.6400394022080225838.1)
                  00002165    00000001     --HOLE-- [fill = 0]
                  00002166    0000000a     ti_msp_dl_config.o (.rodata.gUART_0Config)
                  00002170    00000008     ti_msp_dl_config.o (.rodata.gADC12_0ClockConfig)
                  00002178    00000002     ti_msp_dl_config.o (.rodata.gUART_0ClockConfig)
                  0000217a    00000006     --HOLE-- [fill = 0]

.init_array 
*          0    00000000    00000000     UNINITIALIZED

.binit     0    000021d8    00000010     
                  000021d8    00000010     (.binit)

.bss       0    20200000    000008cc     UNINITIALIZED
                  20200000    000007d0     (.common:gADCSamples)
                  202007d0    000000bc     (.common:gTIMER_0Backup)
                  2020088c    00000020     (.common:avg)
                  202008ac    00000020     (.common:last_avg)

.data      0    202008cc    00000108     UNINITIALIZED
                  202008cc    000000f0     libc.a : defs.c.obj (.data._ftable)
                  202009bc    00000004            : aeabi_portable.c.obj (.data.__aeabi_errno)
                  202009c0    00000004            : _lock.c.obj (.data._lock)
                  202009c4    00000004            : _lock.c.obj (.data._unlock)
                  202009c8    00000004     empty.o (.data.flag)
                  202009cc    00000002     eeprom_emulation_type_b.o (.data.gActiveDataItemNum)
                  202009ce    00000002     eeprom_emulation_type_b.o (.data.gActiveGroupNum)
                  202009d0    00000001     eeprom_emulation_type_b.o (.data.gEEPROMTypeBEraseFlag)
                  202009d1    00000001     eeprom_emulation_type_b.o (.data.gEEPROMTypeBSearchFlag)
                  202009d2    00000001     eeprom_emulation_type_b.o (.data.gEEPROMTypeBTransferInProgressFlag)
                  202009d3    00000001     key.o (.data.key_scan.key_up)

.stack     0    20207e00    00000200     UNINITIALIZED
                  20207e00    00000004     libc.a : boot_cortex_m.c.obj (.stack)
                  20207e04    000001fc     --HOLE--

__llvm_prf_cnts 
*          0    20200000    00000000     UNINITIALIZED

__llvm_prf_bits 
*          0    20200000    00000000     UNINITIALIZED

MODULE SUMMARY

       Module                         code   ro data   rw data
       ------                         ----   -------   -------
    .\
       empty.o                        488    19        2068   
       ti_msp_dl_config.o             680    67        188    
       data_process.o                 408    16        0      
       startup_mspm0g350x_ticlang.o   6      192       0      
       key.o                          94     0         1      
       UART.o                         84     0         0      
    +--+------------------------------+------+---------+---------+
       Total:                         1760   294       2257   
                                                              
    .\ti\eeprom\emulation_type_b\
       eeprom_emulation_type_b.o      1864   0         7      
    +--+------------------------------+------+---------+---------+
       Total:                         1864   0         7      
                                                              
    D:/MCU/CCS/mspm0_sdk_2_05_01_00/source/ti/driverlib/lib/ticlang/m0p/mspm0g1x0x_g3x0x/driverlib.a
       dl_flashctl.o                  488    0         0      
       dl_timer.o                     260    0         0      
       dl_uart.o                      122    0         0      
       dl_dma.o                       76     0         0      
       dl_adc12.o                     64     0         0      
       dl_common.o                    10     0         0      
    +--+------------------------------+------+---------+---------+
       Total:                         1020   0         0      
                                                              
    D:\MCU\CCS\ccs\tools\compiler\ti-cgt-armllvm_4.0.3.LTS\lib\armv6m-ti-none-eabi/c/libc.a
       _printfi.c.obj                 2166   34        0      
       aeabi_ctype.S.obj              0      257       0      
       defs.c.obj                     0      0         240    
       memcpy16.S.obj                 154    0         0      
       copy_decompress_lzss.c.obj     124    0         0      
       printf.c.obj                   108    0         0      
       memset16.S.obj                 98     0         0      
       autoinit.c.obj                 76     0         0      
       cpy_tbl.c.obj                  76     0         0      
       atoi.c.obj                     64     0         0      
       boot_cortex_m.c.obj            40     0         0      
       memccpy.c.obj                  34     0         0      
       copy_decompress_none.c.obj     18     0         0      
       copy_zero_init.c.obj           16     0         0      
       wcslen.c.obj                   16     0         0      
       aeabi_portable.c.obj           8      0         4      
       _lock.c.obj                    2      0         8      
       exit.c.obj                     6      0         0      
       pre_init.c.obj                 4      0         0      
    +--+------------------------------+------+---------+---------+
       Total:                         3010   291       252    
                                                              
    D:\MCU\CCS\ccs\tools\compiler\ti-cgt-armllvm_4.0.3.LTS\lib\armv6m-ti-none-eabi/c/libsysbm.a
       hostexit.c.obj                 4      0         0      
    +--+------------------------------+------+---------+---------+
       Total:                         4      0         0      
                                                              
    D:\MCU\CCS\ccs\tools\compiler\ti-cgt-armllvm_4.0.3.LTS\lib\armv6m-ti-none-eabi/libclang_rt.builtins.a
       udivmoddi4.S.obj               162    0         0      
       aeabi_uidivmod.S.obj           64     0         0      
       muldsi3.S.obj                  58     0         0      
       muldi3.S.obj                   36     0         0      
       ashldi3.S.obj                  30     0         0      
       aeabi_memset.S.obj             26     0         0      
       aeabi_uldivmod.S.obj           20     0         0      
       aeabi_memcpy.S.obj             8      0         0      
       aeabi_div0.c.obj               4      0         0      
    +--+------------------------------+------+---------+---------+
       Total:                         408    0         0      
                                                              
       Stack:                         0      0         512    
       Linker Generated:              0      98        0      
    +--+------------------------------+------+---------+---------+
       Grand Total:                   8066   683       3028   


LINKER GENERATED COPY TABLES

__TI_cinit_table @ 000021c4 records: 2, size/record: 8, table size: 16
	.data: load addr=00002180, load size=0000002e bytes, run addr=202008cc, run size=00000108 bytes, compression=lzss
	.bss: load addr=000021bc, load size=00000008 bytes, run addr=20200000, run size=000008cc bytes, compression=zero_init
binit @ 000021d8 records: 1, size/record: 12, table size: 16
	.TI.ramfunc: load addr=00001f88, load size=00000060, run addr=202009d8, run size=00000060, compression=none


LINKER GENERATED HANDLER TABLE

__TI_handler_table @ 000021b0 records: 3, size/record: 4, table size: 12
	index: 0, handler: __TI_decompress_lzss
	index: 1, handler: __TI_decompress_none
	index: 2, handler: __TI_zero_init


FAR CALL TRAMPOLINES

callee name               trampoline name
   callee addr  tramp addr   call addr  call info
--------------  -----------  ---------  ----------------
DL_FlashCTL_executeCommandFromRAM  $Tramp$TT$L$PI$$DL_FlashCTL_executeCommandFromRAM
   202009d9     00001f78     00001d84   driverlib.a : dl_flashctl.o (.text.DL_FlashCTL_programMemoryFromRAM64WithECCGenerated)
                             00001e92               : dl_flashctl.o (.text.DL_FlashCTL_eraseMemoryFromRAM)

[1 trampolines]
[2 trampoline calls]


GLOBAL SYMBOLS: SORTED ALPHABETICALLY BY Name 

address   name                                              
-------   ----                                              
00001d45  ADC0_IRQHandler                                   
00001507  ADC1_IRQHandler                                   
00001507  AES_IRQHandler                                    
00001f6a  C$$EXIT                                           
00001507  CANFD0_IRQHandler                                 
00001507  DAC0_IRQHandler                                   
00001b1d  DL_ADC12_setClockConfig                           
00001f31  DL_Common_delayCycles                             
000019a9  DL_DMA_initChannel                                
00001e85  DL_FlashCTL_eraseMemoryFromRAM                    
00001d6d  DL_FlashCTL_programMemoryFromRAM64WithECCGenerated
00001225  DL_FlashCTL_unprotectSector                       
0000113d  DL_Timer_initTimerMode                            
00001e69  DL_Timer_setClockConfig                           
00001a8d  DL_UART_init                                      
00001ec5  DL_UART_setClockConfig                            
00001e29  DL_UART_transmitDataBlocking                      
00001507  DMA_IRQHandler                                    
00001507  Default_Handler                                   
00001645  EEPROM_TypeB_eraseAllGroups                       
00001509  EEPROM_TypeB_eraseGroup                           
000013bd  EEPROM_TypeB_eraseNonActiveGroups                 
0000103d  EEPROM_TypeB_init                                 
00001755  EEPROM_TypeB_readDataItem                         
00000929  EEPROM_TypeB_transferDataItem                     
00001b5d  EEPROM_TypeB_write                                
00000f2d  EEPROM_TypeB_writeDataItem                        
00001507  GROUP0_IRQHandler                                 
00001507  GROUP1_IRQHandler                                 
00001f6b  HOSTexit                                          
00001507  HardFault_Handler                                 
00001507  I2C0_IRQHandler                                   
00001507  I2C1_IRQHandler                                   
00001507  NMI_Handler                                       
00001507  PendSV_Handler                                    
00001507  RTC_IRQHandler                                    
00001f6f  Reset_Handler                                     
00001507  SPI0_IRQHandler                                   
00001507  SPI1_IRQHandler                                   
00001507  SVC_Handler                                       
000012fd  SYSCFG_DL_ADC12_0_init                            
00001dbd  SYSCFG_DL_DMA_CH0_init                            
00001f3b  SYSCFG_DL_DMA_init                                
00001895  SYSCFG_DL_GPIO_init                               
00001b9d  SYSCFG_DL_SYSCTL_init                             
00001bdd  SYSCFG_DL_TIMER_0_init                            
000017c5  SYSCFG_DL_UART_0_init                             
00001d19  SYSCFG_DL_init                                    
00001ad5  SYSCFG_DL_initPower                               
00001507  SysTick_Handler                                   
00001507  TIMA0_IRQHandler                                  
00001507  TIMA1_IRQHandler                                  
00001507  TIMG0_IRQHandler                                  
00001507  TIMG12_IRQHandler                                 
00001507  TIMG6_IRQHandler                                  
00001507  TIMG7_IRQHandler                                  
00001507  TIMG8_IRQHandler                                  
00001507  UART0_IRQHandler                                  
00001507  UART1_IRQHandler                                  
00001507  UART2_IRQHandler                                  
00001507  UART3_IRQHandler                                  
20208000  __STACK_END                                       
00000200  __STACK_SIZE                                      
00000000  __TI_ATRegion0_region_sz                          
00000000  __TI_ATRegion0_src_addr                           
00000000  __TI_ATRegion0_trg_addr                           
00000000  __TI_ATRegion1_region_sz                          
00000000  __TI_ATRegion1_src_addr                           
00000000  __TI_ATRegion1_trg_addr                           
00000000  __TI_ATRegion2_region_sz                          
00000000  __TI_ATRegion2_src_addr                           
00000000  __TI_ATRegion2_trg_addr                           
000021c4  __TI_CINIT_Base                                   
000021d4  __TI_CINIT_Limit                                  
000021d4  __TI_CINIT_Warm                                   
000021b0  __TI_Handler_Table_Base                           
000021bc  __TI_Handler_Table_Limit                          
00001a41  __TI_auto_init_nopinit                            
000016d9  __TI_decompress_lzss                              
00001ed7  __TI_decompress_none                              
ffffffff  __TI_pprof_out_hndl                               
000000c1  __TI_printfi_nofloat                              
ffffffff  __TI_prof_data_size                               
ffffffff  __TI_prof_data_start                              
00000000  __TI_static_base__                                
000021d8  __TI_table_binit                                  
00001ef9  __TI_zero_init                                    
00001ff0  __aeabi_ctype_table_                              
00001ff0  __aeabi_ctype_table_C                             
202009bc  __aeabi_errno                                     
00001f45  __aeabi_errno_addr                                
00001643  __aeabi_idiv0                                     
00001893  __aeabi_ldiv0                                     
00001e49  __aeabi_llsl                                      
00001de1  __aeabi_lmul                                      
00001f25  __aeabi_memclr                                    
00001f25  __aeabi_memclr4                                   
00001f25  __aeabi_memclr8                                   
00001f4d  __aeabi_memcpy                                    
00001f4d  __aeabi_memcpy4                                   
00001f4d  __aeabi_memcpy8                                   
00001f09  __aeabi_memset                                    
00001f09  __aeabi_memset4                                   
00001f09  __aeabi_memset8                                   
00001c1d  __aeabi_uidiv                                     
00001c1d  __aeabi_uidivmod                                  
00001e9d  __aeabi_uldivmod                                  
00001e49  __ashldi3                                         
000021d8  __binit__                                         
UNDEFED   __mpu_init                                        
00001de1  __muldi3                                          
00001cdd  __muldsi3                                         
20207e00  __stack                                           
20200000  __start___llvm_prf_bits                           
20200000  __start___llvm_prf_cnts                           
20200000  __stop___llvm_prf_bits                            
20200000  __stop___llvm_prf_cnts                            
00001465  __udivmoddi4                                      
00001d95  _c_int00_noargs                                   
202008cc  _ftable                                           
202009c0  _lock                                             
00001d17  _nop                                              
UNDEFED   _system_post_cinit                                
00001f73  _system_pre_init                                  
202009c4  _unlock                                           
00001f65  abort                                             
00001c5d  atoi                                              
2020088c  avg                                               
000021d8  binit                                             
000019f5  copy_in                                           
202009c8  flag                                              
00001eb1  fputc                                             
00001c9d  fputs                                             
20200000  gADCSamples                                       
202009cc  gActiveDataItemNum                                
202009ce  gActiveGroupNum                                   
202009d0  gEEPROMTypeBEraseFlag                             
202009d1  gEEPROMTypeBSearchFlag                            
202009d2  gEEPROMTypeBTransferInProgressFlag                
202007d0  gTIMER_0Backup                                    
00000000  interruptVectors                                  
00001e27  key_init                                          
000018f1  key_scan                                          
202008ac  last_avg                                          
00000bd5  main                                              
00001e05  memccpy                                           
000015a9  memcpy                                            
00001831  memset                                            
0000194d  printf                                            
00000d95  process_avg_and_restart_timer                     
00001ee9  wcslen                                            


GLOBAL SYMBOLS: SORTED BY Symbol Address 

address   name                                              
-------   ----                                              
00000000  __TI_ATRegion0_region_sz                          
00000000  __TI_ATRegion0_src_addr                           
00000000  __TI_ATRegion0_trg_addr                           
00000000  __TI_ATRegion1_region_sz                          
00000000  __TI_ATRegion1_src_addr                           
00000000  __TI_ATRegion1_trg_addr                           
00000000  __TI_ATRegion2_region_sz                          
00000000  __TI_ATRegion2_src_addr                           
00000000  __TI_ATRegion2_trg_addr                           
00000000  __TI_static_base__                                
00000000  interruptVectors                                  
000000c1  __TI_printfi_nofloat                              
00000200  __STACK_SIZE                                      
00000929  EEPROM_TypeB_transferDataItem                     
00000bd5  main                                              
00000d95  process_avg_and_restart_timer                     
00000f2d  EEPROM_TypeB_writeDataItem                        
0000103d  EEPROM_TypeB_init                                 
0000113d  DL_Timer_initTimerMode                            
00001225  DL_FlashCTL_unprotectSector                       
000012fd  SYSCFG_DL_ADC12_0_init                            
000013bd  EEPROM_TypeB_eraseNonActiveGroups                 
00001465  __udivmoddi4                                      
00001507  ADC1_IRQHandler                                   
00001507  AES_IRQHandler                                    
00001507  CANFD0_IRQHandler                                 
00001507  DAC0_IRQHandler                                   
00001507  DMA_IRQHandler                                    
00001507  Default_Handler                                   
00001507  GROUP0_IRQHandler                                 
00001507  GROUP1_IRQHandler                                 
00001507  HardFault_Handler                                 
00001507  I2C0_IRQHandler                                   
00001507  I2C1_IRQHandler                                   
00001507  NMI_Handler                                       
00001507  PendSV_Handler                                    
00001507  RTC_IRQHandler                                    
00001507  SPI0_IRQHandler                                   
00001507  SPI1_IRQHandler                                   
00001507  SVC_Handler                                       
00001507  SysTick_Handler                                   
00001507  TIMA0_IRQHandler                                  
00001507  TIMA1_IRQHandler                                  
00001507  TIMG0_IRQHandler                                  
00001507  TIMG12_IRQHandler                                 
00001507  TIMG6_IRQHandler                                  
00001507  TIMG7_IRQHandler                                  
00001507  TIMG8_IRQHandler                                  
00001507  UART0_IRQHandler                                  
00001507  UART1_IRQHandler                                  
00001507  UART2_IRQHandler                                  
00001507  UART3_IRQHandler                                  
00001509  EEPROM_TypeB_eraseGroup                           
000015a9  memcpy                                            
00001643  __aeabi_idiv0                                     
00001645  EEPROM_TypeB_eraseAllGroups                       
000016d9  __TI_decompress_lzss                              
00001755  EEPROM_TypeB_readDataItem                         
000017c5  SYSCFG_DL_UART_0_init                             
00001831  memset                                            
00001893  __aeabi_ldiv0                                     
00001895  SYSCFG_DL_GPIO_init                               
000018f1  key_scan                                          
0000194d  printf                                            
000019a9  DL_DMA_initChannel                                
000019f5  copy_in                                           
00001a41  __TI_auto_init_nopinit                            
00001a8d  DL_UART_init                                      
00001ad5  SYSCFG_DL_initPower                               
00001b1d  DL_ADC12_setClockConfig                           
00001b5d  EEPROM_TypeB_write                                
00001b9d  SYSCFG_DL_SYSCTL_init                             
00001bdd  SYSCFG_DL_TIMER_0_init                            
00001c1d  __aeabi_uidiv                                     
00001c1d  __aeabi_uidivmod                                  
00001c5d  atoi                                              
00001c9d  fputs                                             
00001cdd  __muldsi3                                         
00001d17  _nop                                              
00001d19  SYSCFG_DL_init                                    
00001d45  ADC0_IRQHandler                                   
00001d6d  DL_FlashCTL_programMemoryFromRAM64WithECCGenerated
00001d95  _c_int00_noargs                                   
00001dbd  SYSCFG_DL_DMA_CH0_init                            
00001de1  __aeabi_lmul                                      
00001de1  __muldi3                                          
00001e05  memccpy                                           
00001e27  key_init                                          
00001e29  DL_UART_transmitDataBlocking                      
00001e49  __aeabi_llsl                                      
00001e49  __ashldi3                                         
00001e69  DL_Timer_setClockConfig                           
00001e85  DL_FlashCTL_eraseMemoryFromRAM                    
00001e9d  __aeabi_uldivmod                                  
00001eb1  fputc                                             
00001ec5  DL_UART_setClockConfig                            
00001ed7  __TI_decompress_none                              
00001ee9  wcslen                                            
00001ef9  __TI_zero_init                                    
00001f09  __aeabi_memset                                    
00001f09  __aeabi_memset4                                   
00001f09  __aeabi_memset8                                   
00001f25  __aeabi_memclr                                    
00001f25  __aeabi_memclr4                                   
00001f25  __aeabi_memclr8                                   
00001f31  DL_Common_delayCycles                             
00001f3b  SYSCFG_DL_DMA_init                                
00001f45  __aeabi_errno_addr                                
00001f4d  __aeabi_memcpy                                    
00001f4d  __aeabi_memcpy4                                   
00001f4d  __aeabi_memcpy8                                   
00001f65  abort                                             
00001f6a  C$$EXIT                                           
00001f6b  HOSTexit                                          
00001f6f  Reset_Handler                                     
00001f73  _system_pre_init                                  
00001ff0  __aeabi_ctype_table_                              
00001ff0  __aeabi_ctype_table_C                             
000021b0  __TI_Handler_Table_Base                           
000021bc  __TI_Handler_Table_Limit                          
000021c4  __TI_CINIT_Base                                   
000021d4  __TI_CINIT_Limit                                  
000021d4  __TI_CINIT_Warm                                   
000021d8  __TI_table_binit                                  
000021d8  __binit__                                         
000021d8  binit                                             
20200000  __start___llvm_prf_bits                           
20200000  __start___llvm_prf_cnts                           
20200000  __stop___llvm_prf_bits                            
20200000  __stop___llvm_prf_cnts                            
20200000  gADCSamples                                       
202007d0  gTIMER_0Backup                                    
2020088c  avg                                               
202008ac  last_avg                                          
202008cc  _ftable                                           
202009bc  __aeabi_errno                                     
202009c0  _lock                                             
202009c4  _unlock                                           
202009c8  flag                                              
202009cc  gActiveDataItemNum                                
202009ce  gActiveGroupNum                                   
202009d0  gEEPROMTypeBEraseFlag                             
202009d1  gEEPROMTypeBSearchFlag                            
202009d2  gEEPROMTypeBTransferInProgressFlag                
20207e00  __stack                                           
20208000  __STACK_END                                       
ffffffff  __TI_pprof_out_hndl                               
ffffffff  __TI_prof_data_size                               
ffffffff  __TI_prof_data_start                              
UNDEFED   __mpu_init                                        
UNDEFED   _system_post_cinit                                

[151 symbols]
